Archive member included to satisfy reference by file (symbol)

c:/progra~1/raspbe~1/picosd~1.0/gcc-ar~1/bin/../lib/gcc/arm-none-eabi/10.3.1/thumb/v6-m/nofp\libgcc.a(_dvmd_tls.o)
                              CMakeFiles/hello_world.dir/C_/Program_Files/Raspberry_Pi/Pico_SDK_v1.5.0/pico-sdk/src/rp2_common/pico_divider/divider.S.obj (__aeabi_idiv0)
c:/progra~1/raspbe~1/picosd~1.0/gcc-ar~1/bin/../lib/gcc/arm-none-eabi/10.3.1/../../../../arm-none-eabi/lib/thumb/v6-m/nofp\libg.a(lib_a-calloc.o)
                              CMakeFiles/hello_world.dir/C_/Program_Files/Raspberry_Pi/Pico_SDK_v1.5.0/pico-sdk/src/rp2_common/pico_malloc/pico_malloc.c.obj (calloc)
c:/progra~1/raspbe~1/picosd~1.0/gcc-ar~1/bin/../lib/gcc/arm-none-eabi/10.3.1/../../../../arm-none-eabi/lib/thumb/v6-m/nofp\libg.a(lib_a-callocr.o)
                              c:/progra~1/raspbe~1/picosd~1.0/gcc-ar~1/bin/../lib/gcc/arm-none-eabi/10.3.1/../../../../arm-none-eabi/lib/thumb/v6-m/nofp\libg.a(lib_a-calloc.o) (_calloc_r)
c:/progra~1/raspbe~1/picosd~1.0/gcc-ar~1/bin/../lib/gcc/arm-none-eabi/10.3.1/../../../../arm-none-eabi/lib/thumb/v6-m/nofp\libg.a(lib_a-errno.o)
                              c:/progra~1/raspbe~1/picosd~1.0/gcc-ar~1/bin/../lib/gcc/arm-none-eabi/10.3.1/../../../../arm-none-eabi/lib/thumb/v6-m/nofp\libg.a(lib_a-callocr.o) (__errno)
c:/progra~1/raspbe~1/picosd~1.0/gcc-ar~1/bin/../lib/gcc/arm-none-eabi/10.3.1/../../../../arm-none-eabi/lib/thumb/v6-m/nofp\libg.a(lib_a-impure.o)
                              c:/progra~1/raspbe~1/picosd~1.0/gcc-ar~1/bin/../lib/gcc/arm-none-eabi/10.3.1/../../../../arm-none-eabi/lib/thumb/v6-m/nofp\libg.a(lib_a-calloc.o) (_impure_ptr)
c:/progra~1/raspbe~1/picosd~1.0/gcc-ar~1/bin/../lib/gcc/arm-none-eabi/10.3.1/../../../../arm-none-eabi/lib/thumb/v6-m/nofp\libg.a(lib_a-init.o)
                              c:/progra~1/raspbe~1/picosd~1.0/gcc-ar~1/bin/../lib/gcc/arm-none-eabi/10.3.1/../../../../arm-none-eabi/lib/thumb/v6-m/nofp/crt0.o (__libc_init_array)
c:/progra~1/raspbe~1/picosd~1.0/gcc-ar~1/bin/../lib/gcc/arm-none-eabi/10.3.1/../../../../arm-none-eabi/lib/thumb/v6-m/nofp\libg.a(lib_a-malloc.o)
                              CMakeFiles/hello_world.dir/C_/Program_Files/Raspberry_Pi/Pico_SDK_v1.5.0/pico-sdk/src/rp2_common/pico_malloc/pico_malloc.c.obj (malloc)
c:/progra~1/raspbe~1/picosd~1.0/gcc-ar~1/bin/../lib/gcc/arm-none-eabi/10.3.1/../../../../arm-none-eabi/lib/thumb/v6-m/nofp\libg.a(lib_a-mallocr.o)
                              c:/progra~1/raspbe~1/picosd~1.0/gcc-ar~1/bin/../lib/gcc/arm-none-eabi/10.3.1/../../../../arm-none-eabi/lib/thumb/v6-m/nofp\libg.a(lib_a-callocr.o) (_malloc_r)
c:/progra~1/raspbe~1/picosd~1.0/gcc-ar~1/bin/../lib/gcc/arm-none-eabi/10.3.1/../../../../arm-none-eabi/lib/thumb/v6-m/nofp\libg.a(lib_a-mlock.o)
                              c:/progra~1/raspbe~1/picosd~1.0/gcc-ar~1/bin/../lib/gcc/arm-none-eabi/10.3.1/../../../../arm-none-eabi/lib/thumb/v6-m/nofp\libg.a(lib_a-mallocr.o) (__malloc_lock)
c:/progra~1/raspbe~1/picosd~1.0/gcc-ar~1/bin/../lib/gcc/arm-none-eabi/10.3.1/../../../../arm-none-eabi/lib/thumb/v6-m/nofp\libg.a(lib_a-realloc.o)
                              CMakeFiles/hello_world.dir/C_/Program_Files/Raspberry_Pi/Pico_SDK_v1.5.0/pico-sdk/src/rp2_common/pico_malloc/pico_malloc.c.obj (realloc)
c:/progra~1/raspbe~1/picosd~1.0/gcc-ar~1/bin/../lib/gcc/arm-none-eabi/10.3.1/../../../../arm-none-eabi/lib/thumb/v6-m/nofp\libg.a(lib_a-reallocr.o)
                              c:/progra~1/raspbe~1/picosd~1.0/gcc-ar~1/bin/../lib/gcc/arm-none-eabi/10.3.1/../../../../arm-none-eabi/lib/thumb/v6-m/nofp\libg.a(lib_a-realloc.o) (_realloc_r)
c:/progra~1/raspbe~1/picosd~1.0/gcc-ar~1/bin/../lib/gcc/arm-none-eabi/10.3.1/../../../../arm-none-eabi/lib/thumb/v6-m/nofp\libg.a(lib_a-sbrkr.o)
                              c:/progra~1/raspbe~1/picosd~1.0/gcc-ar~1/bin/../lib/gcc/arm-none-eabi/10.3.1/../../../../arm-none-eabi/lib/thumb/v6-m/nofp\libg.a(lib_a-mallocr.o) (_sbrk_r)
c:/progra~1/raspbe~1/picosd~1.0/gcc-ar~1/bin/../lib/gcc/arm-none-eabi/10.3.1/../../../../arm-none-eabi/lib/thumb/v6-m/nofp\libg.a(lib_a-strlen-stub.o)
                              CMakeFiles/hello_world.dir/C_/Program_Files/Raspberry_Pi/Pico_SDK_v1.5.0/pico-sdk/src/rp2_common/pico_stdio/stdio.c.obj (strlen)
c:/progra~1/raspbe~1/picosd~1.0/gcc-ar~1/bin/../lib/gcc/arm-none-eabi/10.3.1/../../../../arm-none-eabi/lib/thumb/v6-m/nofp\libg.a(lib_a-freer.o)
                              c:/progra~1/raspbe~1/picosd~1.0/gcc-ar~1/bin/../lib/gcc/arm-none-eabi/10.3.1/../../../../arm-none-eabi/lib/thumb/v6-m/nofp\libg.a(lib_a-malloc.o) (_free_r)
c:/progra~1/raspbe~1/picosd~1.0/gcc-ar~1/bin/../lib/gcc/arm-none-eabi/10.3.1/../../../../arm-none-eabi/lib/thumb/v6-m/nofp\libg.a(lib_a-lock.o)
                              c:/progra~1/raspbe~1/picosd~1.0/gcc-ar~1/bin/../lib/gcc/arm-none-eabi/10.3.1/../../../../arm-none-eabi/lib/thumb/v6-m/nofp\libg.a(lib_a-mlock.o) (__retarget_lock_acquire_recursive)
[...]
Memory Configuration

Name             Origin             Length             Attributes
FLASH            0x10000000         0x00200000         xr
RAM              0x20000000         0x00040000         xrw
SCRATCH_X        0x20040000         0x00001000         xrw
SCRATCH_Y        0x20041000         0x00001000         xrw
*default*        0x00000000         0xffffffff

Linker script and memory map

LOAD c:/progra~1/raspbe~1/picosd~1.0/gcc-ar~1/bin/../lib/gcc/arm-none-eabi/10.3.1/thumb/v6-m/nofp/crti.o
LOAD c:/progra~1/raspbe~1/picosd~1.0/gcc-ar~1/bin/../lib/gcc/arm-none-eabi/10.3.1/thumb/v6-m/nofp/crtbegin.o
LOAD c:/progra~1/raspbe~1/picosd~1.0/gcc-ar~1/bin/../lib/gcc/arm-none-eabi/10.3.1/../../../../arm-none-eabi/lib/thumb/v6-m/nofp/crt0.o

.flash_begin    0x10000000        0x0
                0x10000000                __flash_binary_start = .

.boot2          0x10000000      0x100
                0x10000000                __boot2_start__ = .
 *(.boot2)
 .boot2         0x10000000      0x100 C:\Users\Rui\AppData\Local\Temp\ccatb3V1.o
                0x10000100                __boot2_end__ = .
                0x00000001                ASSERT (((__boot2_end__ - __boot2_start__) == 0x100), ERROR: Pico second stage bootloader must be 256 bytes in size)

.text           0x10000100     0x6f98
                0x10000100                __logical_binary_start = .
 *(.vectors)
 .vectors       0x10000100       0xd4 CMakeFiles/hello_world.dir/C_/Program_Files/Raspberry_Pi/Pico_SDK_v1.5.0/pico-sdk/src/rp2_common/pico_standard_link/crt0.S.obj
                0x10000100                __VECTOR_TABLE
                0x10000100                __vectors
                0x100001c0                isr_invalid
                0x100001c0                __default_isrs_start
                0x100001c2                isr_nmi
                0x100001c4                isr_hardfault
                0x100001c6                isr_svcall
                0x100001c8                isr_pendsv
                0x100001ca                isr_systick
                0x100001cc                isr_irq23
                0x100001cc                isr_irq18
                0x100001cc                isr_irq11
                0x100001cc                isr_irq28
                0x100001cc                isr_irq19
                0x100001cc                isr_irq0
                0x100001cc                isr_irq6
                0x100001cc                isr_irq5
                0x100001cc                isr_irq12
                0x100001cc                isr_irq22
                0x100001cc                isr_irq31
                0x100001cc                isr_irq17
                0x100001cc                isr_irq27
                0x100001cc                isr_irq30
                0x100001cc                isr_irq2
                0x100001cc                isr_irq10
                0x100001cc                isr_irq8
                0x100001cc                isr_irq24
                0x100001cc                isr_irq1
                0x100001cc                isr_irq7
                0x100001cc                isr_irq21
                0x100001cc                isr_irq20
                0x100001cc                isr_irq15
                0x100001cc                isr_irq25
                0x100001cc                isr_irq13
                0x100001cc                __unhandled_user_irq
                0x100001cc                isr_irq4
                0x100001cc                isr_irq16
                0x100001cc                isr_irq29
                0x100001cc                isr_irq26
                0x100001cc                __default_isrs_end
                0x100001cc                isr_irq3
                0x100001cc                isr_irq14
                0x100001cc                isr_irq9
                0x100001d2                unhandled_user_irq_num_in_r0
 *(.binary_info_header)
 .binary_info_header
                0x100001d4       0x14 CMakeFiles/hello_world.dir/C_/Program_Files/Raspberry_Pi/Pico_SDK_v1.5.0/pico-sdk/src/rp2_common/pico_standard_link/crt0.S.obj
                0x100001e8                __binary_info_header_end = .
 *(.reset)
 .reset         0x100001e8       0xa0 CMakeFiles/hello_world.dir/C_/Program_Files/Raspberry_Pi/Pico_SDK_v1.5.0/pico-sdk/src/rp2_common/pico_standard_link/crt0.S.obj
                0x100001e8                _entry_point
 .reset         0x10000288       0x30 CMakeFiles/hello_world.dir/C_/Program_Files/Raspberry_Pi/Pico_SDK_v1.5.0/pico-sdk/src/rp2_common/pico_standard_link/binary_info.c.obj
 *(.init)
 .init          0x100002b8        0x4 c:/progra~1/raspbe~1/picosd~1.0/gcc-ar~1/bin/../lib/gcc/arm-none-eabi/10.3.1/thumb/v6-m/nofp/crti.o
                0x100002b8                _init
 *(EXCLUDE_FILE(*libm.a: *libc.a:*lib_a-mem*.o *libgcc.a:) .text*)
 .text          0x100002bc       0x48 c:/progra~1/raspbe~1/picosd~1.0/gcc-ar~1/bin/../lib/gcc/arm-none-eabi/10.3.1/thumb/v6-m/nofp/crtbegin.o
 .text.main     0x10000304       0x1c CMakeFiles/hello_world.dir/hello_world.c.obj
                0x10000304                main
 .text.gpio_set_function
                0x10000320       0x30 CMakeFiles/hello_world.dir/C_/Program_Files/Raspberry_Pi/Pico_SDK_v1.5.0/pico-sdk/src/rp2_common/hardware_gpio/gpio.c.obj
                0x10000320                gpio_set_function
 .text.running_on_fpga
                0x10000350       0x14 CMakeFiles/hello_world.dir/C_/Program_Files/Raspberry_Pi/Pico_SDK_v1.5.0/pico-sdk/src/rp2_common/pico_platform/platform.c.obj
                0x10000350                running_on_fpga
 .text.hw_claim_lock
                0x10000364       0x18 CMakeFiles/hello_world.dir/C_/Program_Files/Raspberry_Pi/Pico_SDK_v1.5.0/pico-sdk/src/rp2_common/hardware_claim/claim.c.obj
                0x10000364                hw_claim_lock
 .text.hw_claim_unlock
                0x1000037c       0x14 CMakeFiles/hello_world.dir/C_/Program_Files/Raspberry_Pi/Pico_SDK_v1.5.0/pico-sdk/src/rp2_common/hardware_claim/claim.c.obj
                0x1000037c                hw_claim_unlock
 .text.hw_claim_or_assert
                0x10000390       0x32 CMakeFiles/hello_world.dir/C_/Program_Files/Raspberry_Pi/Pico_SDK_v1.5.0/pico-sdk/src/rp2_common/hardware_claim/claim.c.obj
                0x10000390                hw_claim_or_assert
 .text.hw_claim_unused_from_range
                0x100003c2       0x50 CMakeFiles/hello_world.dir/C_/Program_Files/Raspberry_Pi/Pico_SDK_v1.5.0/pico-sdk/src/rp2_common/hardware_claim/claim.c.obj
                0x100003c2                hw_claim_unused_from_range
 *fill*         0x10000412        0x2 
 .text.spin_locks_reset
                0x10000414       0x20 CMakeFiles/hello_world.dir/C_/Program_Files/Raspberry_Pi/Pico_SDK_v1.5.0/pico-sdk/src/rp2_common/hardware_sync/sync.c.obj
                0x10000414                spin_locks_reset
 .text.next_striped_spin_lock_num
                0x10000434       0x1c CMakeFiles/hello_world.dir/C_/Program_Files/Raspberry_Pi/Pico_SDK_v1.5.0/pico-sdk/src/rp2_common/hardware_sync/sync.c.obj
                0x10000434                next_striped_spin_lock_num
 .text.spin_lock_claim_unused
                0x10000450       0x20 CMakeFiles/hello_world.dir/C_/Program_Files/Raspberry_Pi/Pico_SDK_v1.5.0/pico-sdk/src/rp2_common/hardware_sync/sync.c.obj
                0x10000450                spin_lock_claim_unused
 .text.set_raw_irq_handler_and_unlock
                0x10000470       0x28 CMakeFiles/hello_world.dir/C_/Program_Files/Raspberry_Pi/Pico_SDK_v1.5.0/pico-sdk/src/rp2_common/hardware_irq/irq.c.obj
 .text.make_branch
                0x10000498       0x48 CMakeFiles/hello_world.dir/C_/Program_Files/Raspberry_Pi/Pico_SDK_v1.5.0/pico-sdk/src/rp2_common/hardware_irq/irq.c.obj
 .text.insert_branch_and_link
                0x100004e0       0x40 CMakeFiles/hello_world.dir/C_/Program_Files/Raspberry_Pi/Pico_SDK_v1.5.0/pico-sdk/src/rp2_common/hardware_irq/irq.c.obj
 .text.irq_is_enabled
                0x10000520       0x18 CMakeFiles/hello_world.dir/C_/Program_Files/Raspberry_Pi/Pico_SDK_v1.5.0/pico-sdk/src/rp2_common/hardware_irq/irq.c.obj
                0x10000520                irq_is_enabled
 .text.irq_set_mask_enabled
                0x10000538       0x20 CMakeFiles/hello_world.dir/C_/Program_Files/Raspberry_Pi/Pico_SDK_v1.5.0/pico-sdk/src/rp2_common/hardware_irq/irq.c.obj
                0x10000538                irq_set_mask_enabled
 .text.irq_set_enabled
                0x10000558        0xe CMakeFiles/hello_world.dir/C_/Program_Files/Raspberry_Pi/Pico_SDK_v1.5.0/pico-sdk/src/rp2_common/hardware_irq/irq.c.obj
                0x10000558                irq_set_enabled
 *fill*         0x10000566        0x2 
 .text.irq_set_pending
                0x10000568       0x10 CMakeFiles/hello_world.dir/C_/Program_Files/Raspberry_Pi/Pico_SDK_v1.5.0/pico-sdk/src/rp2_common/hardware_irq/irq.c.obj
                0x10000568                irq_set_pending
 .text.irq_get_vtable_handler
                0x10000578       0x10 CMakeFiles/hello_world.dir/C_/Program_Files/Raspberry_Pi/Pico_SDK_v1.5.0/pico-sdk/src/rp2_common/hardware_irq/irq.c.obj
                0x10000578                irq_get_vtable_handler
 .text.irq_has_shared_handler
                0x10000588       0x24 CMakeFiles/hello_world.dir/C_/Program_Files/Raspberry_Pi/Pico_SDK_v1.5.0/pico-sdk/src/rp2_common/hardware_irq/irq.c.obj
                0x10000588                irq_has_shared_handler
 .text.irq_set_exclusive_handler
                0x100005ac       0x54 CMakeFiles/hello_world.dir/C_/Program_Files/Raspberry_Pi/Pico_SDK_v1.5.0/pico-sdk/src/rp2_common/hardware_irq/irq.c.obj
                0x100005ac                irq_set_exclusive_handler
 .text.irq_add_shared_handler
                0x10000600      0x234 CMakeFiles/hello_world.dir/C_/Program_Files/Raspberry_Pi/Pico_SDK_v1.5.0/pico-sdk/src/rp2_common/hardware_irq/irq.c.obj
                0x10000600                irq_add_shared_handler
 .text.irq_remove_handler
                0x10000834      0x1ac CMakeFiles/hello_world.dir/C_/Program_Files/Raspberry_Pi/Pico_SDK_v1.5.0/pico-sdk/src/rp2_common/hardware_irq/irq.c.obj
                0x10000834                irq_remove_handler
 .text.irq_add_tail_to_free_list
                0x100009e0       0xf0 CMakeFiles/hello_world.dir/C_/Program_Files/Raspberry_Pi/Pico_SDK_v1.5.0/pico-sdk/src/rp2_common/hardware_irq/irq.c.obj
                0x100009e0                irq_add_tail_to_free_list
 .text.irq_init_priorities
                0x10000ad0       0x1c CMakeFiles/hello_world.dir/C_/Program_Files/Raspberry_Pi/Pico_SDK_v1.5.0/pico-sdk/src/rp2_common/hardware_irq/irq.c.obj
                0x10000ad0                irq_init_priorities
 .text.user_irq_claim_unused
                0x10000aec       0x28 CMakeFiles/hello_world.dir/C_/Program_Files/Raspberry_Pi/Pico_SDK_v1.5.0/pico-sdk/src/rp2_common/hardware_irq/irq.c.obj
                0x10000aec                user_irq_claim_unused
 .text.lock_init
                0x10000b14       0x10 CMakeFiles/hello_world.dir/C_/Program_Files/Raspberry_Pi/Pico_SDK_v1.5.0/pico-sdk/src/common/pico_sync/lock_core.c.obj
                0x10000b14                lock_init
 .text.mutex_init
                0x10000b24       0x1a CMakeFiles/hello_world.dir/C_/Program_Files/Raspberry_Pi/Pico_SDK_v1.5.0/pico-sdk/src/common/pico_sync/mutex.c.obj
                0x10000b24                mutex_init
 .text.recursive_mutex_init
                0x10000b3e       0x1e CMakeFiles/hello_world.dir/C_/Program_Files/Raspberry_Pi/Pico_SDK_v1.5.0/pico-sdk/src/common/pico_sync/mutex.c.obj
                0x10000b3e                recursive_mutex_init
 .text.critical_section_init_with_lock_num
                0x10000b5c       0x14 CMakeFiles/hello_world.dir/C_/Program_Files/Raspberry_Pi/Pico_SDK_v1.5.0/pico-sdk/src/common/pico_sync/critical_section.c.obj
                0x10000b5c                critical_section_init_with_lock_num
 .text.critical_section_init
                0x10000b70       0x14 CMakeFiles/hello_world.dir/C_/Program_Files/Raspberry_Pi/Pico_SDK_v1.5.0/pico-sdk/src/common/pico_sync/critical_section.c.obj
                0x10000b70                critical_section_init
 .text.alarm_pool_post_alloc_init
                0x10000b84       0x40 CMakeFiles/hello_world.dir/C_/Program_Files/Raspberry_Pi/Pico_SDK_v1.5.0/pico-sdk/src/common/pico_time/time.c.obj
 .text.sleep_until_callback
                0x10000bc4       0x30 CMakeFiles/hello_world.dir/C_/Program_Files/Raspberry_Pi/Pico_SDK_v1.5.0/pico-sdk/src/common/pico_time/time.c.obj
 .text.timer_pool_entry_comparator
                0x10000bf4       0x7c CMakeFiles/hello_world.dir/C_/Program_Files/Raspberry_Pi/Pico_SDK_v1.5.0/pico-sdk/src/common/pico_time/time.c.obj
                0x10000bf4                timer_pool_entry_comparator
 .text.ph_add_child_node
                0x10000c70       0xa4 CMakeFiles/hello_world.dir/C_/Program_Files/Raspberry_Pi/Pico_SDK_v1.5.0/pico-sdk/src/common/pico_time/time.c.obj
 .text.ph_merge_nodes
                0x10000d14       0x3e CMakeFiles/hello_world.dir/C_/Program_Files/Raspberry_Pi/Pico_SDK_v1.5.0/pico-sdk/src/common/pico_time/time.c.obj
 *fill*         0x10000d52        0x2 
 .text.add_alarm_under_lock
                0x10000d54      0x174 CMakeFiles/hello_world.dir/C_/Program_Files/Raspberry_Pi/Pico_SDK_v1.5.0/pico-sdk/src/common/pico_time/time.c.obj
 .text.alarm_pool_alarm_callback
                0x10000ec8      0x33c CMakeFiles/hello_world.dir/C_/Program_Files/Raspberry_Pi/Pico_SDK_v1.5.0/pico-sdk/src/common/pico_time/time.c.obj
 .text.alarm_pool_init_default
                0x10001204       0x40 CMakeFiles/hello_world.dir/C_/Program_Files/Raspberry_Pi/Pico_SDK_v1.5.0/pico-sdk/src/common/pico_time/time.c.obj
                0x10001204                alarm_pool_init_default
 .text.alarm_pool_get_default
                0x10001244       0x2c CMakeFiles/hello_world.dir/C_/Program_Files/Raspberry_Pi/Pico_SDK_v1.5.0/pico-sdk/src/common/pico_time/time.c.obj
                0x10001244                alarm_pool_get_default
 .text.alarm_pool_add_alarm_at
                0x10001270      0x168 CMakeFiles/hello_world.dir/C_/Program_Files/Raspberry_Pi/Pico_SDK_v1.5.0/pico-sdk/src/common/pico_time/time.c.obj
                0x10001270                alarm_pool_add_alarm_at
 .text.alarm_pool_cancel_alarm
                0x100013d8       0xf0 CMakeFiles/hello_world.dir/C_/Program_Files/Raspberry_Pi/Pico_SDK_v1.5.0/pico-sdk/src/common/pico_time/time.c.obj
                0x100013d8                alarm_pool_cancel_alarm
 .text.alarm_pool_core_num
                0x100014c8        0x4 CMakeFiles/hello_world.dir/C_/Program_Files/Raspberry_Pi/Pico_SDK_v1.5.0/pico-sdk/src/common/pico_time/time.c.obj
                0x100014c8                alarm_pool_core_num
 .text.sleep_until
                0x100014cc       0xfc CMakeFiles/hello_world.dir/C_/Program_Files/Raspberry_Pi/Pico_SDK_v1.5.0/pico-sdk/src/common/pico_time/time.c.obj
                0x100014cc                sleep_until
 .text.sleep_us
                0x100015c8       0x58 CMakeFiles/hello_world.dir/C_/Program_Files/Raspberry_Pi/Pico_SDK_v1.5.0/pico-sdk/src/common/pico_time/time.c.obj
                0x100015c8                sleep_us
 .text.sleep_ms
                0x10001620       0x14 CMakeFiles/hello_world.dir/C_/Program_Files/Raspberry_Pi/Pico_SDK_v1.5.0/pico-sdk/src/common/pico_time/time.c.obj
                0x10001620                sleep_ms
 .text.best_effort_wfe_or_timeout
                0x10001634       0xac CMakeFiles/hello_world.dir/C_/Program_Files/Raspberry_Pi/Pico_SDK_v1.5.0/pico-sdk/src/common/pico_time/time.c.obj
                0x10001634                best_effort_wfe_or_timeout
 .text.hardware_alarm_irq_handler
                0x100016e0       0x90 CMakeFiles/hello_world.dir/C_/Program_Files/Raspberry_Pi/Pico_SDK_v1.5.0/pico-sdk/src/rp2_common/hardware_timer/timer.c.obj
 .text.hardware_alarm_claim
                0x10001770       0x18 CMakeFiles/hello_world.dir/C_/Program_Files/Raspberry_Pi/Pico_SDK_v1.5.0/pico-sdk/src/rp2_common/hardware_timer/timer.c.obj
                0x10001770                hardware_alarm_claim
 .text.time_us_64
                0x10001788       0x18 CMakeFiles/hello_world.dir/C_/Program_Files/Raspberry_Pi/Pico_SDK_v1.5.0/pico-sdk/src/rp2_common/hardware_timer/timer.c.obj
                0x10001788                time_us_64
 .text.busy_wait_until
                0x100017a0       0x28 CMakeFiles/hello_world.dir/C_/Program_Files/Raspberry_Pi/Pico_SDK_v1.5.0/pico-sdk/src/rp2_common/hardware_timer/timer.c.obj
                0x100017a0                busy_wait_until
 .text.hardware_alarm_set_callback
                0x100017c8       0x90 CMakeFiles/hello_world.dir/C_/Program_Files/Raspberry_Pi/Pico_SDK_v1.5.0/pico-sdk/src/rp2_common/hardware_timer/timer.c.obj
                0x100017c8                hardware_alarm_set_callback
 .text.hardware_alarm_set_target
                0x10001858       0xe8 CMakeFiles/hello_world.dir/C_/Program_Files/Raspberry_Pi/Pico_SDK_v1.5.0/pico-sdk/src/rp2_common/hardware_timer/timer.c.obj
                0x10001858                hardware_alarm_set_target
 .text.hardware_alarm_cancel
                0x10001940       0x40 CMakeFiles/hello_world.dir/C_/Program_Files/Raspberry_Pi/Pico_SDK_v1.5.0/pico-sdk/src/rp2_common/hardware_timer/timer.c.obj
                0x10001940                hardware_alarm_cancel
 .text.ph_add_child_node
                0x10001980       0xa4 CMakeFiles/hello_world.dir/C_/Program_Files/Raspberry_Pi/Pico_SDK_v1.5.0/pico-sdk/src/common/pico_util/pheap.c.obj
 .text.ph_merge_nodes
                0x10001a24       0x3e CMakeFiles/hello_world.dir/C_/Program_Files/Raspberry_Pi/Pico_SDK_v1.5.0/pico-sdk/src/common/pico_util/pheap.c.obj
 *fill*         0x10001a62        0x2 
 .text.ph_clear
                0x10001a64       0x70 CMakeFiles/hello_world.dir/C_/Program_Files/Raspberry_Pi/Pico_SDK_v1.5.0/pico-sdk/src/common/pico_util/pheap.c.obj
                0x10001a64                ph_clear
 .text.ph_post_alloc_init
                0x10001ad4        0xe CMakeFiles/hello_world.dir/C_/Program_Files/Raspberry_Pi/Pico_SDK_v1.5.0/pico-sdk/src/common/pico_util/pheap.c.obj
                0x10001ad4                ph_post_alloc_init
 *fill*         0x10001ae2        0x2 
 .text.ph_merge_two_pass
                0x10001ae4       0xa8 CMakeFiles/hello_world.dir/C_/Program_Files/Raspberry_Pi/Pico_SDK_v1.5.0/pico-sdk/src/common/pico_util/pheap.c.obj
                0x10001ae4                ph_merge_two_pass
 .text.ph_remove_any_head
                0x10001b8c      0x128 CMakeFiles/hello_world.dir/C_/Program_Files/Raspberry_Pi/Pico_SDK_v1.5.0/pico-sdk/src/common/pico_util/pheap.c.obj
 .text.ph_remove_head
                0x10001cb4       0x14 CMakeFiles/hello_world.dir/C_/Program_Files/Raspberry_Pi/Pico_SDK_v1.5.0/pico-sdk/src/common/pico_util/pheap.c.obj
                0x10001cb4                ph_remove_head
 .text.ph_remove_and_free_node
                0x10001cc8       0xf8 CMakeFiles/hello_world.dir/C_/Program_Files/Raspberry_Pi/Pico_SDK_v1.5.0/pico-sdk/src/common/pico_util/pheap.c.obj
                0x10001cc8                ph_remove_and_free_node
 .text.uart_set_baudrate
                0x10001dc0       0x5c CMakeFiles/hello_world.dir/C_/Program_Files/Raspberry_Pi/Pico_SDK_v1.5.0/pico-sdk/src/rp2_common/hardware_uart/uart.c.obj
                0x10001dc0                uart_set_baudrate
 .text.uart_set_translate_crlf
                0x10001e1c       0x28 CMakeFiles/hello_world.dir/C_/Program_Files/Raspberry_Pi/Pico_SDK_v1.5.0/pico-sdk/src/rp2_common/hardware_uart/uart.c.obj
                0x10001e1c                uart_set_translate_crlf
 .text.uart_init
                0x10001e44       0x80 CMakeFiles/hello_world.dir/C_/Program_Files/Raspberry_Pi/Pico_SDK_v1.5.0/pico-sdk/src/rp2_common/hardware_uart/uart.c.obj
                0x10001e44                uart_init
 .text.clock_configure
                0x10001ec4      0x104 CMakeFiles/hello_world.dir/C_/Program_Files/Raspberry_Pi/Pico_SDK_v1.5.0/pico-sdk/src/rp2_common/hardware_clocks/clocks.c.obj
                0x10001ec4                clock_configure
 .text.clocks_init
                0x10001fc8      0x100 CMakeFiles/hello_world.dir/C_/Program_Files/Raspberry_Pi/Pico_SDK_v1.5.0/pico-sdk/src/rp2_common/hardware_clocks/clocks.c.obj
                0x10001fc8                clocks_init
 .text.clock_get_hz
                0x100020c8        0xc CMakeFiles/hello_world.dir/C_/Program_Files/Raspberry_Pi/Pico_SDK_v1.5.0/pico-sdk/src/rp2_common/hardware_clocks/clocks.c.obj
                0x100020c8                clock_get_hz
 .text.pll_init
                0x100020d4      0x12c CMakeFiles/hello_world.dir/C_/Program_Files/Raspberry_Pi/Pico_SDK_v1.5.0/pico-sdk/src/rp2_common/hardware_pll/pll.c.obj
                0x100020d4                pll_init
 .text.watchdog_start_tick
                0x10002200       0x10 CMakeFiles/hello_world.dir/C_/Program_Files/Raspberry_Pi/Pico_SDK_v1.5.0/pico-sdk/src/rp2_common/hardware_watchdog/watchdog.c.obj
                0x10002200                watchdog_start_tick
 .text.watchdog_update
                0x10002210       0x14 CMakeFiles/hello_world.dir/C_/Program_Files/Raspberry_Pi/Pico_SDK_v1.5.0/pico-sdk/src/rp2_common/hardware_watchdog/watchdog.c.obj
                0x10002210                watchdog_update
 .text._watchdog_enable
                0x10002224       0x78 CMakeFiles/hello_world.dir/C_/Program_Files/Raspberry_Pi/Pico_SDK_v1.5.0/pico-sdk/src/rp2_common/hardware_watchdog/watchdog.c.obj
                0x10002224                _watchdog_enable
 .text.watchdog_reboot
                0x1000229c       0x48 CMakeFiles/hello_world.dir/C_/Program_Files/Raspberry_Pi/Pico_SDK_v1.5.0/pico-sdk/src/rp2_common/hardware_watchdog/watchdog.c.obj
                0x1000229c                watchdog_reboot
 .text.xosc_init
                0x100022e4       0x28 CMakeFiles/hello_world.dir/C_/Program_Files/Raspberry_Pi/Pico_SDK_v1.5.0/pico-sdk/src/rp2_common/hardware_xosc/xosc.c.obj
                0x100022e4                xosc_init
 .text._exit    0x1000230c        0x4 CMakeFiles/hello_world.dir/C_/Program_Files/Raspberry_Pi/Pico_SDK_v1.5.0/pico-sdk/src/rp2_common/pico_runtime/runtime.c.obj
                0x1000230c                _exit
 .text.exit     0x10002310        0x6 CMakeFiles/hello_world.dir/C_/Program_Files/Raspberry_Pi/Pico_SDK_v1.5.0/pico-sdk/src/rp2_common/pico_runtime/runtime.c.obj
                0x10002310                exit
 *fill*         0x10002316        0x2 
 .text.__assert_func
                0x10002318       0x3c CMakeFiles/hello_world.dir/C_/Program_Files/Raspberry_Pi/Pico_SDK_v1.5.0/pico-sdk/src/rp2_common/pico_runtime/runtime.c.obj
                0x10002318                __assert_func
 .text.runtime_init
                0x10002354       0xf8 CMakeFiles/hello_world.dir/C_/Program_Files/Raspberry_Pi/Pico_SDK_v1.5.0/pico-sdk/src/rp2_common/pico_runtime/runtime.c.obj
                0x10002354                runtime_init
 .text.panic    0x1000244c       0x30 CMakeFiles/hello_world.dir/C_/Program_Files/Raspberry_Pi/Pico_SDK_v1.5.0/pico-sdk/src/rp2_common/pico_runtime/runtime.c.obj
                0x1000244c                panic
 .text._out_null
                0x1000247c        0x2 CMakeFiles/hello_world.dir/C_/Program_Files/Raspberry_Pi/Pico_SDK_v1.5.0/pico-sdk/src/rp2_common/pico_printf/printf.c.obj
 .text._out_fct
                0x1000247e        0xe CMakeFiles/hello_world.dir/C_/Program_Files/Raspberry_Pi/Pico_SDK_v1.5.0/pico-sdk/src/rp2_common/pico_printf/printf.c.obj
 .text._atoi    0x1000248c       0x24 CMakeFiles/hello_world.dir/C_/Program_Files/Raspberry_Pi/Pico_SDK_v1.5.0/pico-sdk/src/rp2_common/pico_printf/printf.c.obj
 .text._out_rev
                0x100024b0       0xae CMakeFiles/hello_world.dir/C_/Program_Files/Raspberry_Pi/Pico_SDK_v1.5.0/pico-sdk/src/rp2_common/pico_printf/printf.c.obj
 .text._ntoa_format
                0x1000255e      0x112 CMakeFiles/hello_world.dir/C_/Program_Files/Raspberry_Pi/Pico_SDK_v1.5.0/pico-sdk/src/rp2_common/pico_printf/printf.c.obj
 .text._ntoa_long
                0x10002670       0xbc CMakeFiles/hello_world.dir/C_/Program_Files/Raspberry_Pi/Pico_SDK_v1.5.0/pico-sdk/src/rp2_common/pico_printf/printf.c.obj
 .text._ntoa_long_long
                0x1000272c       0xe2 CMakeFiles/hello_world.dir/C_/Program_Files/Raspberry_Pi/Pico_SDK_v1.5.0/pico-sdk/src/rp2_common/pico_printf/printf.c.obj
 *fill*         0x1000280e        0x2 
 .text._etoa    0x10002810      0x414 CMakeFiles/hello_world.dir/C_/Program_Files/Raspberry_Pi/Pico_SDK_v1.5.0/pico-sdk/src/rp2_common/pico_printf/printf.c.obj
 .text._ftoa    0x10002c24      0x354 CMakeFiles/hello_world.dir/C_/Program_Files/Raspberry_Pi/Pico_SDK_v1.5.0/pico-sdk/src/rp2_common/pico_printf/printf.c.obj
 .text._vsnprintf
                0x10002f78      0x624 CMakeFiles/hello_world.dir/C_/Program_Files/Raspberry_Pi/Pico_SDK_v1.5.0/pico-sdk/src/rp2_common/pico_printf/printf.c.obj
 .text.vfctprintf
                0x1000359c       0x20 CMakeFiles/hello_world.dir/C_/Program_Files/Raspberry_Pi/Pico_SDK_v1.5.0/pico-sdk/src/rp2_common/pico_printf/printf.c.obj
                0x1000359c                vfctprintf
 .text          0x100035bc       0x10 CMakeFiles/hello_world.dir/C_/Program_Files/Raspberry_Pi/Pico_SDK_v1.5.0/pico-sdk/src/rp2_common/pico_bit_ops/bit_ops_aeabi.S.obj
 .text.rom_func_lookup
                0x100035cc       0x10 CMakeFiles/hello_world.dir/C_/Program_Files/Raspberry_Pi/Pico_SDK_v1.5.0/pico-sdk/src/rp2_common/pico_bootrom/bootrom.c.obj
                0x100035cc                rom_func_lookup
 .text.rom_data_lookup
                0x100035dc       0x10 CMakeFiles/hello_world.dir/C_/Program_Files/Raspberry_Pi/Pico_SDK_v1.5.0/pico-sdk/src/rp2_common/pico_bootrom/bootrom.c.obj
                0x100035dc                rom_data_lookup
 .text.rom_funcs_lookup
                0x100035ec       0x36 CMakeFiles/hello_world.dir/C_/Program_Files/Raspberry_Pi/Pico_SDK_v1.5.0/pico-sdk/src/rp2_common/pico_bootrom/bootrom.c.obj
                0x100035ec                rom_funcs_lookup
 *fill*         0x10003622        0x2 
 .text.__wrap___aeabi_idiv
                0x10003624       0x50 CMakeFiles/hello_world.dir/C_/Program_Files/Raspberry_Pi/Pico_SDK_v1.5.0/pico-sdk/src/rp2_common/pico_divider/divider.S.obj
                0x10003624                __wrap___aeabi_idivmod
                0x10003624                divmod_s32s32
                0x10003624                div_s32s32
                0x10003624                __wrap___aeabi_idiv
                0x1000362c                divmod_s32s32_unsafe
                0x10003658                divmod_s32s32_savestate
 .text.__wrap___aeabi_uidiv
                0x10003674       0x4c CMakeFiles/hello_world.dir/C_/Program_Files/Raspberry_Pi/Pico_SDK_v1.5.0/pico-sdk/src/rp2_common/pico_divider/divider.S.obj
                0x10003674                __wrap___aeabi_uidiv
                0x10003674                __wrap___aeabi_uidivmod
                0x10003674                div_u32u32
                0x10003674                divmod_u32u32
                0x1000367c                divmod_u32u32_unsafe
                0x100036a4                divmod_u32u32_savestate
 .text.__wrap___aeabi_ldiv
                0x100036c0      0x424 CMakeFiles/hello_world.dir/C_/Program_Files/Raspberry_Pi/Pico_SDK_v1.5.0/pico-sdk/src/rp2_common/pico_divider/divider.S.obj
                0x100036c0                div_s64s64
                0x100036c0                divmod_s64s64
                0x100036c0                __wrap___aeabi_ldivmod
                0x100036f0                divmod_u64u64
                0x100036f0                div_u64u64
                0x100036f0                __wrap___aeabi_uldivmod
                0x10003700                divmod_u64u64_savestate
                0x10003720                divmod_s64s64_unsafe
                0x100037a8                divmod_u64u64_unsafe
 .text.__wrap___aeabi_darithmetic
                0x10003ae4       0x80 CMakeFiles/hello_world.dir/C_/Program_Files/Raspberry_Pi/Pico_SDK_v1.5.0/pico-sdk/src/rp2_common/pico_double/double_aeabi.S.obj
                0x10003ae4                __wrap___aeabi_drsub
                0x10003aea                __wrap___aeabi_dsub
                0x10003afc                __wrap___aeabi_dadd
                0x10003b0e                __wrap___aeabi_ddiv
                0x10003b4a                __wrap___aeabi_dmul
 .text.__wrap___aeabi_cdcmple
                0x10003b64       0x6c CMakeFiles/hello_world.dir/C_/Program_Files/Raspberry_Pi/Pico_SDK_v1.5.0/pico-sdk/src/rp2_common/pico_double/double_aeabi.S.obj
                0x10003b64                __wrap___aeabi_cdrcmple
                0x10003b74                __wrap___aeabi_cdcmpeq
                0x10003b74                __wrap___aeabi_cdcmple
 .text.__wrap___aeabi_dcmplt
                0x10003bd0        0xc CMakeFiles/hello_world.dir/C_/Program_Files/Raspberry_Pi/Pico_SDK_v1.5.0/pico-sdk/src/rp2_common/pico_double/double_aeabi.S.obj
                0x10003bd0                __wrap___aeabi_dcmplt
 .text.__wrap___aeabi_dcmple
                0x10003bdc       0x10 CMakeFiles/hello_world.dir/C_/Program_Files/Raspberry_Pi/Pico_SDK_v1.5.0/pico-sdk/src/rp2_common/pico_double/double_aeabi.S.obj
                0x10003bdc                __wrap___aeabi_dcmple
 .text.__wrap___aeabi_dcmpge
                0x10003bec       0x10 CMakeFiles/hello_world.dir/C_/Program_Files/Raspberry_Pi/Pico_SDK_v1.5.0/pico-sdk/src/rp2_common/pico_double/double_aeabi.S.obj
                0x10003bec                __wrap___aeabi_dcmpge
 .text.__wrap___aeabi_dcmpgt
                0x10003bfc        0xa CMakeFiles/hello_world.dir/C_/Program_Files/Raspberry_Pi/Pico_SDK_v1.5.0/pico-sdk/src/rp2_common/pico_double/double_aeabi.S.obj
                0x10003bfc                __wrap___aeabi_dcmpgt
 .text.__wrap___aeabi_dcmpun
                0x10003c06       0x1c CMakeFiles/hello_world.dir/C_/Program_Files/Raspberry_Pi/Pico_SDK_v1.5.0/pico-sdk/src/rp2_common/pico_double/double_aeabi.S.obj
                0x10003c06                __wrap___aeabi_dcmpun
 *fill*         0x10003c22        0x2 
 .text.__wrap___aeabi_i2d
                0x10003c24       0x38 CMakeFiles/hello_world.dir/C_/Program_Files/Raspberry_Pi/Pico_SDK_v1.5.0/pico-sdk/src/rp2_common/pico_double/double_aeabi.S.obj
                0x10003c24                __wrap___aeabi_ui2d
                0x10003c2c                __wrap___aeabi_i2d
 .text.__wrap___aeabi_d2iz
                0x10003c5c       0x48 CMakeFiles/hello_world.dir/C_/Program_Files/Raspberry_Pi/Pico_SDK_v1.5.0/pico-sdk/src/rp2_common/pico_double/double_aeabi.S.obj
                0x10003c5c                double2int_z
                0x10003c5c                __wrap___aeabi_d2iz
 .text.__wrap___aeabi_d2uiz
                0x10003ca4       0x18 CMakeFiles/hello_world.dir/C_/Program_Files/Raspberry_Pi/Pico_SDK_v1.5.0/pico-sdk/src/rp2_common/pico_double/double_aeabi.S.obj
                0x10003ca4                __wrap___aeabi_d2uiz
                0x10003ca4                double2uint
 .text.__aeabi_double_init
                0x10003cbc       0xc8 CMakeFiles/hello_world.dir/C_/Program_Files/Raspberry_Pi/Pico_SDK_v1.5.0/pico-sdk/src/rp2_common/pico_double/double_init_rom.c.obj
                0x10003cbc                __aeabi_double_init
 .text.double_table_shim_on_use_helper
                0x10003d84       0x34 CMakeFiles/hello_world.dir/C_/Program_Files/Raspberry_Pi/Pico_SDK_v1.5.0/pico-sdk/src/rp2_common/pico_double/double_v1_rom_shim.S.obj
                0x10003d84                double_table_shim_on_use_helper
 .text.__wrap___aeabi_dsub
                0x10003db8       0x10 CMakeFiles/hello_world.dir/C_/Program_Files/Raspberry_Pi/Pico_SDK_v1.5.0/pico-sdk/src/rp2_common/pico_double/double_v1_rom_shim.S.obj
                0x10003db8                drsub_shim
                0x10003dbe                dsub_shim
 .text.dadd_shim
                0x10003dc8      0x15c CMakeFiles/hello_world.dir/C_/Program_Files/Raspberry_Pi/Pico_SDK_v1.5.0/pico-sdk/src/rp2_common/pico_double/double_v1_rom_shim.S.obj
                0x10003dc8                dadd_shim
 .text.dmul_shim
                0x10003f24      0x15c CMakeFiles/hello_world.dir/C_/Program_Files/Raspberry_Pi/Pico_SDK_v1.5.0/pico-sdk/src/rp2_common/pico_double/double_v1_rom_shim.S.obj
                0x10003f24                dmul_shim
 .text.ddiv_shim
                0x10004080      0x1b0 CMakeFiles/hello_world.dir/C_/Program_Files/Raspberry_Pi/Pico_SDK_v1.5.0/pico-sdk/src/rp2_common/pico_double/double_v1_rom_shim.S.obj
                0x10004080                ddiv_shim
 .text.double2uint_shim
                0x10004230        0xe CMakeFiles/hello_world.dir/C_/Program_Files/Raspberry_Pi/Pico_SDK_v1.5.0/pico-sdk/src/rp2_common/pico_double/double_v1_rom_shim.S.obj
                0x10004230                double2uint_shim
                0x10004232                double2ufix_shim
 *fill*         0x1000423e        0x2 
 .text.double2uint64_shim
                0x10004240       0x70 CMakeFiles/hello_world.dir/C_/Program_Files/Raspberry_Pi/Pico_SDK_v1.5.0/pico-sdk/src/rp2_common/pico_double/double_v1_rom_shim.S.obj
                0x10004240                double2uint64_shim
                0x10004242                double2ufix64_shim
                0x10004262                d2fix_a
 .text.dunpacks
                0x100042b0       0x3c CMakeFiles/hello_world.dir/C_/Program_Files/Raspberry_Pi/Pico_SDK_v1.5.0/pico-sdk/src/rp2_common/pico_double/double_v1_rom_shim.S.obj
                0x100042b0                dunpacks
 .text.__aeabi_lmul
                0x100042ec       0x32 CMakeFiles/hello_world.dir/C_/Program_Files/Raspberry_Pi/Pico_SDK_v1.5.0/pico-sdk/src/rp2_common/pico_int64_ops/pico_int64_ops_aeabi.S.obj
                0x100042ec                __wrap___aeabi_lmul
 *fill*         0x1000431e        0x2 
 .text.__aeabi_float_init
                0x10004320       0xfc CMakeFiles/hello_world.dir/C_/Program_Files/Raspberry_Pi/Pico_SDK_v1.5.0/pico-sdk/src/rp2_common/pico_float/float_init_rom.c.obj
                0x10004320                __aeabi_float_init
 .text.float_table_shim_on_use_helper
                0x1000441c       0x34 CMakeFiles/hello_world.dir/C_/Program_Files/Raspberry_Pi/Pico_SDK_v1.5.0/pico-sdk/src/rp2_common/pico_float/float_v1_rom_shim.S.obj
                0x1000441c                float_table_shim_on_use_helper
 .text          0x10004450       0x10 CMakeFiles/hello_world.dir/C_/Program_Files/Raspberry_Pi/Pico_SDK_v1.5.0/pico-sdk/src/rp2_common/pico_mem_ops/mem_ops_aeabi.S.obj
                0x10004450                __aeabi_mem_init
 .text.memset   0x10004460        0xc CMakeFiles/hello_world.dir/C_/Program_Files/Raspberry_Pi/Pico_SDK_v1.5.0/pico-sdk/src/rp2_common/pico_mem_ops/mem_ops_aeabi.S.obj
                0x10004460                __wrap_memset
 .text.memcpy   0x1000446c        0xc CMakeFiles/hello_world.dir/C_/Program_Files/Raspberry_Pi/Pico_SDK_v1.5.0/pico-sdk/src/rp2_common/pico_mem_ops/mem_ops_aeabi.S.obj
                0x1000446c                __wrap_memcpy
                0x1000446c                __wrap___aeabi_memcpy
 .text.stdio_out_chars_no_crlf
                0x10004478        0xe CMakeFiles/hello_world.dir/C_/Program_Files/Raspberry_Pi/Pico_SDK_v1.5.0/pico-sdk/src/rp2_common/pico_stdio/stdio.c.obj
 *fill*         0x10004486        0x2 
 .text.stdio_out_chars_crlf
                0x10004488       0x80 CMakeFiles/hello_world.dir/C_/Program_Files/Raspberry_Pi/Pico_SDK_v1.5.0/pico-sdk/src/rp2_common/pico_stdio/stdio.c.obj
 .text.stdio_stack_buffer_flush
                0x10004508       0x44 CMakeFiles/hello_world.dir/C_/Program_Files/Raspberry_Pi/Pico_SDK_v1.5.0/pico-sdk/src/rp2_common/pico_stdio/stdio.c.obj
 .text.stdio_buffered_printer
                0x1000454c       0x20 CMakeFiles/hello_world.dir/C_/Program_Files/Raspberry_Pi/Pico_SDK_v1.5.0/pico-sdk/src/rp2_common/pico_stdio/stdio.c.obj
 .text.stdout_serialize_begin
                0x1000456c       0x5c CMakeFiles/hello_world.dir/C_/Program_Files/Raspberry_Pi/Pico_SDK_v1.5.0/pico-sdk/src/rp2_common/pico_stdio/stdio.c.obj
                0x1000456c                stdout_serialize_begin
 .text.stdout_serialize_end
                0x100045c8       0x10 CMakeFiles/hello_world.dir/C_/Program_Files/Raspberry_Pi/Pico_SDK_v1.5.0/pico-sdk/src/rp2_common/pico_stdio/stdio.c.obj
                0x100045c8                stdout_serialize_end
 .text.stdio_put_string
                0x100045d8       0x98 CMakeFiles/hello_world.dir/C_/Program_Files/Raspberry_Pi/Pico_SDK_v1.5.0/pico-sdk/src/rp2_common/pico_stdio/stdio.c.obj
 .text.stdio_set_driver_enabled
                0x10004670       0x2c CMakeFiles/hello_world.dir/C_/Program_Files/Raspberry_Pi/Pico_SDK_v1.5.0/pico-sdk/src/rp2_common/pico_stdio/stdio.c.obj
                0x10004670                stdio_set_driver_enabled
 .text.stdio_flush
                0x1000469c       0x20 CMakeFiles/hello_world.dir/C_/Program_Files/Raspberry_Pi/Pico_SDK_v1.5.0/pico-sdk/src/rp2_common/pico_stdio/stdio.c.obj
                0x1000469c                stdio_flush
 .text.__wrap_puts
                0x100046bc       0x1e CMakeFiles/hello_world.dir/C_/Program_Files/Raspberry_Pi/Pico_SDK_v1.5.0/pico-sdk/src/rp2_common/pico_stdio/stdio.c.obj
                0x100046bc                __wrap_puts
 *fill*         0x100046da        0x2 
 .text.__wrap_vprintf
                0x100046dc       0x40 CMakeFiles/hello_world.dir/C_/Program_Files/Raspberry_Pi/Pico_SDK_v1.5.0/pico-sdk/src/rp2_common/pico_stdio/stdio.c.obj
                0x100046dc                __wrap_vprintf
 .text.__wrap_printf
                0x1000471c       0x18 CMakeFiles/hello_world.dir/C_/Program_Files/Raspberry_Pi/Pico_SDK_v1.5.0/pico-sdk/src/rp2_common/pico_stdio/stdio.c.obj
                0x1000471c                __wrap_printf
 .text.stdio_init_all
                0x10004734        0xe CMakeFiles/hello_world.dir/C_/Program_Files/Raspberry_Pi/Pico_SDK_v1.5.0/pico-sdk/src/rp2_common/pico_stdio/stdio.c.obj
                0x10004734                stdio_init_all
 *fill*         0x10004742        0x2 
 .text.stdio_uart_out_chars
                0x10004744       0x74 CMakeFiles/hello_world.dir/C_/Program_Files/Raspberry_Pi/Pico_SDK_v1.5.0/pico-sdk/src/rp2_common/pico_stdio_uart/stdio_uart.c.obj
 .text.stdio_uart_in_chars
                0x100047b8       0x80 CMakeFiles/hello_world.dir/C_/Program_Files/Raspberry_Pi/Pico_SDK_v1.5.0/pico-sdk/src/rp2_common/pico_stdio_uart/stdio_uart.c.obj
                0x100047b8                stdio_uart_in_chars
 .text.on_uart_rx
                0x10004838       0x28 CMakeFiles/hello_world.dir/C_/Program_Files/Raspberry_Pi/Pico_SDK_v1.5.0/pico-sdk/src/rp2_common/pico_stdio_uart/stdio_uart.c.obj
 .text.stdio_uart_set_chars_available_callback
                0x10004860       0x8c CMakeFiles/hello_world.dir/C_/Program_Files/Raspberry_Pi/Pico_SDK_v1.5.0/pico-sdk/src/rp2_common/pico_stdio_uart/stdio_uart.c.obj
 .text.stdio_uart_init_full
                0x100048ec       0x44 CMakeFiles/hello_world.dir/C_/Program_Files/Raspberry_Pi/Pico_SDK_v1.5.0/pico-sdk/src/rp2_common/pico_stdio_uart/stdio_uart.c.obj
                0x100048ec                stdio_uart_init_full
 .text.stdio_uart_init
                0x10004930       0x28 CMakeFiles/hello_world.dir/C_/Program_Files/Raspberry_Pi/Pico_SDK_v1.5.0/pico-sdk/src/rp2_common/pico_stdio_uart/stdio_uart.c.obj
                0x10004930                stdio_uart_init
 .text.resetd_init
                0x10004958        0x2 CMakeFiles/hello_world.dir/C_/Program_Files/Raspberry_Pi/Pico_SDK_v1.5.0/pico-sdk/src/rp2_common/pico_stdio_usb/reset_interface.c.obj
 *fill*         0x1000495a        0x2 
 .text.resetd_reset
                0x1000495c        0xc CMakeFiles/hello_world.dir/C_/Program_Files/Raspberry_Pi/Pico_SDK_v1.5.0/pico-sdk/src/rp2_common/pico_stdio_usb/reset_interface.c.obj
 .text.resetd_open
                0x10004968       0x34 CMakeFiles/hello_world.dir/C_/Program_Files/Raspberry_Pi/Pico_SDK_v1.5.0/pico-sdk/src/rp2_common/pico_stdio_usb/reset_interface.c.obj
 .text.resetd_xfer_cb
                0x1000499c        0x4 CMakeFiles/hello_world.dir/C_/Program_Files/Raspberry_Pi/Pico_SDK_v1.5.0/pico-sdk/src/rp2_common/pico_stdio_usb/reset_interface.c.obj
 .text.reset_usb_boot
                0x100049a0       0x18 CMakeFiles/hello_world.dir/C_/Program_Files/Raspberry_Pi/Pico_SDK_v1.5.0/pico-sdk/src/rp2_common/pico_stdio_usb/reset_interface.c.obj
 .text.resetd_control_xfer_cb
                0x100049b8       0x5c CMakeFiles/hello_world.dir/C_/Program_Files/Raspberry_Pi/Pico_SDK_v1.5.0/pico-sdk/src/rp2_common/pico_stdio_usb/reset_interface.c.obj
 .text.usbd_app_driver_get_cb
                0x10004a14        0xc CMakeFiles/hello_world.dir/C_/Program_Files/Raspberry_Pi/Pico_SDK_v1.5.0/pico-sdk/src/rp2_common/pico_stdio_usb/reset_interface.c.obj
                0x10004a14                usbd_app_driver_get_cb
 .text.tud_cdc_line_coding_cb
                0x10004a20       0x28 CMakeFiles/hello_world.dir/C_/Program_Files/Raspberry_Pi/Pico_SDK_v1.5.0/pico-sdk/src/rp2_common/pico_stdio_usb/reset_interface.c.obj
                0x10004a20                tud_cdc_line_coding_cb
 .text.stdio_usb_set_chars_available_callback
                0x10004a48       0x14 CMakeFiles/hello_world.dir/C_/Program_Files/Raspberry_Pi/Pico_SDK_v1.5.0/pico-sdk/src/rp2_common/pico_stdio_usb/stdio_usb.c.obj
                0x10004a48                stdio_usb_set_chars_available_callback
 .text.usb_irq  0x10004a5c       0x10 CMakeFiles/hello_world.dir/C_/Program_Files/Raspberry_Pi/Pico_SDK_v1.5.0/pico-sdk/src/rp2_common/pico_stdio_usb/stdio_usb.c.obj
 .text.timer_task
                0x10004a6c       0x58 CMakeFiles/hello_world.dir/C_/Program_Files/Raspberry_Pi/Pico_SDK_v1.5.0/pico-sdk/src/rp2_common/pico_stdio_usb/stdio_usb.c.obj
 .text.low_priority_worker_irq
                0x10004ac4       0xd8 CMakeFiles/hello_world.dir/C_/Program_Files/Raspberry_Pi/Pico_SDK_v1.5.0/pico-sdk/src/rp2_common/pico_stdio_usb/stdio_usb.c.obj
 .text.tud_cdc_rx_cb
                0x10004b9c       0x20 CMakeFiles/hello_world.dir/C_/Program_Files/Raspberry_Pi/Pico_SDK_v1.5.0/pico-sdk/src/rp2_common/pico_stdio_usb/stdio_usb.c.obj
                0x10004b9c                tud_cdc_rx_cb
 .text.stdio_usb_init
                0x10004bbc      0x12c CMakeFiles/hello_world.dir/C_/Program_Files/Raspberry_Pi/Pico_SDK_v1.5.0/pico-sdk/src/rp2_common/pico_stdio_usb/stdio_usb.c.obj
                0x10004bbc                stdio_usb_init
 .text.stdio_usb_connected
                0x10004ce8        0xa CMakeFiles/hello_world.dir/C_/Program_Files/Raspberry_Pi/Pico_SDK_v1.5.0/pico-sdk/src/rp2_common/pico_stdio_usb/stdio_usb.c.obj
                0x10004ce8                stdio_usb_connected
 *fill*         0x10004cf2        0x2 
 .text.stdio_usb_in_chars
                0x10004cf4       0xc4 CMakeFiles/hello_world.dir/C_/Program_Files/Raspberry_Pi/Pico_SDK_v1.5.0/pico-sdk/src/rp2_common/pico_stdio_usb/stdio_usb.c.obj
                0x10004cf4                stdio_usb_in_chars
 .text.stdio_usb_out_chars
                0x10004db8      0x114 CMakeFiles/hello_world.dir/C_/Program_Files/Raspberry_Pi/Pico_SDK_v1.5.0/pico-sdk/src/rp2_common/pico_stdio_usb/stdio_usb.c.obj
 .text.tud_descriptor_device_cb
                0x10004ecc        0x8 CMakeFiles/hello_world.dir/C_/Program_Files/Raspberry_Pi/Pico_SDK_v1.5.0/pico-sdk/src/rp2_common/pico_stdio_usb/stdio_usb_descriptors.c.obj
                0x10004ecc                tud_descriptor_device_cb
 .text.tud_descriptor_configuration_cb
                0x10004ed4        0x8 CMakeFiles/hello_world.dir/C_/Program_Files/Raspberry_Pi/Pico_SDK_v1.5.0/pico-sdk/src/rp2_common/pico_stdio_usb/stdio_usb_descriptors.c.obj
                0x10004ed4                tud_descriptor_configuration_cb
 .text.tud_descriptor_string_cb
                0x10004edc       0x6c CMakeFiles/hello_world.dir/C_/Program_Files/Raspberry_Pi/Pico_SDK_v1.5.0/pico-sdk/src/rp2_common/pico_stdio_usb/stdio_usb_descriptors.c.obj
                0x10004edc                tud_descriptor_string_cb
 .text._retrieve_unique_id_on_boot
                0x10004f48       0x10 CMakeFiles/hello_world.dir/C_/Program_Files/Raspberry_Pi/Pico_SDK_v1.5.0/pico-sdk/src/rp2_common/pico_unique_id/unique_id.c.obj
 .text.pico_get_unique_board_id_string
                0x10004f58       0x60 CMakeFiles/hello_world.dir/C_/Program_Files/Raspberry_Pi/Pico_SDK_v1.5.0/pico-sdk/src/rp2_common/pico_unique_id/unique_id.c.obj
                0x10004f58                pico_get_unique_board_id_string
 .text.flash_get_unique_id
                0x10004fb8       0x46 CMakeFiles/hello_world.dir/C_/Program_Files/Raspberry_Pi/Pico_SDK_v1.5.0/pico-sdk/src/rp2_common/hardware_flash/flash.c.obj
                0x10004fb8                flash_get_unique_id
 *fill*         0x10004ffe        0x2 
 .text.hw_endpoint_get_by_addr
                0x10005000       0x18 CMakeFiles/hello_world.dir/C_/Program_Files/Raspberry_Pi/Pico_SDK_v1.5.0/pico-sdk/lib/tinyusb/src/portable/raspberrypi/rp2040/dcd_rp2040.c.obj
 .text._hw_endpoint_alloc
                0x10005018       0x70 CMakeFiles/hello_world.dir/C_/Program_Files/Raspberry_Pi/Pico_SDK_v1.5.0/pico-sdk/lib/tinyusb/src/portable/raspberrypi/rp2040/dcd_rp2040.c.obj
 .text.hw_endpoint_init
                0x10005088       0x88 CMakeFiles/hello_world.dir/C_/Program_Files/Raspberry_Pi/Pico_SDK_v1.5.0/pico-sdk/lib/tinyusb/src/portable/raspberrypi/rp2040/dcd_rp2040.c.obj
 .text.hw_endpoint_xfer
                0x10005110       0x14 CMakeFiles/hello_world.dir/C_/Program_Files/Raspberry_Pi/Pico_SDK_v1.5.0/pico-sdk/lib/tinyusb/src/portable/raspberrypi/rp2040/dcd_rp2040.c.obj
 .text.dcd_int_enable
                0x10005124       0x2c CMakeFiles/hello_world.dir/C_/Program_Files/Raspberry_Pi/Pico_SDK_v1.5.0/pico-sdk/lib/tinyusb/src/portable/raspberrypi/rp2040/dcd_rp2040.c.obj
                0x10005124                dcd_int_enable
 .text.dcd_set_address
                0x10005150       0x2c CMakeFiles/hello_world.dir/C_/Program_Files/Raspberry_Pi/Pico_SDK_v1.5.0/pico-sdk/lib/tinyusb/src/portable/raspberrypi/rp2040/dcd_rp2040.c.obj
                0x10005150                dcd_set_address
 .text.dcd_connect
                0x1000517c       0x10 CMakeFiles/hello_world.dir/C_/Program_Files/Raspberry_Pi/Pico_SDK_v1.5.0/pico-sdk/lib/tinyusb/src/portable/raspberrypi/rp2040/dcd_rp2040.c.obj
                0x1000517c                dcd_connect
 .text.dcd_init
                0x1000518c       0x80 CMakeFiles/hello_world.dir/C_/Program_Files/Raspberry_Pi/Pico_SDK_v1.5.0/pico-sdk/lib/tinyusb/src/portable/raspberrypi/rp2040/dcd_rp2040.c.obj
                0x1000518c                dcd_init
 .text.dcd_edpt0_status_complete
                0x1000520c       0x1c CMakeFiles/hello_world.dir/C_/Program_Files/Raspberry_Pi/Pico_SDK_v1.5.0/pico-sdk/lib/tinyusb/src/portable/raspberrypi/rp2040/dcd_rp2040.c.obj
                0x1000520c                dcd_edpt0_status_complete
 .text.dcd_edpt_open
                0x10005228       0x40 CMakeFiles/hello_world.dir/C_/Program_Files/Raspberry_Pi/Pico_SDK_v1.5.0/pico-sdk/lib/tinyusb/src/portable/raspberrypi/rp2040/dcd_rp2040.c.obj
                0x10005228                dcd_edpt_open
 .text.dcd_edpt_close_all
                0x10005268        0x8 CMakeFiles/hello_world.dir/C_/Program_Files/Raspberry_Pi/Pico_SDK_v1.5.0/pico-sdk/lib/tinyusb/src/portable/raspberrypi/rp2040/dcd_rp2040.c.obj
                0x10005268                dcd_edpt_close_all
 .text.dcd_edpt_xfer
                0x10005270       0x34 CMakeFiles/hello_world.dir/C_/Program_Files/Raspberry_Pi/Pico_SDK_v1.5.0/pico-sdk/lib/tinyusb/src/portable/raspberrypi/rp2040/dcd_rp2040.c.obj
                0x10005270                dcd_edpt_xfer
 .text.dcd_edpt_stall
                0x100052a4       0x2c CMakeFiles/hello_world.dir/C_/Program_Files/Raspberry_Pi/Pico_SDK_v1.5.0/pico-sdk/lib/tinyusb/src/portable/raspberrypi/rp2040/dcd_rp2040.c.obj
                0x100052a4                dcd_edpt_stall
 .text.dcd_edpt_clear_stall
                0x100052d0       0x20 CMakeFiles/hello_world.dir/C_/Program_Files/Raspberry_Pi/Pico_SDK_v1.5.0/pico-sdk/lib/tinyusb/src/portable/raspberrypi/rp2040/dcd_rp2040.c.obj
                0x100052d0                dcd_edpt_clear_stall
 .text.rp2040_usb_init
                0x100052f0       0x4c CMakeFiles/hello_world.dir/C_/Program_Files/Raspberry_Pi/Pico_SDK_v1.5.0/pico-sdk/lib/tinyusb/src/portable/raspberrypi/rp2040/rp2040_usb.c.obj
                0x100052f0                rp2040_usb_init
 .text.hw_endpoint_xfer_start
                0x1000533c       0x50 CMakeFiles/hello_world.dir/C_/Program_Files/Raspberry_Pi/Pico_SDK_v1.5.0/pico-sdk/lib/tinyusb/src/portable/raspberrypi/rp2040/rp2040_usb.c.obj
                0x1000533c                hw_endpoint_xfer_start
 .text.configuration_reset
                0x1000538c       0x84 CMakeFiles/hello_world.dir/C_/Program_Files/Raspberry_Pi/Pico_SDK_v1.5.0/pico-sdk/lib/tinyusb/src/device/usbd.c.obj
 .text.usbd_reset
                0x10005410        0xc CMakeFiles/hello_world.dir/C_/Program_Files/Raspberry_Pi/Pico_SDK_v1.5.0/pico-sdk/lib/tinyusb/src/device/usbd.c.obj
 .text.invoke_class_control
                0x1000541c       0x1a CMakeFiles/hello_world.dir/C_/Program_Files/Raspberry_Pi/Pico_SDK_v1.5.0/pico-sdk/lib/tinyusb/src/device/usbd.c.obj
 *fill*         0x10005436        0x2 
 .text.process_set_config
                0x10005438      0x178 CMakeFiles/hello_world.dir/C_/Program_Files/Raspberry_Pi/Pico_SDK_v1.5.0/pico-sdk/lib/tinyusb/src/device/usbd.c.obj
 .text.process_get_descriptor
                0x100055b0       0xdc CMakeFiles/hello_world.dir/C_/Program_Files/Raspberry_Pi/Pico_SDK_v1.5.0/pico-sdk/lib/tinyusb/src/device/usbd.c.obj
 .text.tud_mounted
                0x1000568c       0x10 CMakeFiles/hello_world.dir/C_/Program_Files/Raspberry_Pi/Pico_SDK_v1.5.0/pico-sdk/lib/tinyusb/src/device/usbd.c.obj
                0x1000568c                tud_mounted
 .text.tud_suspended
                0x1000569c       0x10 CMakeFiles/hello_world.dir/C_/Program_Files/Raspberry_Pi/Pico_SDK_v1.5.0/pico-sdk/lib/tinyusb/src/device/usbd.c.obj
                0x1000569c                tud_suspended
 .text.tud_inited
                0x100056ac       0x14 CMakeFiles/hello_world.dir/C_/Program_Files/Raspberry_Pi/Pico_SDK_v1.5.0/pico-sdk/lib/tinyusb/src/device/usbd.c.obj
                0x100056ac                tud_inited
 .text.tud_init
                0x100056c0       0xcc CMakeFiles/hello_world.dir/C_/Program_Files/Raspberry_Pi/Pico_SDK_v1.5.0/pico-sdk/lib/tinyusb/src/device/usbd.c.obj
                0x100056c0                tud_init
 .text.usbd_defer_func
                0x1000578c       0x2a CMakeFiles/hello_world.dir/C_/Program_Files/Raspberry_Pi/Pico_SDK_v1.5.0/pico-sdk/lib/tinyusb/src/device/usbd.c.obj
                0x1000578c                usbd_defer_func
 *fill*         0x100057b6        0x2 
 .text.usbd_edpt_open
                0x100057b8       0x34 CMakeFiles/hello_world.dir/C_/Program_Files/Raspberry_Pi/Pico_SDK_v1.5.0/pico-sdk/lib/tinyusb/src/device/usbd.c.obj
                0x100057b8                usbd_edpt_open
 .text.usbd_open_edpt_pair
                0x100057ec       0x62 CMakeFiles/hello_world.dir/C_/Program_Files/Raspberry_Pi/Pico_SDK_v1.5.0/pico-sdk/lib/tinyusb/src/device/usbd.c.obj
                0x100057ec                usbd_open_edpt_pair
 *fill*         0x1000584e        0x2 
 .text.usbd_edpt_claim
                0x10005850       0x28 CMakeFiles/hello_world.dir/C_/Program_Files/Raspberry_Pi/Pico_SDK_v1.5.0/pico-sdk/lib/tinyusb/src/device/usbd.c.obj
                0x10005850                usbd_edpt_claim
 .text.usbd_edpt_release
                0x10005878       0x28 CMakeFiles/hello_world.dir/C_/Program_Files/Raspberry_Pi/Pico_SDK_v1.5.0/pico-sdk/lib/tinyusb/src/device/usbd.c.obj
                0x10005878                usbd_edpt_release
 .text.usbd_edpt_xfer
                0x100058a0       0x78 CMakeFiles/hello_world.dir/C_/Program_Files/Raspberry_Pi/Pico_SDK_v1.5.0/pico-sdk/lib/tinyusb/src/device/usbd.c.obj
                0x100058a0                usbd_edpt_xfer
 .text.usbd_edpt_stall
                0x10005918       0x48 CMakeFiles/hello_world.dir/C_/Program_Files/Raspberry_Pi/Pico_SDK_v1.5.0/pico-sdk/lib/tinyusb/src/device/usbd.c.obj
                0x10005918                usbd_edpt_stall
 .text.usbd_edpt_clear_stall
                0x10005960       0x48 CMakeFiles/hello_world.dir/C_/Program_Files/Raspberry_Pi/Pico_SDK_v1.5.0/pico-sdk/lib/tinyusb/src/device/usbd.c.obj
                0x10005960                usbd_edpt_clear_stall
 .text.usbd_edpt_stalled
                0x100059a8       0x1c CMakeFiles/hello_world.dir/C_/Program_Files/Raspberry_Pi/Pico_SDK_v1.5.0/pico-sdk/lib/tinyusb/src/device/usbd.c.obj
                0x100059a8                usbd_edpt_stalled
 .text.process_control_request
                0x100059c4      0x37c CMakeFiles/hello_world.dir/C_/Program_Files/Raspberry_Pi/Pico_SDK_v1.5.0/pico-sdk/lib/tinyusb/src/device/usbd.c.obj
 .text.tud_task_ext
                0x10005d40      0x1b4 CMakeFiles/hello_world.dir/C_/Program_Files/Raspberry_Pi/Pico_SDK_v1.5.0/pico-sdk/lib/tinyusb/src/device/usbd.c.obj
                0x10005d40                tud_task_ext
 .text._data_stage_xact
                0x10005ef4       0x58 CMakeFiles/hello_world.dir/C_/Program_Files/Raspberry_Pi/Pico_SDK_v1.5.0/pico-sdk/lib/tinyusb/src/device/usbd_control.c.obj
 .text.tud_control_status
                0x10005f4c       0x38 CMakeFiles/hello_world.dir/C_/Program_Files/Raspberry_Pi/Pico_SDK_v1.5.0/pico-sdk/lib/tinyusb/src/device/usbd_control.c.obj
                0x10005f4c                tud_control_status
 .text.tud_control_xfer
                0x10005f84       0x74 CMakeFiles/hello_world.dir/C_/Program_Files/Raspberry_Pi/Pico_SDK_v1.5.0/pico-sdk/lib/tinyusb/src/device/usbd_control.c.obj
                0x10005f84                tud_control_xfer
 .text.usbd_control_reset
                0x10005ff8       0x14 CMakeFiles/hello_world.dir/C_/Program_Files/Raspberry_Pi/Pico_SDK_v1.5.0/pico-sdk/lib/tinyusb/src/device/usbd_control.c.obj
                0x10005ff8                usbd_control_reset
 .text.usbd_control_set_complete_callback
                0x1000600c        0xc CMakeFiles/hello_world.dir/C_/Program_Files/Raspberry_Pi/Pico_SDK_v1.5.0/pico-sdk/lib/tinyusb/src/device/usbd_control.c.obj
                0x1000600c                usbd_control_set_complete_callback
 .text.usbd_control_set_request
                0x10006018       0x1c CMakeFiles/hello_world.dir/C_/Program_Files/Raspberry_Pi/Pico_SDK_v1.5.0/pico-sdk/lib/tinyusb/src/device/usbd_control.c.obj
                0x10006018                usbd_control_set_request
 .text.usbd_control_xfer_cb
                0x10006034       0xcc CMakeFiles/hello_world.dir/C_/Program_Files/Raspberry_Pi/Pico_SDK_v1.5.0/pico-sdk/lib/tinyusb/src/device/usbd_control.c.obj
                0x10006034                usbd_control_xfer_cb
 .text._prep_out_transaction
                0x10006100       0x4a CMakeFiles/hello_world.dir/C_/Program_Files/Raspberry_Pi/Pico_SDK_v1.5.0/pico-sdk/lib/tinyusb/src/class/cdc/cdc_device.c.obj
 *fill*         0x1000614a        0x2 
 .text.tud_cdc_n_connected
                0x1000614c       0x44 CMakeFiles/hello_world.dir/C_/Program_Files/Raspberry_Pi/Pico_SDK_v1.5.0/pico-sdk/lib/tinyusb/src/class/cdc/cdc_device.c.obj
                0x1000614c                tud_cdc_n_connected
 .text.tud_cdc_n_available
                0x10006190       0x18 CMakeFiles/hello_world.dir/C_/Program_Files/Raspberry_Pi/Pico_SDK_v1.5.0/pico-sdk/lib/tinyusb/src/class/cdc/cdc_device.c.obj
                0x10006190                tud_cdc_n_available
 .text.tud_cdc_n_read
                0x100061a8       0x28 CMakeFiles/hello_world.dir/C_/Program_Files/Raspberry_Pi/Pico_SDK_v1.5.0/pico-sdk/lib/tinyusb/src/class/cdc/cdc_device.c.obj
                0x100061a8                tud_cdc_n_read
 .text.tud_cdc_n_write_flush
                0x100061d0       0xb8 CMakeFiles/hello_world.dir/C_/Program_Files/Raspberry_Pi/Pico_SDK_v1.5.0/pico-sdk/lib/tinyusb/src/class/cdc/cdc_device.c.obj
                0x100061d0                tud_cdc_n_write_flush
 .text.tud_cdc_n_write
                0x10006288       0x38 CMakeFiles/hello_world.dir/C_/Program_Files/Raspberry_Pi/Pico_SDK_v1.5.0/pico-sdk/lib/tinyusb/src/class/cdc/cdc_device.c.obj
                0x10006288                tud_cdc_n_write
 .text.tud_cdc_n_write_available
                0x100062c0       0x1c CMakeFiles/hello_world.dir/C_/Program_Files/Raspberry_Pi/Pico_SDK_v1.5.0/pico-sdk/lib/tinyusb/src/class/cdc/cdc_device.c.obj
                0x100062c0                tud_cdc_n_write_available
 .text.cdcd_init
                0x100062dc       0xbc CMakeFiles/hello_world.dir/C_/Program_Files/Raspberry_Pi/Pico_SDK_v1.5.0/pico-sdk/lib/tinyusb/src/class/cdc/cdc_device.c.obj
                0x100062dc                cdcd_init
 .text.cdcd_reset
                0x10006398       0x44 CMakeFiles/hello_world.dir/C_/Program_Files/Raspberry_Pi/Pico_SDK_v1.5.0/pico-sdk/lib/tinyusb/src/class/cdc/cdc_device.c.obj
                0x10006398                cdcd_reset
 .text.cdcd_open
                0x100063dc       0xcc CMakeFiles/hello_world.dir/C_/Program_Files/Raspberry_Pi/Pico_SDK_v1.5.0/pico-sdk/lib/tinyusb/src/class/cdc/cdc_device.c.obj
                0x100063dc                cdcd_open
 .text.cdcd_control_xfer_cb
                0x100064a8      0x134 CMakeFiles/hello_world.dir/C_/Program_Files/Raspberry_Pi/Pico_SDK_v1.5.0/pico-sdk/lib/tinyusb/src/class/cdc/cdc_device.c.obj
                0x100064a8                cdcd_control_xfer_cb
 .text.cdcd_xfer_cb
                0x100065dc      0x130 CMakeFiles/hello_world.dir/C_/Program_Files/Raspberry_Pi/Pico_SDK_v1.5.0/pico-sdk/lib/tinyusb/src/class/cdc/cdc_device.c.obj
                0x100065dc                cdcd_xfer_cb
 .text.tusb_init
                0x1000670c        0xa CMakeFiles/hello_world.dir/C_/Program_Files/Raspberry_Pi/Pico_SDK_v1.5.0/pico-sdk/lib/tinyusb/src/tusb.c.obj
                0x1000670c                tusb_init
 .text.tusb_inited
                0x10006716        0xe CMakeFiles/hello_world.dir/C_/Program_Files/Raspberry_Pi/Pico_SDK_v1.5.0/pico-sdk/lib/tinyusb/src/tusb.c.obj
                0x10006716                tusb_inited
 .text.tu_edpt_claim
                0x10006724       0x50 CMakeFiles/hello_world.dir/C_/Program_Files/Raspberry_Pi/Pico_SDK_v1.5.0/pico-sdk/lib/tinyusb/src/tusb.c.obj
                0x10006724                tu_edpt_claim
 .text.tu_edpt_release
                0x10006774       0x3c CMakeFiles/hello_world.dir/C_/Program_Files/Raspberry_Pi/Pico_SDK_v1.5.0/pico-sdk/lib/tinyusb/src/tusb.c.obj
                0x10006774                tu_edpt_release
 .text.tu_edpt_validate
                0x100067b0       0x78 CMakeFiles/hello_world.dir/C_/Program_Files/Raspberry_Pi/Pico_SDK_v1.5.0/pico-sdk/lib/tinyusb/src/tusb.c.obj
                0x100067b0                tu_edpt_validate
 .text.tu_edpt_bind_driver
                0x10006828       0x26 CMakeFiles/hello_world.dir/C_/Program_Files/Raspberry_Pi/Pico_SDK_v1.5.0/pico-sdk/lib/tinyusb/src/tusb.c.obj
                0x10006828                tu_edpt_bind_driver
 .text.advance_index
                0x1000684e       0x1a CMakeFiles/hello_world.dir/C_/Program_Files/Raspberry_Pi/Pico_SDK_v1.5.0/pico-sdk/lib/tinyusb/src/common/tusb_fifo.c.obj
 .text._tu_fifo_peek
                0x10006868       0x56 CMakeFiles/hello_world.dir/C_/Program_Files/Raspberry_Pi/Pico_SDK_v1.5.0/pico-sdk/lib/tinyusb/src/common/tusb_fifo.c.obj
 .text._ff_pull_const_addr
                0x100068be       0x4c CMakeFiles/hello_world.dir/C_/Program_Files/Raspberry_Pi/Pico_SDK_v1.5.0/pico-sdk/lib/tinyusb/src/common/tusb_fifo.c.obj
 .text._ff_pull_n
                0x1000690a      0x110 CMakeFiles/hello_world.dir/C_/Program_Files/Raspberry_Pi/Pico_SDK_v1.5.0/pico-sdk/lib/tinyusb/src/common/tusb_fifo.c.obj
 .text._tu_fifo_peek_n
                0x10006a1a       0x6a CMakeFiles/hello_world.dir/C_/Program_Files/Raspberry_Pi/Pico_SDK_v1.5.0/pico-sdk/lib/tinyusb/src/common/tusb_fifo.c.obj
 .text._tu_fifo_read_n
                0x10006a84       0x4e CMakeFiles/hello_world.dir/C_/Program_Files/Raspberry_Pi/Pico_SDK_v1.5.0/pico-sdk/lib/tinyusb/src/common/tusb_fifo.c.obj
 .text._ff_push_const_addr
                0x10006ad2       0x40 CMakeFiles/hello_world.dir/C_/Program_Files/Raspberry_Pi/Pico_SDK_v1.5.0/pico-sdk/lib/tinyusb/src/common/tusb_fifo.c.obj
 .text._ff_push_n
                0x10006b12      0x10c CMakeFiles/hello_world.dir/C_/Program_Files/Raspberry_Pi/Pico_SDK_v1.5.0/pico-sdk/lib/tinyusb/src/common/tusb_fifo.c.obj
 .text._tu_fifo_write_n
                0x10006c1e       0xf0 CMakeFiles/hello_world.dir/C_/Program_Files/Raspberry_Pi/Pico_SDK_v1.5.0/pico-sdk/lib/tinyusb/src/common/tusb_fifo.c.obj
 .text.tu_fifo_config
                0x10006d0e       0x7c CMakeFiles/hello_world.dir/C_/Program_Files/Raspberry_Pi/Pico_SDK_v1.5.0/pico-sdk/lib/tinyusb/src/common/tusb_fifo.c.obj
                0x10006d0e                tu_fifo_config
 .text.tu_fifo_count
                0x10006d8a       0x2a CMakeFiles/hello_world.dir/C_/Program_Files/Raspberry_Pi/Pico_SDK_v1.5.0/pico-sdk/lib/tinyusb/src/common/tusb_fifo.c.obj
                0x10006d8a                tu_fifo_count
 .text.tu_fifo_empty
                0x10006db4       0x10 CMakeFiles/hello_world.dir/C_/Program_Files/Raspberry_Pi/Pico_SDK_v1.5.0/pico-sdk/lib/tinyusb/src/common/tusb_fifo.c.obj
                0x10006db4                tu_fifo_empty
 .text.tu_fifo_full
                0x10006dc4       0x28 CMakeFiles/hello_world.dir/C_/Program_Files/Raspberry_Pi/Pico_SDK_v1.5.0/pico-sdk/lib/tinyusb/src/common/tusb_fifo.c.obj
                0x10006dc4                tu_fifo_full
 .text.tu_fifo_remaining
                0x10006dec       0x2c CMakeFiles/hello_world.dir/C_/Program_Files/Raspberry_Pi/Pico_SDK_v1.5.0/pico-sdk/lib/tinyusb/src/common/tusb_fifo.c.obj
                0x10006dec                tu_fifo_remaining
 .text.tu_fifo_read
                0x10006e18       0x42 CMakeFiles/hello_world.dir/C_/Program_Files/Raspberry_Pi/Pico_SDK_v1.5.0/pico-sdk/lib/tinyusb/src/common/tusb_fifo.c.obj
                0x10006e18                tu_fifo_read
 .text.tu_fifo_read_n
                0x10006e5a        0xa CMakeFiles/hello_world.dir/C_/Program_Files/Raspberry_Pi/Pico_SDK_v1.5.0/pico-sdk/lib/tinyusb/src/common/tusb_fifo.c.obj
                0x10006e5a                tu_fifo_read_n
 .text.tu_fifo_write
                0x10006e64       0x64 CMakeFiles/hello_world.dir/C_/Program_Files/Raspberry_Pi/Pico_SDK_v1.5.0/pico-sdk/lib/tinyusb/src/common/tusb_fifo.c.obj
                0x10006e64                tu_fifo_write
 .text.tu_fifo_write_n
                0x10006ec8        0xa CMakeFiles/hello_world.dir/C_/Program_Files/Raspberry_Pi/Pico_SDK_v1.5.0/pico-sdk/lib/tinyusb/src/common/tusb_fifo.c.obj
                0x10006ec8                tu_fifo_write_n
 .text.tu_fifo_clear
                0x10006ed2       0x3e CMakeFiles/hello_world.dir/C_/Program_Files/Raspberry_Pi/Pico_SDK_v1.5.0/pico-sdk/lib/tinyusb/src/common/tusb_fifo.c.obj
                0x10006ed2                tu_fifo_clear
 .text.tu_fifo_set_overwritable
                0x10006f10       0x46 CMakeFiles/hello_world.dir/C_/Program_Files/Raspberry_Pi/Pico_SDK_v1.5.0/pico-sdk/lib/tinyusb/src/common/tusb_fifo.c.obj
                0x10006f10                tu_fifo_set_overwritable
 *fill*         0x10006f56        0x2 
 .text.strlen   0x10006f58       0x5c c:/progra~1/raspbe~1/picosd~1.0/gcc-ar~1/bin/../lib/gcc/arm-none-eabi/10.3.1/../../../../arm-none-eabi/lib/thumb/v6-m/nofp\libg.a(lib_a-strlen-stub.o)
                0x10006f58                strlen
 *(.fini)
 .fini          0x10006fb4        0x4 c:/progra~1/raspbe~1/picosd~1.0/gcc-ar~1/bin/../lib/gcc/arm-none-eabi/10.3.1/thumb/v6-m/nofp/crti.o
                0x10006fb4                _fini
 .fini.__stub   0x10006fb8       0xe0 linker stubs
 *crtbegin.o(.ctors)
 *crtbegin?.o(.ctors)
 *(EXCLUDE_FILE(*crtend.o *crtend?.o) .ctors)
 *(SORT_BY_NAME(.ctors.*))
 *(.ctors)
 *crtbegin.o(.dtors)
 *crtbegin?.o(.dtors)
 *(EXCLUDE_FILE(*crtend.o *crtend?.o) .dtors)
 *(SORT_BY_NAME(.dtors.*))
 *(.dtors)
 *(.eh_frame*)
 .eh_frame      0x10007098        0x0 c:/progra~1/raspbe~1/picosd~1.0/gcc-ar~1/bin/../lib/gcc/arm-none-eabi/10.3.1/thumb/v6-m/nofp/crtbegin.o
                0x10007098                . = ALIGN (0x4)

.glue_7         0x10007098        0x0
 .glue_7        0x10007098        0x0 linker stubs

.glue_7t        0x10007098        0x0
 .glue_7t       0x10007098        0x0 linker stubs

.vfp11_veneer   0x10007098        0x0
 .vfp11_veneer  0x10007098        0x0 linker stubs

.v4_bx          0x10007098        0x0
 .v4_bx         0x10007098        0x0 linker stubs

.iplt           0x10007098        0x0
 .iplt          0x10007098        0x0 c:/progra~1/raspbe~1/picosd~1.0/gcc-ar~1/bin/../lib/gcc/arm-none-eabi/10.3.1/thumb/v6-m/nofp/crtbegin.o

.rodata         0x10007098     0x1784
 *(EXCLUDE_FILE(*libm.a: *libc.a:*lib_a-mem*.o *libgcc.a:) .rodata*)
 .rodata.main.str1.4
                0x10007098        0xe CMakeFiles/hello_world.dir/hello_world.c.obj
 *fill*         0x100070a6        0x2 
 .rodata.spin_lock_claim_unused.str1.4
                0x100070a8       0x1b CMakeFiles/hello_world.dir/C_/Program_Files/Raspberry_Pi/Pico_SDK_v1.5.0/pico-sdk/src/rp2_common/hardware_sync/sync.c.obj
 *fill*         0x100070c3        0x1 
 .rodata.make_branch.str1.4
                0x100070c4       0x89 CMakeFiles/hello_world.dir/C_/Program_Files/Raspberry_Pi/Pico_SDK_v1.5.0/pico-sdk/src/rp2_common/hardware_irq/irq.c.obj
 *fill*         0x1000714d        0x3 
 .rodata.insert_branch_and_link.str1.4
                0x10007150       0x10 CMakeFiles/hello_world.dir/C_/Program_Files/Raspberry_Pi/Pico_SDK_v1.5.0/pico-sdk/src/rp2_common/hardware_irq/irq.c.obj
 .rodata.irq_set_exclusive_handler.str1.4
                0x10007160       0x36 CMakeFiles/hello_world.dir/C_/Program_Files/Raspberry_Pi/Pico_SDK_v1.5.0/pico-sdk/src/rp2_common/hardware_irq/irq.c.obj
 *fill*         0x10007196        0x2 
 .rodata.irq_add_shared_handler.str1.4
                0x10007198       0xd9 CMakeFiles/hello_world.dir/C_/Program_Files/Raspberry_Pi/Pico_SDK_v1.5.0/pico-sdk/src/rp2_common/hardware_irq/irq.c.obj
 *fill*         0x10007271        0x3 
 .rodata.irq_remove_handler.str1.4
                0x10007274       0x3a CMakeFiles/hello_world.dir/C_/Program_Files/Raspberry_Pi/Pico_SDK_v1.5.0/pico-sdk/src/rp2_common/hardware_irq/irq.c.obj
 *fill*         0x100072ae        0x2 
 .rodata.irq_add_tail_to_free_list.str1.4
                0x100072b0       0x3a CMakeFiles/hello_world.dir/C_/Program_Files/Raspberry_Pi/Pico_SDK_v1.5.0/pico-sdk/src/rp2_common/hardware_irq/irq.c.obj
 *fill*         0x100072ea        0x2 
 .rodata.user_irq_claim_unused.str1.4
                0x100072ec       0x1b CMakeFiles/hello_world.dir/C_/Program_Files/Raspberry_Pi/Pico_SDK_v1.5.0/pico-sdk/src/rp2_common/hardware_irq/irq.c.obj
 *fill*         0x10007307        0x1 
 .rodata.__func__.0
                0x10007308       0x1a CMakeFiles/hello_world.dir/C_/Program_Files/Raspberry_Pi/Pico_SDK_v1.5.0/pico-sdk/src/rp2_common/hardware_irq/irq.c.obj
 *fill*         0x10007322        0x2 
 .rodata.__func__.1
                0x10007324       0x17 CMakeFiles/hello_world.dir/C_/Program_Files/Raspberry_Pi/Pico_SDK_v1.5.0/pico-sdk/src/rp2_common/hardware_irq/irq.c.obj
 *fill*         0x1000733b        0x1 
 .rodata.__func__.2
                0x1000733c       0x13 CMakeFiles/hello_world.dir/C_/Program_Files/Raspberry_Pi/Pico_SDK_v1.5.0/pico-sdk/src/rp2_common/hardware_irq/irq.c.obj
 *fill*         0x1000734f        0x1 
 .rodata.__func__.3
                0x10007350        0xc CMakeFiles/hello_world.dir/C_/Program_Files/Raspberry_Pi/Pico_SDK_v1.5.0/pico-sdk/src/rp2_common/hardware_irq/irq.c.obj
 .rodata.__func__.4
                0x1000735c        0xf CMakeFiles/hello_world.dir/C_/Program_Files/Raspberry_Pi/Pico_SDK_v1.5.0/pico-sdk/src/rp2_common/hardware_irq/irq.c.obj
 *fill*         0x1000736b        0x1 
 .rodata.__func__.5
                0x1000736c       0x17 CMakeFiles/hello_world.dir/C_/Program_Files/Raspberry_Pi/Pico_SDK_v1.5.0/pico-sdk/src/rp2_common/hardware_irq/irq.c.obj
 *fill*         0x10007383        0x1 
 .rodata.__func__.6
                0x10007384       0x1a CMakeFiles/hello_world.dir/C_/Program_Files/Raspberry_Pi/Pico_SDK_v1.5.0/pico-sdk/src/rp2_common/hardware_irq/irq.c.obj
 *fill*         0x1000739e        0x2 
 .rodata.str1.4
                0x100073a0      0x125 CMakeFiles/hello_world.dir/C_/Program_Files/Raspberry_Pi/Pico_SDK_v1.5.0/pico-sdk/src/common/pico_sync/mutex.c.obj
 *fill*         0x100074c5        0x3 
 .rodata.__func__.1
                0x100074c8        0xb CMakeFiles/hello_world.dir/C_/Program_Files/Raspberry_Pi/Pico_SDK_v1.5.0/pico-sdk/src/common/pico_sync/mutex.c.obj
 *fill*         0x100074d3        0x1 
 .rodata.__func__.3
                0x100074d4       0x18 CMakeFiles/hello_world.dir/C_/Program_Files/Raspberry_Pi/Pico_SDK_v1.5.0/pico-sdk/src/common/pico_sync/mutex.c.obj
 .rodata.__func__.4
                0x100074ec       0x15 CMakeFiles/hello_world.dir/C_/Program_Files/Raspberry_Pi/Pico_SDK_v1.5.0/pico-sdk/src/common/pico_sync/mutex.c.obj
 *fill*         0x10007501        0x3 
 .rodata.repeating_timer_callback.str1.4
                0x10007504       0x67 CMakeFiles/hello_world.dir/C_/Program_Files/Raspberry_Pi/Pico_SDK_v1.5.0/pico-sdk/src/common/pico_time/time.c.obj
 *fill*         0x1000756b        0x1 
 .rodata.timer_pool_entry_comparator.str1.4
                0x1000756c       0x22 CMakeFiles/hello_world.dir/C_/Program_Files/Raspberry_Pi/Pico_SDK_v1.5.0/pico-sdk/src/common/pico_time/time.c.obj
 *fill*         0x1000758e        0x2 
 .rodata.ph_add_child_node.str1.4
                0x10007590       0xb2 CMakeFiles/hello_world.dir/C_/Program_Files/Raspberry_Pi/Pico_SDK_v1.5.0/pico-sdk/src/common/pico_time/time.c.obj
 *fill*         0x10007642        0x2 
 .rodata.add_alarm_under_lock.str1.4
                0x10007644       0x28 CMakeFiles/hello_world.dir/C_/Program_Files/Raspberry_Pi/Pico_SDK_v1.5.0/pico-sdk/src/common/pico_time/time.c.obj
                                 0x2b (size before relaxing)
 .rodata.alarm_pool_alarm_callback.str1.4
                0x1000766c       0x98 CMakeFiles/hello_world.dir/C_/Program_Files/Raspberry_Pi/Pico_SDK_v1.5.0/pico-sdk/src/common/pico_time/time.c.obj
                                0x118 (size before relaxing)
 .rodata.alarm_pool_get_default.str1.4
                0x10007704       0x21 CMakeFiles/hello_world.dir/C_/Program_Files/Raspberry_Pi/Pico_SDK_v1.5.0/pico-sdk/src/common/pico_time/time.c.obj
 *fill*         0x10007725        0x3 
 .rodata.alarm_pool_cancel_alarm.str1.4
                0x10007728       0x27 CMakeFiles/hello_world.dir/C_/Program_Files/Raspberry_Pi/Pico_SDK_v1.5.0/pico-sdk/src/common/pico_time/time.c.obj
 *fill*         0x1000774f        0x1 
 .rodata.sleep_until.str1.4
                0x10007750       0x4d CMakeFiles/hello_world.dir/C_/Program_Files/Raspberry_Pi/Pico_SDK_v1.5.0/pico-sdk/src/common/pico_time/time.c.obj
 *fill*         0x1000779d        0x3 
 .rodata.__func__.1
                0x100077a0       0x18 CMakeFiles/hello_world.dir/C_/Program_Files/Raspberry_Pi/Pico_SDK_v1.5.0/pico-sdk/src/common/pico_time/time.c.obj
 .rodata.__func__.10
                0x100077b8       0x15 CMakeFiles/hello_world.dir/C_/Program_Files/Raspberry_Pi/Pico_SDK_v1.5.0/pico-sdk/src/common/pico_time/time.c.obj
 *fill*         0x100077cd        0x3 
 .rodata.__func__.11
                0x100077d0       0x1a CMakeFiles/hello_world.dir/C_/Program_Files/Raspberry_Pi/Pico_SDK_v1.5.0/pico-sdk/src/common/pico_time/time.c.obj
 *fill*         0x100077ea        0x2 
 .rodata.__func__.12
                0x100077ec        0xa CMakeFiles/hello_world.dir/C_/Program_Files/Raspberry_Pi/Pico_SDK_v1.5.0/pico-sdk/src/common/pico_time/time.c.obj
 *fill*         0x100077f6        0x2 
 .rodata.__func__.3
                0x100077f8       0x17 CMakeFiles/hello_world.dir/C_/Program_Files/Raspberry_Pi/Pico_SDK_v1.5.0/pico-sdk/src/common/pico_time/time.c.obj
 *fill*         0x1000780f        0x1 
 .rodata.__func__.4
                0x10007810       0x12 CMakeFiles/hello_world.dir/C_/Program_Files/Raspberry_Pi/Pico_SDK_v1.5.0/pico-sdk/src/common/pico_time/time.c.obj
 *fill*         0x10007822        0x2 
 .rodata.__func__.5
                0x10007824        0xd CMakeFiles/hello_world.dir/C_/Program_Files/Raspberry_Pi/Pico_SDK_v1.5.0/pico-sdk/src/common/pico_time/time.c.obj
 *fill*         0x10007831        0x3 
 .rodata.__func__.6
                0x10007834       0x12 CMakeFiles/hello_world.dir/C_/Program_Files/Raspberry_Pi/Pico_SDK_v1.5.0/pico-sdk/src/common/pico_time/time.c.obj
 *fill*         0x10007846        0x2 
 .rodata.__func__.7
                0x10007848        0xf CMakeFiles/hello_world.dir/C_/Program_Files/Raspberry_Pi/Pico_SDK_v1.5.0/pico-sdk/src/common/pico_time/time.c.obj
 *fill*         0x10007857        0x1 
 .rodata.__func__.8
                0x10007858        0xc CMakeFiles/hello_world.dir/C_/Program_Files/Raspberry_Pi/Pico_SDK_v1.5.0/pico-sdk/src/common/pico_time/time.c.obj
 .rodata.__func__.9
                0x10007864       0x15 CMakeFiles/hello_world.dir/C_/Program_Files/Raspberry_Pi/Pico_SDK_v1.5.0/pico-sdk/src/common/pico_time/time.c.obj
 *fill*         0x10007879        0x3 
 .rodata.hardware_alarm_claim.str1.4
                0x1000787c       0x22 CMakeFiles/hello_world.dir/C_/Program_Files/Raspberry_Pi/Pico_SDK_v1.5.0/pico-sdk/src/rp2_common/hardware_timer/timer.c.obj
 *fill*         0x1000789e        0x2 
 .rodata.hardware_alarm_set_target.str1.4
                0x100078a0       0x81 CMakeFiles/hello_world.dir/C_/Program_Files/Raspberry_Pi/Pico_SDK_v1.5.0/pico-sdk/src/rp2_common/hardware_timer/timer.c.obj
 *fill*         0x10007921        0x3 
 .rodata.__func__.0
                0x10007924       0x1a CMakeFiles/hello_world.dir/C_/Program_Files/Raspberry_Pi/Pico_SDK_v1.5.0/pico-sdk/src/rp2_common/hardware_timer/timer.c.obj
 .rodata.ph_add_child_node.str1.4
                0x1000793e       0xb2 CMakeFiles/hello_world.dir/C_/Program_Files/Raspberry_Pi/Pico_SDK_v1.5.0/pico-sdk/src/common/pico_util/pheap.c.obj
 *fill*         0x1000793e        0x2 
 .rodata.ph_remove_any_head.str1.4
                0x10007940       0xa8 CMakeFiles/hello_world.dir/C_/Program_Files/Raspberry_Pi/Pico_SDK_v1.5.0/pico-sdk/src/common/pico_util/pheap.c.obj
                                 0xbc (size before relaxing)
 .rodata.ph_remove_and_free_node.str1.4
                0x100079e8       0x1e CMakeFiles/hello_world.dir/C_/Program_Files/Raspberry_Pi/Pico_SDK_v1.5.0/pico-sdk/src/common/pico_util/pheap.c.obj
                                 0x26 (size before relaxing)
 *fill*         0x10007a06        0x2 
 .rodata.__func__.0
                0x10007a08       0x18 CMakeFiles/hello_world.dir/C_/Program_Files/Raspberry_Pi/Pico_SDK_v1.5.0/pico-sdk/src/common/pico_util/pheap.c.obj
 .rodata.__func__.1
                0x10007a20       0x13 CMakeFiles/hello_world.dir/C_/Program_Files/Raspberry_Pi/Pico_SDK_v1.5.0/pico-sdk/src/common/pico_util/pheap.c.obj
 *fill*         0x10007a33        0x1 
 .rodata.__func__.2
                0x10007a34       0x12 CMakeFiles/hello_world.dir/C_/Program_Files/Raspberry_Pi/Pico_SDK_v1.5.0/pico-sdk/src/common/pico_util/pheap.c.obj
 *fill*         0x10007a46        0x2 
 .rodata.__func__.3
                0x10007a48        0xc CMakeFiles/hello_world.dir/C_/Program_Files/Raspberry_Pi/Pico_SDK_v1.5.0/pico-sdk/src/common/pico_util/pheap.c.obj
 .rodata.clock_configure.str1.4
                0x10007a54       0x73 CMakeFiles/hello_world.dir/C_/Program_Files/Raspberry_Pi/Pico_SDK_v1.5.0/pico-sdk/src/rp2_common/hardware_clocks/clocks.c.obj
 *fill*         0x10007ac7        0x1 
 .rodata.__func__.1
                0x10007ac8       0x10 CMakeFiles/hello_world.dir/C_/Program_Files/Raspberry_Pi/Pico_SDK_v1.5.0/pico-sdk/src/rp2_common/hardware_clocks/clocks.c.obj
 .rodata.pll_init.str1.4
                0x10007ad8      0x13f CMakeFiles/hello_world.dir/C_/Program_Files/Raspberry_Pi/Pico_SDK_v1.5.0/pico-sdk/src/rp2_common/hardware_pll/pll.c.obj
 *fill*         0x10007c17        0x1 
 .rodata.__func__.0
                0x10007c18        0x9 CMakeFiles/hello_world.dir/C_/Program_Files/Raspberry_Pi/Pico_SDK_v1.5.0/pico-sdk/src/rp2_common/hardware_pll/pll.c.obj
 *fill*         0x10007c21        0x3 
 .rodata.__assert_func.str1.4
                0x10007c24       0x3f CMakeFiles/hello_world.dir/C_/Program_Files/Raspberry_Pi/Pico_SDK_v1.5.0/pico-sdk/src/rp2_common/pico_runtime/runtime.c.obj
                                 0x43 (size before relaxing)
 *fill*         0x10007c63        0x1 
 .rodata.runtime_init.str1.4
                0x10007c64       0x7d CMakeFiles/hello_world.dir/C_/Program_Files/Raspberry_Pi/Pico_SDK_v1.5.0/pico-sdk/src/rp2_common/pico_runtime/runtime.c.obj
 *fill*         0x10007ce1        0x3 
 .rodata.panic.str1.4
                0x10007ce4       0x12 CMakeFiles/hello_world.dir/C_/Program_Files/Raspberry_Pi/Pico_SDK_v1.5.0/pico-sdk/src/rp2_common/pico_runtime/runtime.c.obj
 *fill*         0x10007cf6        0x2 
 .rodata.__func__.2
                0x10007cf8        0xd CMakeFiles/hello_world.dir/C_/Program_Files/Raspberry_Pi/Pico_SDK_v1.5.0/pico-sdk/src/rp2_common/pico_runtime/runtime.c.obj
 *fill*         0x10007d05        0x3 
 .rodata._ftoa.str1.4
                0x10007d08       0x15 CMakeFiles/hello_world.dir/C_/Program_Files/Raspberry_Pi/Pico_SDK_v1.5.0/pico-sdk/src/rp2_common/pico_printf/printf.c.obj
 *fill*         0x10007d1d        0x3 
 .rodata._vsnprintf
                0x10007d20      0x1e0 CMakeFiles/hello_world.dir/C_/Program_Files/Raspberry_Pi/Pico_SDK_v1.5.0/pico-sdk/src/rp2_common/pico_printf/printf.c.obj
 .rodata.pow10.0
                0x10007f00       0x50 CMakeFiles/hello_world.dir/C_/Program_Files/Raspberry_Pi/Pico_SDK_v1.5.0/pico-sdk/src/rp2_common/pico_printf/printf.c.obj
 .rodata.__aeabi_double_init.str1.4
                0x10007f50       0xc4 CMakeFiles/hello_world.dir/C_/Program_Files/Raspberry_Pi/Pico_SDK_v1.5.0/pico-sdk/src/rp2_common/pico_double/double_init_rom.c.obj
 .rodata.__func__.0
                0x10008014       0x14 CMakeFiles/hello_world.dir/C_/Program_Files/Raspberry_Pi/Pico_SDK_v1.5.0/pico-sdk/src/rp2_common/pico_double/double_init_rom.c.obj
 .rodata.__aeabi_float_init.str1.4
                0x10008028       0x96 CMakeFiles/hello_world.dir/C_/Program_Files/Raspberry_Pi/Pico_SDK_v1.5.0/pico-sdk/src/rp2_common/pico_float/float_init_rom.c.obj
                                 0x9a (size before relaxing)
 *fill*         0x100080be        0x2 
 .rodata.__func__.0
                0x100080c0       0x13 CMakeFiles/hello_world.dir/C_/Program_Files/Raspberry_Pi/Pico_SDK_v1.5.0/pico-sdk/src/rp2_common/pico_float/float_init_rom.c.obj
 *fill*         0x100080d3        0x1 
 .rodata.str1.4
                0x100080d4       0x40 CMakeFiles/hello_world.dir/C_/Program_Files/Raspberry_Pi/Pico_SDK_v1.5.0/pico-sdk/src/rp2_common/pico_standard_link/binary_info.c.obj
 .rodata.__bi_44
                0x10008114        0xc CMakeFiles/hello_world.dir/C_/Program_Files/Raspberry_Pi/Pico_SDK_v1.5.0/pico-sdk/src/rp2_common/pico_standard_link/binary_info.c.obj
 .rodata.__bi_75
                0x10008120        0xc CMakeFiles/hello_world.dir/C_/Program_Files/Raspberry_Pi/Pico_SDK_v1.5.0/pico-sdk/src/rp2_common/pico_standard_link/binary_info.c.obj
 .rodata.__bi_81
                0x1000812c        0xc CMakeFiles/hello_world.dir/C_/Program_Files/Raspberry_Pi/Pico_SDK_v1.5.0/pico-sdk/src/rp2_common/pico_standard_link/binary_info.c.obj
 .rodata.stdout_serialize_begin.str1.4
                0x10008138       0x7d CMakeFiles/hello_world.dir/C_/Program_Files/Raspberry_Pi/Pico_SDK_v1.5.0/pico-sdk/src/rp2_common/pico_stdio/stdio.c.obj
 .rodata.__func__.3
                0x10008138       0x15 CMakeFiles/hello_world.dir/C_/Program_Files/Raspberry_Pi/Pico_SDK_v1.5.0/pico-sdk/src/rp2_common/pico_stdio/stdio.c.obj
 *fill*         0x1000814d        0x3 
 .rodata.crlf_str.2
                0x10008150        0x2 CMakeFiles/hello_world.dir/C_/Program_Files/Raspberry_Pi/Pico_SDK_v1.5.0/pico-sdk/src/rp2_common/pico_stdio/stdio.c.obj
 *fill*         0x10008152        0x2 
 .rodata.str1.4
                0x10008154       0x2c CMakeFiles/hello_world.dir/C_/Program_Files/Raspberry_Pi/Pico_SDK_v1.5.0/pico-sdk/src/rp2_common/pico_stdio_uart/stdio_uart.c.obj
 .rodata.__bi_33.4
                0x10008180        0xc CMakeFiles/hello_world.dir/C_/Program_Files/Raspberry_Pi/Pico_SDK_v1.5.0/pico-sdk/src/rp2_common/pico_stdio_uart/stdio_uart.c.obj
 .rodata.__bi_34.5
                0x1000818c        0x8 CMakeFiles/hello_world.dir/C_/Program_Files/Raspberry_Pi/Pico_SDK_v1.5.0/pico-sdk/src/rp2_common/pico_stdio_uart/stdio_uart.c.obj
 .rodata._resetd_driver
                0x10008194       0x18 CMakeFiles/hello_world.dir/C_/Program_Files/Raspberry_Pi/Pico_SDK_v1.5.0/pico-sdk/src/rp2_common/pico_stdio_usb/reset_interface.c.obj
 .rodata.low_priority_worker_irq.str1.4
                0x100081ac       0x7d CMakeFiles/hello_world.dir/C_/Program_Files/Raspberry_Pi/Pico_SDK_v1.5.0/pico-sdk/src/rp2_common/pico_stdio_usb/stdio_usb.c.obj
 .rodata.stdio_usb_init.str1.4
                0x100081ac       0x61 CMakeFiles/hello_world.dir/C_/Program_Files/Raspberry_Pi/Pico_SDK_v1.5.0/pico-sdk/src/rp2_common/pico_stdio_usb/stdio_usb.c.obj
                                 0x69 (size before relaxing)
 *fill*         0x1000820d        0x3 
 .rodata.str1.4
                0x10008210       0x13 CMakeFiles/hello_world.dir/C_/Program_Files/Raspberry_Pi/Pico_SDK_v1.5.0/pico-sdk/src/rp2_common/pico_stdio_usb/stdio_usb.c.obj
 *fill*         0x10008223        0x1 
 .rodata.__bi_188.0
                0x10008224        0xc CMakeFiles/hello_world.dir/C_/Program_Files/Raspberry_Pi/Pico_SDK_v1.5.0/pico-sdk/src/rp2_common/pico_stdio_usb/stdio_usb.c.obj
 .rodata.__func__.1
                0x10008230        0xf CMakeFiles/hello_world.dir/C_/Program_Files/Raspberry_Pi/Pico_SDK_v1.5.0/pico-sdk/src/rp2_common/pico_stdio_usb/stdio_usb.c.obj
 *fill*         0x1000823f        0x1 
 .rodata.__func__.3
                0x10008240       0x15 CMakeFiles/hello_world.dir/C_/Program_Files/Raspberry_Pi/Pico_SDK_v1.5.0/pico-sdk/src/rp2_common/pico_stdio_usb/stdio_usb.c.obj
 *fill*         0x10008255        0x3 
 .rodata.str1.4
                0x10008258       0x2a CMakeFiles/hello_world.dir/C_/Program_Files/Raspberry_Pi/Pico_SDK_v1.5.0/pico-sdk/src/rp2_common/pico_stdio_usb/stdio_usb_descriptors.c.obj
 *fill*         0x10008282        0x2 
 .rodata.usbd_desc_cfg
                0x10008284       0x54 CMakeFiles/hello_world.dir/C_/Program_Files/Raspberry_Pi/Pico_SDK_v1.5.0/pico-sdk/src/rp2_common/pico_stdio_usb/stdio_usb_descriptors.c.obj
 .rodata.usbd_desc_device
                0x100082d8       0x12 CMakeFiles/hello_world.dir/C_/Program_Files/Raspberry_Pi/Pico_SDK_v1.5.0/pico-sdk/src/rp2_common/pico_stdio_usb/stdio_usb_descriptors.c.obj
 *fill*         0x100082ea        0x2 
 .rodata.usbd_desc_str
                0x100082ec       0x18 CMakeFiles/hello_world.dir/C_/Program_Files/Raspberry_Pi/Pico_SDK_v1.5.0/pico-sdk/src/rp2_common/pico_stdio_usb/stdio_usb_descriptors.c.obj
 .rodata.pico_get_unique_board_id_string.str1.4
                0x10008304       0x69 CMakeFiles/hello_world.dir/C_/Program_Files/Raspberry_Pi/Pico_SDK_v1.5.0/pico-sdk/src/rp2_common/pico_unique_id/unique_id.c.obj
 *fill*         0x1000836d        0x3 
 .rodata.__func__.0
                0x10008370       0x20 CMakeFiles/hello_world.dir/C_/Program_Files/Raspberry_Pi/Pico_SDK_v1.5.0/pico-sdk/src/rp2_common/pico_unique_id/unique_id.c.obj
 .rodata.str1.4
                0x10008390      0x176 CMakeFiles/hello_world.dir/C_/Program_Files/Raspberry_Pi/Pico_SDK_v1.5.0/pico-sdk/src/rp2_common/hardware_flash/flash.c.obj
 *fill*         0x10008506        0x2 
 .rodata.__func__.0
                0x10008508        0xd CMakeFiles/hello_world.dir/C_/Program_Files/Raspberry_Pi/Pico_SDK_v1.5.0/pico-sdk/src/rp2_common/hardware_flash/flash.c.obj
 *fill*         0x10008515        0x3 
 .rodata._hw_endpoint_alloc.str1.4
                0x10008518       0xd1 CMakeFiles/hello_world.dir/C_/Program_Files/Raspberry_Pi/Pico_SDK_v1.5.0/pico-sdk/lib/tinyusb/src/portable/raspberrypi/rp2040/dcd_rp2040.c.obj
 *fill*         0x100085e9        0x3 
 .rodata.str1.4
                0x100085ec       0x14 CMakeFiles/hello_world.dir/C_/Program_Files/Raspberry_Pi/Pico_SDK_v1.5.0/pico-sdk/lib/tinyusb/src/portable/raspberrypi/rp2040/dcd_rp2040.c.obj
 .rodata.dcd_int_enable.str1.4
                0x10008600        0xc CMakeFiles/hello_world.dir/C_/Program_Files/Raspberry_Pi/Pico_SDK_v1.5.0/pico-sdk/lib/tinyusb/src/portable/raspberrypi/rp2040/dcd_rp2040.c.obj
 .rodata.__func__.0
                0x1000860c        0xe CMakeFiles/hello_world.dir/C_/Program_Files/Raspberry_Pi/Pico_SDK_v1.5.0/pico-sdk/lib/tinyusb/src/portable/raspberrypi/rp2040/dcd_rp2040.c.obj
 *fill*         0x1000861a        0x2 
 .rodata.__func__.1
                0x1000861c        0xe CMakeFiles/hello_world.dir/C_/Program_Files/Raspberry_Pi/Pico_SDK_v1.5.0/pico-sdk/lib/tinyusb/src/portable/raspberrypi/rp2040/dcd_rp2040.c.obj
 *fill*         0x1000862a        0x2 
 .rodata.__func__.3
                0x1000862c       0x10 CMakeFiles/hello_world.dir/C_/Program_Files/Raspberry_Pi/Pico_SDK_v1.5.0/pico-sdk/lib/tinyusb/src/portable/raspberrypi/rp2040/dcd_rp2040.c.obj
 .rodata.__func__.5
                0x1000863c        0xf CMakeFiles/hello_world.dir/C_/Program_Files/Raspberry_Pi/Pico_SDK_v1.5.0/pico-sdk/lib/tinyusb/src/portable/raspberrypi/rp2040/dcd_rp2040.c.obj
 *fill*         0x1000864b        0x1 
 .rodata.__func__.6
                0x1000864c       0x13 CMakeFiles/hello_world.dir/C_/Program_Files/Raspberry_Pi/Pico_SDK_v1.5.0/pico-sdk/lib/tinyusb/src/portable/raspberrypi/rp2040/dcd_rp2040.c.obj
 *fill*         0x1000865f        0x1 
 .rodata.__func__.7
                0x10008660        0x9 CMakeFiles/hello_world.dir/C_/Program_Files/Raspberry_Pi/Pico_SDK_v1.5.0/pico-sdk/lib/tinyusb/src/portable/raspberrypi/rp2040/dcd_rp2040.c.obj
 *fill*         0x10008669        0x3 
 .rodata.str1.4
                0x1000866c       0xf9 CMakeFiles/hello_world.dir/C_/Program_Files/Raspberry_Pi/Pico_SDK_v1.5.0/pico-sdk/lib/tinyusb/src/portable/raspberrypi/rp2040/rp2040_usb.c.obj
                                0x103 (size before relaxing)
 *fill*         0x10008765        0x3 
 .rodata.__func__.0
                0x10008768        0xf CMakeFiles/hello_world.dir/C_/Program_Files/Raspberry_Pi/Pico_SDK_v1.5.0/pico-sdk/lib/tinyusb/src/portable/raspberrypi/rp2040/rp2040_usb.c.obj
 *fill*         0x10008777        0x1 
 .rodata.process_get_descriptor
                0x10008778       0x40 CMakeFiles/hello_world.dir/C_/Program_Files/Raspberry_Pi/Pico_SDK_v1.5.0/pico-sdk/lib/tinyusb/src/device/usbd.c.obj
 .rodata.process_control_request
                0x100087b8       0x28 CMakeFiles/hello_world.dir/C_/Program_Files/Raspberry_Pi/Pico_SDK_v1.5.0/pico-sdk/lib/tinyusb/src/device/usbd.c.obj
 .rodata.tud_task_ext
                0x100087e0       0x24 CMakeFiles/hello_world.dir/C_/Program_Files/Raspberry_Pi/Pico_SDK_v1.5.0/pico-sdk/lib/tinyusb/src/device/usbd.c.obj
 .rodata._usbd_driver
                0x10008804       0x18 CMakeFiles/hello_world.dir/C_/Program_Files/Raspberry_Pi/Pico_SDK_v1.5.0/pico-sdk/lib/tinyusb/src/device/usbd.c.obj
                0x1000881c                . = ALIGN (0x4)
 *(SORT_BY_ALIGNMENT(SORT_BY_NAME(.flashdata*)))
                0x1000881c                . = ALIGN (0x4)

.rel.dyn        0x1000881c        0x0
 .rel.iplt      0x1000881c        0x0 c:/progra~1/raspbe~1/picosd~1.0/gcc-ar~1/bin/../lib/gcc/arm-none-eabi/10.3.1/thumb/v6-m/nofp/crtbegin.o

.ARM.extab
 *(.ARM.extab* .gnu.linkonce.armextab.*)
                0x1000881c                __exidx_start = .

.ARM.exidx
 *(.ARM.exidx* .gnu.linkonce.armexidx.*)
                0x1000881c                __exidx_end = .
                0x1000881c                . = ALIGN (0x4)
                0x1000881c                __binary_info_start = .

.binary_info    0x1000881c       0x28
 *(.binary_info.keep.*)
 .binary_info.keep.__bi_ptr22
                0x1000881c        0x4 CMakeFiles/hello_world.dir/C_/Program_Files/Raspberry_Pi/Pico_SDK_v1.5.0/pico-sdk/src/rp2_common/pico_standard_link/binary_info.c.obj
 .binary_info.keep.__bi_ptr30
                0x10008820        0x4 CMakeFiles/hello_world.dir/C_/Program_Files/Raspberry_Pi/Pico_SDK_v1.5.0/pico-sdk/src/rp2_common/pico_standard_link/binary_info.c.obj
 .binary_info.keep.__bi_ptr38
                0x10008824        0x4 CMakeFiles/hello_world.dir/C_/Program_Files/Raspberry_Pi/Pico_SDK_v1.5.0/pico-sdk/src/rp2_common/pico_standard_link/binary_info.c.obj
 .binary_info.keep.__bi_ptr44
                0x10008828        0x4 CMakeFiles/hello_world.dir/C_/Program_Files/Raspberry_Pi/Pico_SDK_v1.5.0/pico-sdk/src/rp2_common/pico_standard_link/binary_info.c.obj
 .binary_info.keep.__bi_ptr50
                0x1000882c        0x4 CMakeFiles/hello_world.dir/C_/Program_Files/Raspberry_Pi/Pico_SDK_v1.5.0/pico-sdk/src/rp2_common/pico_standard_link/binary_info.c.obj
 .binary_info.keep.__bi_ptr75
                0x10008830        0x4 CMakeFiles/hello_world.dir/C_/Program_Files/Raspberry_Pi/Pico_SDK_v1.5.0/pico-sdk/src/rp2_common/pico_standard_link/binary_info.c.obj
 .binary_info.keep.__bi_ptr81
                0x10008834        0x4 CMakeFiles/hello_world.dir/C_/Program_Files/Raspberry_Pi/Pico_SDK_v1.5.0/pico-sdk/src/rp2_common/pico_standard_link/binary_info.c.obj
 *(.binary_info.*)
 .binary_info.__bi_ptr33
                0x10008838        0x4 CMakeFiles/hello_world.dir/C_/Program_Files/Raspberry_Pi/Pico_SDK_v1.5.0/pico-sdk/src/rp2_common/pico_stdio_uart/stdio_uart.c.obj
 .binary_info.__bi_ptr34
                0x1000883c        0x4 CMakeFiles/hello_world.dir/C_/Program_Files/Raspberry_Pi/Pico_SDK_v1.5.0/pico-sdk/src/rp2_common/pico_stdio_uart/stdio_uart.c.obj
 .binary_info.__bi_ptr188
                0x10008840        0x4 CMakeFiles/hello_world.dir/C_/Program_Files/Raspberry_Pi/Pico_SDK_v1.5.0/pico-sdk/src/rp2_common/pico_stdio_usb/stdio_usb.c.obj
                0x10008844                __binary_info_end = .
                0x10008844                . = ALIGN (0x4)
                0x10008844                __etext = .

.ram_vector_table
                0x20000000       0xc0
 *(.ram_vector_table)
 .ram_vector_table
                0x20000000       0xc0 CMakeFiles/hello_world.dir/C_/Program_Files/Raspberry_Pi/Pico_SDK_v1.5.0/pico-sdk/src/rp2_common/pico_runtime/runtime.c.obj
                0x20000000                ram_vector_table

.data           0x200000c0      0xbf8 load address 0x10008844
                0x200000c0                __data_start__ = .
 *(vtable)
 *(.time_critical*)
 .time_critical.mutex_try_enter
                0x200000c0       0x46 CMakeFiles/hello_world.dir/C_/Program_Files/Raspberry_Pi/Pico_SDK_v1.5.0/pico-sdk/src/common/pico_sync/mutex.c.obj
                0x200000c0                mutex_try_enter
 *fill*         0x20000106        0x2 
 .time_critical.mutex_enter_block_until
                0x20000108       0x8c CMakeFiles/hello_world.dir/C_/Program_Files/Raspberry_Pi/Pico_SDK_v1.5.0/pico-sdk/src/common/pico_sync/mutex.c.obj
                0x20000108                mutex_enter_block_until
 .time_critical.mutex_try_enter_block_until
                0x20000194       0x34 CMakeFiles/hello_world.dir/C_/Program_Files/Raspberry_Pi/Pico_SDK_v1.5.0/pico-sdk/src/common/pico_sync/mutex.c.obj
                0x20000194                mutex_try_enter_block_until
 .time_critical.mutex_enter_timeout_ms
                0x200001c8       0x68 CMakeFiles/hello_world.dir/C_/Program_Files/Raspberry_Pi/Pico_SDK_v1.5.0/pico-sdk/src/common/pico_sync/mutex.c.obj
                0x200001c8                mutex_enter_timeout_ms
 .time_critical.mutex_exit
                0x20000230       0x4c CMakeFiles/hello_world.dir/C_/Program_Files/Raspberry_Pi/Pico_SDK_v1.5.0/pico-sdk/src/common/pico_sync/mutex.c.obj
                0x20000230                mutex_exit
 .time_critical.flash_init_boot2_copyout
                0x2000027c       0x30 CMakeFiles/hello_world.dir/C_/Program_Files/Raspberry_Pi/Pico_SDK_v1.5.0/pico-sdk/src/rp2_common/hardware_flash/flash.c.obj
 .time_critical.flash_enable_xip_via_boot2
                0x200002ac       0x10 CMakeFiles/hello_world.dir/C_/Program_Files/Raspberry_Pi/Pico_SDK_v1.5.0/pico-sdk/src/rp2_common/hardware_flash/flash.c.obj
 .time_critical.flash_cs_force
                0x200002bc       0x28 CMakeFiles/hello_world.dir/C_/Program_Files/Raspberry_Pi/Pico_SDK_v1.5.0/pico-sdk/src/rp2_common/hardware_flash/flash.c.obj
 .time_critical.flash_do_cmd
                0x200002e4       0xd8 CMakeFiles/hello_world.dir/C_/Program_Files/Raspberry_Pi/Pico_SDK_v1.5.0/pico-sdk/src/rp2_common/hardware_flash/flash.c.obj
                0x200002e4                flash_do_cmd
 .time_critical.reset_non_control_endpoints
                0x200003bc       0x40 CMakeFiles/hello_world.dir/C_/Program_Files/Raspberry_Pi/Pico_SDK_v1.5.0/pico-sdk/lib/tinyusb/src/portable/raspberrypi/rp2040/dcd_rp2040.c.obj
 .time_critical.hw_handle_buff_status
                0x200003fc       0xa4 CMakeFiles/hello_world.dir/C_/Program_Files/Raspberry_Pi/Pico_SDK_v1.5.0/pico-sdk/lib/tinyusb/src/portable/raspberrypi/rp2040/dcd_rp2040.c.obj
 .time_critical.dcd_rp2040_irq
                0x200004a0      0x1cc CMakeFiles/hello_world.dir/C_/Program_Files/Raspberry_Pi/Pico_SDK_v1.5.0/pico-sdk/lib/tinyusb/src/portable/raspberrypi/rp2040/dcd_rp2040.c.obj
 .time_critical.e15_is_bulkin_ep
                0x2000066c       0x2c CMakeFiles/hello_world.dir/C_/Program_Files/Raspberry_Pi/Pico_SDK_v1.5.0/pico-sdk/lib/tinyusb/src/portable/raspberrypi/rp2040/rp2040_usb.c.obj
 .time_critical.e15_is_critical_frame_period
                0x20000698       0x30 CMakeFiles/hello_world.dir/C_/Program_Files/Raspberry_Pi/Pico_SDK_v1.5.0/pico-sdk/lib/tinyusb/src/portable/raspberrypi/rp2040/rp2040_usb.c.obj
 .time_critical.prepare_ep_buffer
                0x200006c8       0x70 CMakeFiles/hello_world.dir/C_/Program_Files/Raspberry_Pi/Pico_SDK_v1.5.0/pico-sdk/lib/tinyusb/src/portable/raspberrypi/rp2040/rp2040_usb.c.obj
 .time_critical.sync_ep_buffer