Archive member included to satisfy reference by file (symbol)

app/libapp.a(main.c.obj)      (--whole-archive)
zephyr/libzephyr.a(crc32_sw.c.obj)
                              (--whole-archive)
zephyr/libzephyr.a(crc16_sw.c.obj)
                              (--whole-archive)
zephyr/libzephyr.a(crc8_sw.c.obj)
                              (--whole-archive)
zephyr/libzephyr.a(crc7_sw.c.obj)
                              (--whole-archive)
zephyr/libzephyr.a(dec.c.obj)
                              (--whole-archive)
zephyr/libzephyr.a(fdtable.c.obj)
                              (--whole-archive)
zephyr/libzephyr.a(hex.c.obj)
                              (--whole-archive)
zephyr/libzephyr.a(mempool.c.obj)
                              (--whole-archive)
zephyr/libzephyr.a(notify.c.obj)
                              (--whole-archive)
zephyr/libzephyr.a(printk.c.obj)
                              (--whole-archive)
zephyr/libzephyr.a(onoff.c.obj)
                              (--whole-archive)
zephyr/libzephyr.a(rb.c.obj)  (--whole-archive)
zephyr/libzephyr.a(sem.c.obj)
                              (--whole-archive)
zephyr/libzephyr.a(thread_entry.c.obj)
                              (--whole-archive)
zephyr/libzephyr.a(timeutil.c.obj)
                              (--whole-archive)
zephyr/libzephyr.a(work_q.c.obj)
                              (--whole-archive)
zephyr/libzephyr.a(heap.c.obj)
                              (--whole-archive)
zephyr/libzephyr.a(heap-validate.c.obj)
                              (--whole-archive)
zephyr/libzephyr.a(prf.c.obj)
                              (--whole-archive)
zephyr/libzephyr.a(configs.c.obj)
                              (--whole-archive)
zephyr/libzephyr.a(soc_irq.S.obj)
                              (--whole-archive)
zephyr/libzephyr.a(vector.S.obj)
                              (--whole-archive)
zephyr/libzephyr.a(irq.c.obj)
                              (--whole-archive)
zephyr/libzephyr.a(soc.c.obj)
                              (--whole-archive)
zephyr/libzephyr.a(uart_console.c.obj)
                              (--whole-archive)
zephyr/libzephyr.a(intc_swerv_pic.c.obj)
                              (--whole-archive)
zephyr/libzephyr.a(sys_clock_init.c.obj)
                              (--whole-archive)
zephyr/libzephyr.a(riscv_machine_timer.c.obj)
                              (--whole-archive)
zephyr/arch/common/libarch__common.a(sw_isr_common.c.obj)
                              (--whole-archive)
zephyr/arch/arch/riscv/core/libarch__riscv__core.a(cpu_idle.c.obj)
                              (--whole-archive)
zephyr/arch/arch/riscv/core/libarch__riscv__core.a(fatal.c.obj)
                              (--whole-archive)
zephyr/arch/arch/riscv/core/libarch__riscv__core.a(irq_manage.c.obj)
                              (--whole-archive)
zephyr/arch/arch/riscv/core/libarch__riscv__core.a(isr.S.obj)
                              (--whole-archive)
zephyr/arch/arch/riscv/core/libarch__riscv__core.a(prep_c.c.obj)
                              (--whole-archive)
zephyr/arch/arch/riscv/core/libarch__riscv__core.a(reset.S.obj)
                              (--whole-archive)
zephyr/arch/arch/riscv/core/libarch__riscv__core.a(swap.S.obj)
                              (--whole-archive)
zephyr/arch/arch/riscv/core/libarch__riscv__core.a(thread.c.obj)
                              (--whole-archive)
zephyr/lib/libc/minimal/liblib__libc__minimal.a(atoi.c.obj)
                              (--whole-archive)
zephyr/lib/libc/minimal/liblib__libc__minimal.a(strtol.c.obj)
                              (--whole-archive)
zephyr/lib/libc/minimal/liblib__libc__minimal.a(strtoul.c.obj)
                              (--whole-archive)
zephyr/lib/libc/minimal/liblib__libc__minimal.a(malloc.c.obj)
                              (--whole-archive)
zephyr/lib/libc/minimal/liblib__libc__minimal.a(bsearch.c.obj)
                              (--whole-archive)
zephyr/lib/libc/minimal/liblib__libc__minimal.a(exit.c.obj)
                              (--whole-archive)
zephyr/lib/libc/minimal/liblib__libc__minimal.a(strncasecmp.c.obj)
                              (--whole-archive)
zephyr/lib/libc/minimal/liblib__libc__minimal.a(strstr.c.obj)
                              (--whole-archive)
zephyr/lib/libc/minimal/liblib__libc__minimal.a(string.c.obj)
                              (--whole-archive)
zephyr/lib/libc/minimal/liblib__libc__minimal.a(strspn.c.obj)
                              (--whole-archive)
zephyr/lib/libc/minimal/liblib__libc__minimal.a(stdout_console.c.obj)
                              (--whole-archive)
zephyr/lib/libc/minimal/liblib__libc__minimal.a(sprintf.c.obj)
                              (--whole-archive)
zephyr/lib/libc/minimal/liblib__libc__minimal.a(fprintf.c.obj)
                              (--whole-archive)
zephyr/lib/libc/minimal/liblib__libc__minimal.a(gmtime.c.obj)
                              (--whole-archive)
[...]
Memory Configuration

Name             Origin             Length             Attributes
RAM              0x0000000000000000 0x0000000000800000 xrw
IDT_LIST         0x00000000fffff7ff 0x0000000000000800 xw
*default*        0x0000000000000000 0xffffffffffffffff

Linker script and memory map

LOAD zephyr/CMakeFiles/zephyr_prebuilt.dir/misc/empty_file.c.obj
LOAD zephyr/CMakeFiles/offsets.dir/./arch/riscv/core/offsets/offsets.c.obj

.rel.plt        0x0000000000000000        0x0
 *(SORT_BY_ALIGNMENT(.rel.plt))
                [!provide]                        PROVIDE (__rel_iplt_start = .)
 *(SORT_BY_ALIGNMENT(.rel.iplt))
                [!provide]                        PROVIDE (__rel_iplt_end = .)

.rela.plt       0x0000000000000000        0x0
 *(SORT_BY_ALIGNMENT(.rela.plt))
                [!provide]                        PROVIDE (__rela_iplt_start = .)
 *(SORT_BY_ALIGNMENT(.rela.iplt))
                [!provide]                        PROVIDE (__rela_iplt_end = .)

.rel.dyn
 *(SORT_BY_ALIGNMENT(.rel.*))

.rela.dyn       0x0000000000000000        0x0
 *(SORT_BY_ALIGNMENT(.rela.*))
 .rela.sdata._char_out
                0x0000000000000000        0x0 app/libapp.a(main.c.obj)
 .rela.exception.entry.__irq_wrapper
                0x0000000000000000        0x0 app/libapp.a(main.c.obj)
 .rela.text.z_sys_init_run_level
                0x0000000000000000        0x0 app/libapp.a(main.c.obj)
 .rela.text.z_device_ready
                0x0000000000000000        0x0 app/libapp.a(main.c.obj)
 .rela.text.z_impl_device_get_binding
                0x0000000000000000        0x0 app/libapp.a(main.c.obj)
 .rela.rodata.levels.0
                0x0000000000000000        0x0 app/libapp.a(main.c.obj)
 .rela.text.k_sys_fatal_error_handler
                0x0000000000000000        0x0 app/libapp.a(main.c.obj)
 .rela.text.z_fatal_error
                0x0000000000000000        0x0 app/libapp.a(main.c.obj)
 .rela.text.z_bss_zero
                0x0000000000000000        0x0 app/libapp.a(main.c.obj)
 .rela.text.z_init_static_threads
                0x0000000000000000        0x0 app/libapp.a(main.c.obj)
 .rela.text.idle
                0x0000000000000000        0x0 app/libapp.a(main.c.obj)
 .rela.text.statics_init
                0x0000000000000000        0x0 app/libapp.a(main.c.obj)

.plt
 *(SORT_BY_ALIGNMENT(.plt))

.iplt
 *(SORT_BY_ALIGNMENT(.iplt))
                0x0000000000000000                _image_rom_start = .

vector          0x0000000000000000       0x24
                0x0000000000000000                . = ALIGN (0x4)
 *(SORT_BY_ALIGNMENT(.vectors.*))
 .vectors.__start
                0x0000000000000000       0x24 zephyr/libzephyr.a(vector.S.obj)
                0x0000000000000000                __start

reset
 *(SORT_BY_ALIGNMENT(.reset.*))

exceptions      0x0000000000000024      0x258
 *(SORT_BY_ALIGNMENT(.exception.entry.*))
 .exception.entry.__irq_wrapper
                0x0000000000000024      0x208 zephyr/arch/arch/riscv/core/libarch__riscv__core.a(isr.S.obj)
                0x0000000000000024                __irq_wrapper
 *(SORT_BY_ALIGNMENT(.exception.other.*))
 .exception.other.__soc_handle_irq
                0x000000000000022c       0x10 zephyr/libzephyr.a(soc_irq.S.obj)
                0x000000000000022c                __soc_handle_irq
 .exception.other.__soc_is_irq
                0x000000000000023c       0x1c zephyr/libzephyr.a(soc_irq.S.obj)
                0x000000000000023c                __soc_is_irq
 .exception.other.arch_swap
                0x0000000000000258       0x24 zephyr/arch/arch/riscv/core/libarch__riscv__core.a(swap.S.obj)
                0x0000000000000258                arch_swap

text            0x000000000000027c     0x2f60
                0x000000000000027c                . = ALIGN (0x4)
 *(SORT_BY_ALIGNMENT(.openocd_debug))
 *(SORT_BY_ALIGNMENT(.openocd_debug.*))
                0x000000000000027c                _image_text_start = .
 *(SORT_BY_ALIGNMENT(.text))
 .text          0x000000000000027c       0x94 /root/zephyr-sdk-0.12.4/riscv64-zephyr-elf/bin/../lib/gcc/riscv64-zephyr-elf/10.2.0/libgcc.a(_clzsi2.o)
                0x000000000000027c                __clzsi2
 .text          0x0000000000000310      0x4a0 /root/zephyr-sdk-0.12.4/riscv64-zephyr-elf/bin/../lib/gcc/riscv64-zephyr-elf/10.2.0/libgcc.a(_udivdi3.o)
                0x0000000000000310                __udivdi3
 .text          0x00000000000007b0      0x460 /root/zephyr-sdk-0.12.4/riscv64-zephyr-elf/bin/../lib/gcc/riscv64-zephyr-elf/10.2.0/libgcc.a(_umoddi3.o)
                0x00000000000007b0                __umoddi3
 *(SORT_BY_ALIGNMENT(.text.*))
 .text._OffsetAbsSyms
                0x0000000000000c10        0x4 zephyr/CMakeFiles/offsets.dir/./arch/riscv/core/offsets/offsets.c.obj
                0x0000000000000c10                _OffsetAbsSyms
 .text.main     0x0000000000000c14       0x14 app/libapp.a(main.c.obj)
                0x0000000000000c14                main
 .text.arch_printk_char_out
                0x0000000000000c28        0x8 zephyr/libzephyr.a(printk.c.obj)
                0x0000000000000c28                arch_printk_char_out
 .text.print_digits
                0x0000000000000c30      0x178 zephyr/libzephyr.a(printk.c.obj)
 .text.char_out
                0x0000000000000da8       0x18 zephyr/libzephyr.a(printk.c.obj)
 .text.__printk_hook_install
                0x0000000000000dc0        0xc zephyr/libzephyr.a(printk.c.obj)
                0x0000000000000dc0                __printk_hook_install
 .text.z_vprintk
                0x0000000000000dcc      0x38c zephyr/libzephyr.a(printk.c.obj)
                0x0000000000000dcc                z_vprintk
 .text.vprintk  0x0000000000001158       0x30 zephyr/libzephyr.a(printk.c.obj)
                0x0000000000001158                vprintk
 .text.printk   0x0000000000001188       0x3c zephyr/libzephyr.a(printk.c.obj)
                0x0000000000001188                printk
 .text.z_thread_entry
                0x00000000000011c4       0x24 zephyr/libzephyr.a(thread_entry.c.obj)
                0x00000000000011c4                z_thread_entry
 .text.chunk_field
                0x00000000000011e8       0x34 zephyr/libzephyr.a(heap.c.obj)
 .text.chunk_set
                0x000000000000121c       0x34 zephyr/libzephyr.a(heap.c.obj)
 .text.chunk_size
                0x0000000000001250       0x20 zephyr/libzephyr.a(heap.c.obj)
 .text.set_chunk_used
                0x0000000000001270       0x4c zephyr/libzephyr.a(heap.c.obj)
 .text.set_chunk_size
                0x00000000000012bc        0xc zephyr/libzephyr.a(heap.c.obj)
 .text.bucket_idx.isra.0
                0x00000000000012c8       0x44 zephyr/libzephyr.a(heap.c.obj)
 .text.free_list_add
                0x000000000000130c      0x128 zephyr/libzephyr.a(heap.c.obj)
 .text.sys_heap_init
                0x0000000000001434      0x138 zephyr/libzephyr.a(heap.c.obj)
                0x0000000000001434                sys_heap_init
 .text._ConfigAbsSyms
                0x000000000000156c        0x4 zephyr/libzephyr.a(configs.c.obj)
                0x000000000000156c                _ConfigAbsSyms
 .text.soc_interrupt_init
                0x0000000000001570       0x14 zephyr/libzephyr.a(irq.c.obj)
                0x0000000000001570                soc_interrupt_init
 .text.fix_baud_rate
                0x0000000000001584       0x58 zephyr/libzephyr.a(soc.c.obj)
 .text.uart_console_init
                0x00000000000015dc       0x48 zephyr/libzephyr.a(uart_console.c.obj)
 .text.console_out
                0x0000000000001624       0x64 zephyr/libzephyr.a(uart_console.c.obj)
 .text.swerv_pic_init
                0x0000000000001688       0x8c zephyr/libzephyr.a(intc_swerv_pic.c.obj)
 .text.swerv_pic_irq_handler
                0x0000000000001714       0x88 zephyr/libzephyr.a(intc_swerv_pic.c.obj)
 .text.swerv_pic_irq_enable
                0x000000000000179c       0x38 zephyr/libzephyr.a(intc_swerv_pic.c.obj)
                0x000000000000179c                swerv_pic_irq_enable
 .text.arch_irq_enable
                0x00000000000017d4       0x1c zephyr/libzephyr.a(intc_swerv_pic.c.obj)
                0x00000000000017d4                arch_irq_enable
 .text.mtime    0x00000000000017f0       0x18 zephyr/libzephyr.a(riscv_machine_timer.c.obj)
 .text.timer_isr
                0x0000000000001808      0x178 zephyr/libzephyr.a(riscv_machine_timer.c.obj)
 .text.z_clock_driver_init
                0x0000000000001980       0x7c zephyr/libzephyr.a(riscv_machine_timer.c.obj)
                0x0000000000001980                z_clock_driver_init
 .text.z_clock_set_timeout
                0x00000000000019fc        0x4 zephyr/libzephyr.a(riscv_machine_timer.c.obj)
                0x00000000000019fc                z_clock_set_timeout
 .text.z_clock_elapsed
                0x0000000000001a00        0x8 zephyr/libzephyr.a(riscv_machine_timer.c.obj)
                0x0000000000001a00                z_clock_elapsed
 .text.arch_cpu_idle
                0x0000000000001a08        0xc zephyr/arch/arch/riscv/core/libarch__riscv__core.a(cpu_idle.c.obj)
                0x0000000000001a08                arch_cpu_idle
 .text.z_riscv_fatal_error
                0x0000000000001a14        0xc zephyr/arch/arch/riscv/core/libarch__riscv__core.a(fatal.c.obj)
                0x0000000000001a14                z_riscv_fatal_error
 .text._Fault   0x0000000000001a20       0x18 zephyr/arch/arch/riscv/core/libarch__riscv__core.a(fatal.c.obj)
                0x0000000000001a20                _Fault
 .text.z_irq_spurious
                0x0000000000001a38       0x18 zephyr/arch/arch/riscv/core/libarch__riscv__core.a(irq_manage.c.obj)
                0x0000000000001a38                z_irq_spurious
 .text._PrepC   0x0000000000001a50       0x14 zephyr/arch/arch/riscv/core/libarch__riscv__core.a(prep_c.c.obj)
                0x0000000000001a50                _PrepC
 .text.__initialize
                0x0000000000001a64       0x28 zephyr/arch/arch/riscv/core/libarch__riscv__core.a(reset.S.obj)
                0x0000000000001a64                __initialize
 .text.z_thread_entry_wrapper
                0x0000000000001a8c        0x4 zephyr/arch/arch/riscv/core/libarch__riscv__core.a(swap.S.obj)
                0x0000000000001a8c                z_thread_entry_wrapper
 .text.arch_new_thread
                0x0000000000001a90       0x34 zephyr/arch/arch/riscv/core/libarch__riscv__core.a(thread.c.obj)
                0x0000000000001a90                arch_new_thread
 .text.strcmp   0x0000000000001ac4       0x24 zephyr/lib/libc/minimal/liblib__libc__minimal.a(string.c.obj)
                0x0000000000001ac4                strcmp
 .text.memset   0x0000000000001ae8       0x88 zephyr/lib/libc/minimal/liblib__libc__minimal.a(string.c.obj)
                0x0000000000001ae8                memset
 .text._stdout_hook_default
                0x0000000000001b70        0x8 zephyr/lib/libc/minimal/liblib__libc__minimal.a(stdout_console.c.obj)
 .text.__stdout_hook_install
                0x0000000000001b78        0xc zephyr/lib/libc/minimal/liblib__libc__minimal.a(stdout_console.c.obj)
                0x0000000000001b78                __stdout_hook_install
 .text.gpio_mmio32_config
                0x0000000000001b84       0x98 zephyr/drivers/gpio/libdrivers__gpio.a(gpio_mmio32.c.obj)
 .text.gpio_mmio32_port_get_raw
                0x0000000000001c1c       0x24 zephyr/drivers/gpio/libdrivers__gpio.a(gpio_mmio32.c.obj)
 .text.gpio_mmio32_port_set_masked_raw
                0x0000000000001c40       0x40 zephyr/drivers/gpio/libdrivers__gpio.a(gpio_mmio32.c.obj)
 .text.gpio_mmio32_port_set_bits_raw
                0x0000000000001c80       0x38 zephyr/drivers/gpio/libdrivers__gpio.a(gpio_mmio32.c.obj)
 .text.gpio_mmio32_port_clear_bits_raw
                0x0000000000001cb8       0x3c zephyr/drivers/gpio/libdrivers__gpio.a(gpio_mmio32.c.obj)
 .text.gpio_mmio32_port_toggle_bits
                0x0000000000001cf4       0x38 zephyr/drivers/gpio/libdrivers__gpio.a(gpio_mmio32.c.obj)
 .text.gpio_mmio32_pin_interrupt_configure
                0x0000000000001d2c       0x14 zephyr/drivers/gpio/libdrivers__gpio.a(gpio_mmio32.c.obj)
 .text.gpio_mmio32_init
                0x0000000000001d40       0x14 zephyr/drivers/gpio/libdrivers__gpio.a(gpio_mmio32.c.obj)
                0x0000000000001d40                gpio_mmio32_init
 .text.gpio_swervolf_init
                0x0000000000001d54        0x8 zephyr/drivers/gpio/libdrivers__gpio.a(gpio_swervolf.c.obj)
 .text.gpio_swervolf_configure
                0x0000000000001d5c        0x8 zephyr/drivers/gpio/libdrivers__gpio.a(gpio_swervolf.c.obj)
 .text.gpio_swervolf_port_get_raw
                0x0000000000001d64       0x18 zephyr/drivers/gpio/libdrivers__gpio.a(gpio_swervolf.c.obj)
 .text.gpio_swervolf_port_set_masked_raw
                0x0000000000001d7c       0x24 zephyr/drivers/gpio/libdrivers__gpio.a(gpio_swervolf.c.obj)
 .text.gpio_swervolf_port_set_bits_raw
                0x0000000000001da0       0x1c zephyr/drivers/gpio/libdrivers__gpio.a(gpio_swervolf.c.obj)
 .text.gpio_swervolf_port_clear_bits_raw
                0x0000000000001dbc       0x20 zephyr/drivers/gpio/libdrivers__gpio.a(gpio_swervolf.c.obj)
 .text.gpio_swervolf_port_toggle_bits
                0x0000000000001ddc       0x1c zephyr/drivers/gpio/libdrivers__gpio.a(gpio_swervolf.c.obj)
 .text.gpio_swervolf_pin_interrupt_configure
                0x0000000000001df8       0x14 zephyr/drivers/gpio/libdrivers__gpio.a(gpio_swervolf.c.obj)
 .text.uart_ns16550_configure
                0x0000000000001e0c      0x130 zephyr/drivers/serial/libdrivers__serial.a(uart_ns16550.c.obj)
 .text.uart_ns16550_config_get
                0x0000000000001f3c       0x34 zephyr/drivers/serial/libdrivers__serial.a(uart_ns16550.c.obj)
 .text.uart_ns16550_init
                0x0000000000001f70        0x8 zephyr/drivers/serial/libdrivers__serial.a(uart_ns16550.c.obj)
 .text.uart_ns16550_poll_in
                0x0000000000001f78       0x38 zephyr/drivers/serial/libdrivers__serial.a(uart_ns16550.c.obj)
 .text.uart_ns16550_poll_out
                0x0000000000001fb0       0x30 zephyr/drivers/serial/libdrivers__serial.a(uart_ns16550.c.obj)
 .text.uart_ns16550_err_check
                0x0000000000001fe0       0x2c zephyr/drivers/serial/libdrivers__serial.a(uart_ns16550.c.obj)
 .text.z_sys_init_run_level
                0x000000000000200c       0xc4 zephyr/kernel/libkernel.a(device.c.obj)
                0x000000000000200c                z_sys_init_run_level
 .text.z_device_ready
                0x00000000000020d0       0x3c zephyr/kernel/libkernel.a(device.c.obj)
                0x00000000000020d0                z_device_ready
 .text.z_impl_device_get_binding
                0x000000000000210c       0xa4 zephyr/kernel/libkernel.a(device.c.obj)
                0x000000000000210c                z_impl_device_get_binding
 .text.arch_system_halt
                0x00000000000021b0        0xc zephyr/kernel/libkernel.a(fatal.c.obj)
                0x00000000000021b0                arch_system_halt
 .text.k_sys_fatal_error_handler
                0x00000000000021bc        0xc zephyr/kernel/libkernel.a(fatal.c.obj)
                0x00000000000021bc                k_sys_fatal_error_handler
 .text.z_fatal_error
                0x00000000000021c8       0x5c zephyr/kernel/libkernel.a(fatal.c.obj)
                0x00000000000021c8                z_fatal_error
 .text.z_bss_zero
                0x0000000000002224       0x20 zephyr/kernel/libkernel.a(init.c.obj)
                0x0000000000002224                z_bss_zero
 .text.bg_thread_main
                0x0000000000002244       0x68 zephyr/kernel/libkernel.a(init.c.obj)
 .text.z_cstart
                0x00000000000022ac      0x120 zephyr/kernel/libkernel.a(init.c.obj)
                0x00000000000022ac                z_cstart
 .text.sys_dlist_remove
                0x00000000000023cc       0x1c zephyr/kernel/libkernel.a(sched.c.obj)
 .text.unpend_thread_no_timeout
                0x00000000000023e8       0x34 zephyr/kernel/libkernel.a(sched.c.obj)
 .text.z_reset_time_slice
                0x000000000000241c       0x58 zephyr/kernel/libkernel.a(sched.c.obj)
                0x000000000000241c                z_reset_time_slice
 .text.k_sched_time_slice_set
                0x0000000000002474       0x7c zephyr/kernel/libkernel.a(sched.c.obj)
                0x0000000000002474                k_sched_time_slice_set
 .text.z_reschedule
                0x00000000000024f0       0x34 zephyr/kernel/libkernel.a(sched.c.obj)
                0x00000000000024f0                z_reschedule
 .text.z_reschedule_irqlock
                0x0000000000002524       0x20 zephyr/kernel/libkernel.a(sched.c.obj)
                0x0000000000002524                z_reschedule_irqlock
 .text.z_reschedule_unlocked
                0x0000000000002544       0x10 zephyr/kernel/libkernel.a(sched.c.obj)
 .text.k_sched_lock
                0x0000000000002554       0x28 zephyr/kernel/libkernel.a(sched.c.obj)
                0x0000000000002554                k_sched_lock
 .text.z_priq_dumb_best
                0x000000000000257c       0x14 zephyr/kernel/libkernel.a(sched.c.obj)
                0x000000000000257c                z_priq_dumb_best
 .text.update_cache
                0x0000000000002590       0xa0 zephyr/kernel/libkernel.a(sched.c.obj)
 .text.k_sched_unlock
                0x0000000000002630       0x48 zephyr/kernel/libkernel.a(sched.c.obj)
                0x0000000000002630                k_sched_unlock
 .text.ready_thread
                0x0000000000002678       0x90 zephyr/kernel/libkernel.a(sched.c.obj)
 .text.z_ready_thread
                0x0000000000002708       0x30 zephyr/kernel/libkernel.a(sched.c.obj)
                0x0000000000002708                z_ready_thread
 .text.z_sched_start
                0x0000000000002738       0x50 zephyr/kernel/libkernel.a(sched.c.obj)
                0x0000000000002738                z_sched_start
 .text.z_thread_timeout
                0x0000000000002788       0x60 zephyr/kernel/libkernel.a(sched.c.obj)
                0x0000000000002788                z_thread_timeout
 .text.move_thread_to_end_of_prio_q
                0x00000000000027e8       0xac zephyr/kernel/libkernel.a(sched.c.obj)
 .text.z_time_slice
                0x0000000000002894       0xa0 zephyr/kernel/libkernel.a(sched.c.obj)
                0x0000000000002894                z_time_slice
 .text.z_thread_single_abort
                0x0000000000002934      0x114 zephyr/kernel/libkernel.a(sched.c.obj)
                0x0000000000002934                z_thread_single_abort
 .text.z_sched_init
                0x0000000000002a48       0x20 zephyr/kernel/libkernel.a(sched.c.obj)
                0x0000000000002a48                z_sched_init
 .text.z_impl_k_current_get
                0x0000000000002a68        0xc zephyr/kernel/libkernel.a(sched.c.obj)
                0x0000000000002a68                z_impl_k_current_get
 .text.z_setup_new_thread
                0x0000000000002a74       0x84 zephyr/kernel/libkernel.a(thread.c.obj)
                0x0000000000002a74                z_setup_new_thread
 .text.z_init_static_threads
                0x0000000000002af8      0x118 zephyr/kernel/libkernel.a(thread.c.obj)
                0x0000000000002af8                z_init_static_threads
 .text.z_impl_k_thread_abort
                0x0000000000002c10       0x70 zephyr/kernel/libkernel.a(thread_abort.c.obj)
                0x0000000000002c10                z_impl_k_thread_abort
 .text.elapsed  0x0000000000002c80       0x18 zephyr/kernel/libkernel.a(timeout.c.obj)
 .text.next_timeout
                0x0000000000002c98       0x88 zephyr/kernel/libkernel.a(timeout.c.obj)
 .text.remove_timeout
                0x0000000000002d20       0x58 zephyr/kernel/libkernel.a(timeout.c.obj)
 .text.z_add_timeout
                0x0000000000002d78      0x1c8 zephyr/kernel/libkernel.a(timeout.c.obj)
                0x0000000000002d78                z_add_timeout
 .text.z_abort_timeout
                0x0000000000002f40       0x44 zephyr/kernel/libkernel.a(timeout.c.obj)
                0x0000000000002f40                z_abort_timeout
 .text.z_get_next_timeout_expiry
                0x0000000000002f84       0x30 zephyr/kernel/libkernel.a(timeout.c.obj)
                0x0000000000002f84                z_get_next_timeout_expiry
 .text.z_set_timeout_expiry
                0x0000000000002fb4       0x58 zephyr/kernel/libkernel.a(timeout.c.obj)
                0x0000000000002fb4                z_set_timeout_expiry
 .text.z_clock_announce
                0x000000000000300c      0x13c zephyr/kernel/libkernel.a(timeout.c.obj)
                0x000000000000300c                z_clock_announce
 .text.idle     0x0000000000003148       0x30 zephyr/kernel/libkernel.a(idle.c.obj)
                0x0000000000003148                idle
 .text.k_heap_init
                0x0000000000003178       0x10 zephyr/kernel/libkernel.a(kheap.c.obj)
                0x0000000000003178                k_heap_init
 .text.statics_init
                0x0000000000003188       0x54 zephyr/kernel/libkernel.a(kheap.c.obj)
 *(SORT_BY_ALIGNMENT(.gnu.linkonce.t.*))
 *(SORT_BY_ALIGNMENT(.eh_frame))
                0x00000000000031dc                _image_text_end = .

initlevel       0x00000000000031dc       0x40
                0x00000000000031dc                __init_start = .
                0x00000000000031dc                __init_PRE_KERNEL_1_start = .
 *(SORT_BY_NAME(SORT_BY_ALIGNMENT(.init_PRE_KERNEL_1[0-9]*)))
 .init_PRE_KERNEL_130
                0x00000000000031dc        0x8 zephyr/kernel/libkernel.a(kheap.c.obj)
 .init_PRE_KERNEL_140
                0x00000000000031e4        0x8 zephyr/libzephyr.a(intc_swerv_pic.c.obj)
 .init_PRE_KERNEL_150
                0x00000000000031ec        0x8 zephyr/libzephyr.a(soc.c.obj)
 .init_PRE_KERNEL_150
                0x00000000000031f4        0x8 zephyr/drivers/serial/libdrivers__serial.a(uart_ns16550.c.obj)
 .init_PRE_KERNEL_160
                0x00000000000031fc        0x8 zephyr/libzephyr.a(uart_console.c.obj)
 *(SORT_BY_NAME(SORT_BY_ALIGNMENT(.init_PRE_KERNEL_1[1-9][0-9]*)))
                0x0000000000003204                __init_PRE_KERNEL_2_start = .
 *(SORT_BY_NAME(SORT_BY_ALIGNMENT(.init_PRE_KERNEL_2[0-9]*)))
 .init_PRE_KERNEL_20
                0x0000000000003204        0x8 zephyr/libzephyr.a(sys_clock_init.c.obj)
 *(SORT_BY_NAME(SORT_BY_ALIGNMENT(.init_PRE_KERNEL_2[1-9][0-9]*)))
                0x000000000000320c                __init_POST_KERNEL_start = .
 *(SORT_BY_NAME(SORT_BY_ALIGNMENT(.init_POST_KERNEL[0-9]*)))
 .init_POST_KERNEL0
                0x000000000000320c        0x8 zephyr/libzephyr.a(soc.c.obj)
 .init_POST_KERNEL50
                0x0000000000003214        0x8 zephyr/drivers/gpio/libdrivers__gpio.a(gpio_swervolf.c.obj)
 *(SORT_BY_NAME(SORT_BY_ALIGNMENT(.init_POST_KERNEL[1-9][0-9]*)))
                0x000000000000321c                __init_APPLICATION_start = .
 *(SORT_BY_NAME(SORT_BY_ALIGNMENT(.init_APPLICATION[0-9]*)))
 *(SORT_BY_NAME(SORT_BY_ALIGNMENT(.init_APPLICATION[1-9][0-9]*)))
                0x000000000000321c                __init_SMP_start = .
 *(SORT_BY_NAME(SORT_BY_ALIGNMENT(.init_SMP[0-9]*)))
 *(SORT_BY_NAME(SORT_BY_ALIGNMENT(.init_SMP[1-9][0-9]*)))
                0x000000000000321c                __init_end = .

sw_isr_table    0x000000000000321c      0x200
                0x000000000000321c                . = ALIGN (0x0)
 *(SORT_BY_ALIGNMENT(.gnu.linkonce.sw_isr_table*))
 .gnu.linkonce.sw_isr_table*
                0x000000000000321c      0x200 zephyr/arch/common/libisr_tables.a(isr_tables.c.obj)
                0x000000000000321c                _sw_isr_table

initlevel_error
                0x00000000000031dc        0x0
 *(SORT_BY_NAME(SORT_BY_ALIGNMENT(.init_[_A-Z0-9]*)))
                0x0000000000000001                ASSERT ((SIZEOF (initlevel_error) == 0x0), Undefined initialization levels used.)

app_shmem_regions
                0x000000000000341c        0x0
                0x000000000000341c                __app_shmem_regions_start = .
 *(SORT_BY_NAME(SORT_BY_ALIGNMENT(.app_regions.*)))
                0x000000000000341c                __app_shmem_regions_end = .

bt_l2cap_fixed_chan_area
                0x000000000000341c        0x0
                0x000000000000341c                _bt_l2cap_fixed_chan_list_start = .
 *(SORT_BY_NAME(SORT_BY_ALIGNMENT(._bt_l2cap_fixed_chan.static.*)))
                0x000000000000341c                _bt_l2cap_fixed_chan_list_end = .

bt_gatt_service_static_area
                0x000000000000341c        0x0
                0x000000000000341c                _bt_gatt_service_static_list_start = .
 *(SORT_BY_NAME(SORT_BY_ALIGNMENT(._bt_gatt_service_static.static.*)))
                0x000000000000341c                _bt_gatt_service_static_list_end = .

log_const_sections
                0x000000000000341c        0x0
                0x000000000000341c                __log_const_start = .
 *(SORT_BY_NAME(SORT_BY_ALIGNMENT(.log_const_*)))
                0x000000000000341c                __log_const_end = .

log_backends_sections
                0x000000000000341c        0x0
                0x000000000000341c                __log_backends_start = .
 *(SORT_BY_ALIGNMENT(._log_backend.*))
                0x000000000000341c                __log_backends_end = .

shell_area      0x000000000000341c        0x0
                0x000000000000341c                _shell_list_start = .
 *(SORT_BY_NAME(SORT_BY_ALIGNMENT(._shell.static.*)))
                0x000000000000341c                _shell_list_end = .

shell_root_cmds_sections
                0x000000000000341c        0x0
                0x000000000000341c                __shell_root_cmds_start = .
 *(SORT_BY_NAME(SORT_BY_ALIGNMENT(.shell_root_cmd_*)))
                0x000000000000341c                __shell_root_cmds_end = .

font_entry_sections
                0x000000000000341c        0x0
                0x000000000000341c                __font_entry_start = .
 *(SORT_BY_NAME(SORT_BY_ALIGNMENT(._cfb_font.*)))
                0x000000000000341c                __font_entry_end = .

tracing_backend_area
                0x000000000000341c        0x0
                0x000000000000341c                _tracing_backend_list_start = .
 *(SORT_BY_NAME(SORT_BY_ALIGNMENT(._tracing_backend.static.*)))
                0x000000000000341c                _tracing_backend_list_end = .

rodata          0x000000000000341c      0x291
                0x000000000000341c                . = ALIGN (0x4)
 *(SORT_BY_ALIGNMENT(.srodata))
 *(SORT_BY_ALIGNMENT(.srodata.*))
 .srodata.uart_ns16550_dev_cfg_0
                0x000000000000341c        0x8 zephyr/drivers/serial/libdrivers__serial.a(uart_ns16550.c.obj)
 .srodata._k_neg_eagain
                0x0000000000003424        0x4 zephyr/kernel/libkernel.a(errno.c.obj)
                0x0000000000003424                _k_neg_eagain
 *(SORT_BY_ALIGNMENT(.rodata))
 .rodata        0x0000000000003428      0x100 /root/zephyr-sdk-0.12.4/riscv64-zephyr-elf/bin/../lib/gcc/riscv64-zephyr-elf/10.2.0/libgcc.a(_clz.o)
                0x0000000000003428                __clz_tab
 *(SORT_BY_ALIGNMENT(.rodata.*))
 .rodata.main.str1.4
                0x0000000000003528       0x21 app/libapp.a(main.c.obj)
 *fill*         0x0000000000003549        0x3 
 .rodata.print_digits.str1.4
                0x000000000000354c       0x11 zephyr/libzephyr.a(printk.c.obj)
 *fill*         0x000000000000355d        0x3 
 .rodata.z_vprintk
                0x0000000000003560       0x60 zephyr/libzephyr.a(printk.c.obj)
 .rodata.str1.4
                0x00000000000035c0        0x5 zephyr/libzephyr.a(soc.c.obj)
 *fill*         0x00000000000035c5        0x3 
 .rodata.led0_dev_cfg
                0x00000000000035c8        0xc zephyr/libzephyr.a(soc.c.obj)
 .rodata.uart_console_init.str1.4
                0x00000000000035d4        0x6 zephyr/libzephyr.a(uart_console.c.obj)
 *fill*         0x00000000000035da        0x2 
 .rodata.str1.4
                0x00000000000035dc        0xa zephyr/libzephyr.a(sys_clock_init.c.obj)
 *fill*         0x00000000000035e6        0x2 
 .rodata.gpio_mmio32_api
                0x00000000000035e8       0x24 zephyr/drivers/gpio/libdrivers__gpio.a(gpio_mmio32.c.obj)
                0x00000000000035e8                gpio_mmio32_api
 .rodata.str1.4
                0x000000000000360c        0xa zephyr/drivers/gpio/libdrivers__gpio.a(gpio_swervolf.c.obj)
 *fill*         0x0000000000003616        0x2 
 .rodata.gpio_swervolf_cfg_0
                0x0000000000003618        0xc zephyr/drivers/gpio/libdrivers__gpio.a(gpio_swervolf.c.obj)
 .rodata.gpio_swervolf_driver_api
                0x0000000000003624       0x24 zephyr/drivers/gpio/libdrivers__gpio.a(gpio_swervolf.c.obj)
 .rodata.str1.4
                0x0000000000003648        0x6 zephyr/drivers/serial/libdrivers__serial.a(uart_ns16550.c.obj)
 .rodata.uart_ns16550_driver_api
                0x0000000000003648       0x14 zephyr/drivers/serial/libdrivers__serial.a(uart_ns16550.c.obj)
 .rodata.levels.0
                0x000000000000365c       0x14 zephyr/kernel/libkernel.a(device.c.obj)
 .rodata.bg_thread_main.str1.4
                0x0000000000003670       0x37 zephyr/kernel/libkernel.a(init.c.obj)
                                         0x3b (size before relaxing)
 *fill*         0x00000000000036a7        0x1 
 .rodata.z_cstart.str1.4
                0x00000000000036a8        0x5 zephyr/kernel/libkernel.a(init.c.obj)
 *(SORT_BY_ALIGNMENT(.gnu.linkonce.r.*))
                0x00000000000036ad                _image_rom_end = .
                0x00000000000036ad                __data_rom_start = .

datas           0x00000000000036b0       0x1c
                0x00000000000036b0                . = ALIGN (0x4)
                0x00000000000036b0                _image_ram_start = .
                0x00000000000036b0                __data_ram_start = .
 *(SORT_BY_ALIGNMENT(.data))
 *(SORT_BY_ALIGNMENT(.data.*))
 *(SORT_BY_ALIGNMENT(.sdata) SORT_BY_ALIGNMENT(.sdata.*) SORT_BY_ALIGNMENT(.gnu.linkonce.s.*))
 .sdata._char_out
                0x00000000000036b0        0x4 zephyr/libzephyr.a(printk.c.obj)
                0x00000000000036b0                _char_out
 .sdata._stdout_hook
                0x00000000000036b4        0x4 zephyr/lib/libc/minimal/liblib__libc__minimal.a(stdout_console.c.obj)
 .sdata.uart_ns16550_dev_data_0
                0x00000000000036b8        0x8 zephyr/drivers/serial/libdrivers__serial.a(uart_ns16550.c.obj)
 .sdata.timeout_list
                0x00000000000036c0        0x8 zephyr/kernel/libkernel.a(timeout.c.obj)
 .sdata.z_clock_hw_cycles_per_sec
                0x00000000000036c8        0x4 zephyr/kernel/libkernel.a(timeout.c.obj)
                0x00000000000036c8                z_clock_hw_cycles_per_sec
 *(SORT_BY_ALIGNMENT(.sdata2) SORT_BY_ALIGNMENT(.sdata2.*) SORT_BY_ALIGNMENT(.gnu.linkonce.s2.*))

devices         0x00000000000036cc       0x44
                0x00000000000036cc                __device_start = .
                0x00000000000036cc                __device_PRE_KERNEL_1_start = .
 *(SORT_BY_NAME(SORT_BY_ALIGNMENT(.device_PRE_KERNEL_1[0-9]*)))
 .device_PRE_KERNEL_150
                0x00000000000036cc       0x10 zephyr/libzephyr.a(soc.c.obj)
 .device_PRE_KERNEL_150
                0x00000000000036dc       0x10 zephyr/drivers/serial/libdrivers__serial.a(uart_ns16550.c.obj)
 *(SORT_BY_NAME(SORT_BY_ALIGNMENT(.device_PRE_KERNEL_1[1-9][0-9]*)))
                0x00000000000036ec                __device_PRE_KERNEL_2_start = .
 *(SORT_BY_NAME(SORT_BY_ALIGNMENT(.device_PRE_KERNEL_2[0-9]*)))
 .device_PRE_KERNEL_20
                0x00000000000036ec       0x10 zephyr/libzephyr.a(sys_clock_init.c.obj)
 *(SORT_BY_NAME(SORT_BY_ALIGNMENT(.device_PRE_KERNEL_2[1-9][0-9]*)))
                0x00000000000036fc                __device_POST_KERNEL_start = .
 *(SORT_BY_NAME(SORT_BY_ALIGNMENT(.device_POST_KERNEL[0-9]*)))
 .device_POST_KERNEL50
                0x00000000000036fc       0x10 zephyr/drivers/gpio/libdrivers__gpio.a(gpio_swervolf.c.obj)
 *(SORT_BY_NAME(SORT_BY_ALIGNMENT(.device_POST_KERNEL[1-9][0-9]*)))
                0x000000000000370c                __device_APPLICATION_start = .
 *(SORT_BY_NAME(SORT_BY_ALIGNMENT(.device_APPLICATION[0-9]*)))
 *(SORT_BY_NAME(SORT_BY_ALIGNMENT(.device_APPLICATION[1-9][0-9]*)))
                0x000000000000370c                __device_SMP_start = .
 *(SORT_BY_NAME(SORT_BY_ALIGNMENT(.device_SMP[0-9]*)))
 *(SORT_BY_NAME(SORT_BY_ALIGNMENT(.device_SMP[1-9][0-9]*)))
                0x000000000000370c                __device_end = .
 FILL mask 0x00
                0x000000000000370c                __device_init_status_start = .
                0x0000000000003710                . = (. + (((((__device_end - __device_start) / 0x10) + 0x1f) / 0x20) * 0x4))
 *fill*         0x000000000000370c        0x4 00
                0x0000000000003710                __device_init_status_end = .

initshell       0x0000000000003710        0x0
                0x0000000000003710                __shell_module_start = .
 *(SORT_BY_ALIGNMENT(.shell_module_*))
                0x0000000000003710                __shell_module_end = .
                0x0000000000003710                __shell_cmd_start = .
 *(SORT_BY_ALIGNMENT(.shell_cmd_*))
                0x0000000000003710                __shell_cmd_end = .

log_dynamic_sections
                0x0000000000003710        0x0
                0x0000000000003710                __log_dynamic_start = .
 *(SORT_BY_NAME(SORT_BY_ALIGNMENT(.log_dynamic_*)))
                0x0000000000003710                __log_dynamic_end = .

_static_thread_data_area
                0x0000000000003710        0x0
                0x0000000000003710                __static_thread_data_list_start = .
 *(SORT_BY_NAME(SORT_BY_ALIGNMENT(.__static_thread_data.static.*)))
                0x0000000000003710                __static_thread_data_list_end = .

k_timer_area    0x0000000000003710        0x0
                0x0000000000003710                _k_timer_list_start = .
 *(SORT_BY_NAME(SORT_BY_ALIGNMENT(._k_timer.static.*)))
                0x0000000000003710                _k_timer_list_end = .

k_mem_slab_area
                0x0000000000003710        0x0
                0x0000000000003710                _k_mem_slab_list_start = .
 *(SORT_BY_NAME(SORT_BY_ALIGNMENT(._k_mem_slab.static.*)))
                0x0000000000003710                _k_mem_slab_list_end = .

k_mem_pool_area
                0x0000000000003710        0x0
                0x0000000000003710                _k_mem_pool_list_start = .
 *(SORT_BY_NAME(SORT_BY_ALIGNMENT(._k_mem_pool.static.*)))
                0x0000000000003710                _k_mem_pool_list_end = .

k_heap_area     0x0000000000003710        0x0
                0x0000000000003710                _k_heap_list_start = .
 *(SORT_BY_NAME(SORT_BY_ALIGNMENT(._k_heap.static.*)))
                0x0000000000003710                _k_heap_list_end = .

k_mutex_area    0x0000000000003710        0x0
                0x0000000000003710                _k_mutex_list_start = .
 *(SORT_BY_NAME(SORT_BY_ALIGNMENT(._k_mutex.static.*)))
                0x0000000000003710                _k_mutex_list_end = .

k_stack_area    0x0000000000003710        0x0
                0x0000000000003710                _k_stack_list_start = .
 *(SORT_BY_NAME(SORT_BY_ALIGNMENT(._k_stack.static.*)))
                0x0000000000003710                _k_stack_list_end = .

k_msgq_area     0x0000000000003710        0x0
                0x0000000000003710                _k_msgq_list_start = .
 *(SORT_BY_NAME(SORT_BY_ALIGNMENT(._k_msgq.static.*)))
                0x0000000000003710                _k_msgq_list_end = .

k_mbox_area     0x0000000000003710        0x0
                0x0000000000003710                _k_mbox_list_start = .
 *(SORT_BY_NAME(SORT_BY_ALIGNMENT(._k_mbox.static.*)))
                0x0000000000003710                _k_mbox_list_end = .

k_pipe_area     0x0000000000003710        0x0
                0x0000000000003710                _k_pipe_list_start = .
 *(SORT_BY_NAME(SORT_BY_ALIGNMENT(._k_pipe.static.*)))
                0x0000000000003710                _k_pipe_list_end = .

k_sem_area      0x0000000000003710        0x0
                0x0000000000003710                _k_sem_list_start = .
 *(SORT_BY_NAME(SORT_BY_ALIGNMENT(._k_sem.static.*)))
                0x0000000000003710                _k_sem_list_end = .

k_queue_area    0x0000000000003710        0x0
                0x0000000000003710                _k_queue_list_start = .
 *(SORT_BY_NAME(SORT_BY_ALIGNMENT(._k_queue.static.*)))
                0x0000000000003710                _k_queue_list_end = .

_net_buf_pool_area
                0x0000000000003710        0x0
                0x0000000000003710                _net_buf_pool_list = .
 *(SORT_BY_NAME(SORT_BY_ALIGNMENT(._net_buf_pool.static.*)))
                0x0000000000003710                __data_ram_end = .

bss             0x0000000000003710      0x164
                0x0000000000003710                . = ALIGN (0x4)
                0x0000000000003710                __bss_start = .
 *(SORT_BY_ALIGNMENT(.sbss))
 *(SORT_BY_ALIGNMENT(.sbss.*))
 .sbss.last_count
                0x0000000000003710        0x8 zephyr/libzephyr.a(riscv_machine_timer.c.obj)
 .sbss.curr_tick
                0x0000000000003718        0x8 zephyr/kernel/libkernel.a(timeout.c.obj)
 .sbss.led0_dev_data
                0x0000000000003720        0x8 zephyr/libzephyr.a(soc.c.obj)
 .sbss.uart_console_dev
                0x0000000000003728        0x4 zephyr/libzephyr.a(uart_console.c.obj)
 .sbss.save_irq
                0x000000000000372c        0x4 zephyr/libzephyr.a(intc_swerv_pic.c.obj)
 .sbss.gpio_swervolf_data_0
                0x0000000000003730        0x4 zephyr/drivers/gpio/libdrivers__gpio.a(gpio_swervolf.c.obj)
 .sbss.slice_max_prio
                0x0000000000003734        0x4 zephyr/kernel/libkernel.a(sched.c.obj)
 .sbss.slice_time
                0x0000000000003738        0x4 zephyr/kernel/libkernel.a(sched.c.obj)
 .sbss.announce_remaining
                0x000000000000373c        0x4 zephyr/kernel/libkernel.a(timeout.c.obj)
 .sbss.z_sys_post_kernel
                0x0000000000003740        0x1 zephyr/kernel/libkernel.a(init.c.obj)
                0x0000000000003740                z_sys_post_kernel
 *(SORT_BY_ALIGNMENT(.bss))
 *(SORT_BY_ALIGNMENT(.bss.*))
 *fill*         0x0000000000003741        0x7 
 .bss.z_idle_threads
                0x0000000000003748       0x80 zephyr/kernel/libkernel.a(init.c.obj)
                0x0000000000003748                z_idle_threads
 .bss.z_main_thread
                0x00000000000037c8       0x80 zephyr/kernel/libkernel.a(init.c.obj)
                0x00000000000037c8                z_main_thread
 .bss._kernel   0x0000000000003848       0x2c zephyr/kernel/libkernel.a(sched.c.obj)
                0x0000000000003848                _kernel
 .bss.sched_spinlock
                0x0000000000003874        0x0 zephyr/kernel/libkernel.a(sched.c.obj)
 *(SORT_BY_ALIGNMENT(COMMON))
                0x0000000000003874                __bss_end = ALIGN (0x4)

noinit          0x0000000000003880      0xe00
 *(SORT_BY_ALIGNMENT(.noinit))
 *(SORT_BY_ALIGNMENT(.noinit.*))
 .noinit."WEST_TOPDIR/zephyr/kernel/init.c".1
                0x0000000000003880      0x400 zephyr/kernel/libkernel.a(init.c.obj)
                0x0000000000003880                z_main_stack
 .noinit."WEST_TOPDIR/zephyr/kernel/init.c".2
                0x0000000000003c80      0x200 zephyr/kernel/libkernel.a(init.c.obj)
 .noinit."WEST_TOPDIR/zephyr/kernel/init.c".3
                0x0000000000003e80      0x800 zephyr/kernel/libkernel.a(init.c.obj)
                0x0000000000003e80                z_interrupt_stacks
                0x0000000000004680                _image_ram_end = .
                0x0000000000004680                _end = .

.intList        0x00000000fffff800       0x28
 *(SORT_BY_ALIGNMENT(.irq_info*))
 .irq_info      0x00000000fffff800        0x8 zephyr/arch/common/libisr_tables.a(isr_tables.c.obj)
                0x00000000fffff800                _iheader
 *(SORT_BY_ALIGNMENT(.intList*))
 .intList       0x00000000fffff808       0x10 zephyr/libzephyr.a(intc_swerv_pic.c.obj)
 .intList       0x00000000fffff818       0x10 zephyr/libzephyr.a(riscv_machine_timer.c.obj)

.stab
 *(SORT_BY_ALIGNMENT(.stab))

.stabstr
 *(SORT_BY_ALIGNMENT(.stabstr))

.stab.excl
 *(SORT_BY_ALIGNMENT(.stab.excl))

.stab.exclstr
 *(SORT_BY_ALIGNMENT(.stab.exclstr))

.stab.index
 *(SORT_BY_ALIGNMENT(.stab.index))

.stab.indexstr
 *(SORT_BY_ALIGNMENT(.stab.indexstr))

.gnu.build.attributes
 *(SORT_BY_ALIGNMENT(.gnu.build.attributes) SORT_BY_ALIGNMENT(.gnu.build.attributes.*))

.comment        0x0000000000000000       0x2e
 *(SORT_BY_ALIGNMENT(.comment))
 .comment       0x0000000000000000       0x2e zephyr/CMakeFiles/offsets.dir/./arch/riscv/core/offsets/offsets.c.obj
                                         0x2f (size before relaxing)
 .comment       0x000000000000002e       0x2f app/libapp.a(main.c.obj)
 .comment       0x000000000000002e       0x2f zephyr/libzephyr.a(printk.c.obj)
 .comment       0x000000000000002e       0x2f zephyr/libzephyr.a(thread_entry.c.obj)
 .comment       0x000000000000002e       0x2f zephyr/libzephyr.a(heap.c.obj)
 .comment       0x000000000000002e       0x2f zephyr/libzephyr.a(configs.c.obj)
 .comment       0x000000000000002e       0x2f zephyr/libzephyr.a(irq.c.obj)
 .comment       0x000000000000002e       0x2f zephyr/libzephyr.a(soc.c.obj)
 .comment       0x000000000000002e       0x2f zephyr/libzephyr.a(uart_console.c.obj)
 .comment       0x000000000000002e       0x2f zephyr/libzephyr.a(intc_swerv_pic.c.obj)
 .comment       0x000000000000002e       0x2f zephyr/libzephyr.a(sys_clock_init.c.obj)
 .comment       0x000000000000002e       0x2f zephyr/libzephyr.a(riscv_machine_timer.c.obj)
 .comment       0x000000000000002e       0x2f zephyr/arch/arch/riscv/core/libarch__riscv__core.a(cpu_idle.c.obj)
 .comment       0x000000000000002e       0x2f zephyr/arch/arch/riscv/core/libarch__riscv__core.a(fatal.c.obj)
 .comment       0x000000000000002e       0x2f zephyr/arch/arch/riscv/core/libarch__riscv__core.a(irq_manage.c.obj)
 .comment       0x000000000000002e       0x2f zephyr/arch/arch/riscv/core/libarch__riscv__core.a(prep_c.c.obj)
 .comment       0x000000000000002e       0x2f zephyr/arch/arch/riscv/core/libarch__riscv__core.a(thread.c.obj)
 .comment       0x000000000000002e       0x2f zephyr/lib/libc/minimal/liblib__libc__minimal.a(string.c.obj)
 .comment       0x000000000000002e       0x2f zephyr/lib/libc/minimal/liblib__libc__minimal.a(stdout_console.c.obj)
 .comment       0x000000000000002e       0x2f zephyr/drivers/gpio/libdrivers__gpio.a(gpio_mmio32.c.obj)
 .comment       0x000000000000002e       0x2f zephyr/drivers/gpio/libdrivers__gpio.a(gpio_swervolf.c.obj)
 .comment       0x000000000000002e       0x2f zephyr/drivers/serial/libdrivers__serial.a(uart_ns16550.c.obj)
 .comment       0x000000000000002e       0x2f zephyr/kernel/libkernel.a(device.c.obj)
 .comment       0x000000000000002e       0x2f zephyr/kernel/libkernel.a(errno.c.obj)
 .comment       0x000000000000002e       0x2f zephyr/kernel/libkernel.a(fatal.c.obj)
 .comment       0x000000000000002e       0x2f zephyr/kernel/libkernel.a(init.c.obj)
 .comment       0x000000000000002e       0x2f zephyr/kernel/libkernel.a(sched.c.obj)
 .comment       0x000000000000002e       0x2f zephyr/kernel/libkernel.a(thread.c.obj)
 .comment       0x000000000000002e       0x2f zephyr/kernel/libkernel.a(thread_abort.c.obj)
 .comment       0x000000000000002e       0x2f zephyr/kernel/libkernel.a(timeout.c.obj)
 .comment       0x000000000000002e       0x2f zephyr/kernel/libkernel.a(idle.c.obj)
 .comment       0x000000000000002e       0x2f zephyr/kernel/libkernel.a(kheap.c.obj)
 .comment       0x000000000000002e       0x2f zephyr/arch/common/libisr_tables.a(isr_tables.c.obj)

.debug
 *(SORT_BY_ALIGNMENT(.debug))

.line
 *(SORT_BY_ALIGNMENT(.line))

.debug_srcinfo
 *(SORT_BY_ALIGNMENT(.debug_srcinfo))

.debug_sfnames
 *(SORT_BY_ALIGNMENT(.debug_sfnames))

.debug_aranges  0x0000000000000000      0xac8
 *(SORT_BY_ALIGNMENT(.debug_aranges))
 .debug_aranges
                0x0000000000000000       0x28 zephyr/libzephyr.a(soc_irq.S.obj)
 .debug_aranges
                0x0000000000000028       0x20 zephyr/libzephyr.a(vector.S.obj)
 .debug_aranges
                0x0000000000000048       0x20 zephyr/arch/arch/riscv/core/libarch__riscv__core.a(isr.S.obj)
 .debug_aranges
                0x0000000000000068       0x20 zephyr/arch/arch/riscv/core/libarch__riscv__core.a(reset.S.obj)
 .debug_aranges
                0x0000000000000088       0x28 zephyr/arch/arch/riscv/core/libarch__riscv__core.a(swap.S.obj)
 .debug_aranges
                0x00000000000000b0       0x20 zephyr/CMakeFiles/offsets.dir/./arch/riscv/core/offsets/offsets.c.obj
 .debug_aranges
                0x00000000000000d0       0x20 app/libapp.a(main.c.obj)
 .debug_aranges
                0x00000000000000f0       0x78 zephyr/libzephyr.a(printk.c.obj)
 .debug_aranges
                0x0000000000000168       0x20 zephyr/libzephyr.a(thread_entry.c.obj)
 .debug_aranges
                0x0000000000000188       0x98 zephyr/libzephyr.a(heap.c.obj)
 .debug_aranges
                0x0000000000000220       0x20 zephyr/libzephyr.a(configs.c.obj)
 .debug_aranges
                0x0000000000000240       0x20 zephyr/libzephyr.a(irq.c.obj)
 .debug_aranges
                0x0000000000000260       0x20 zephyr/libzephyr.a(soc.c.obj)
 .debug_aranges
                0x0000000000000280       0x28 zephyr/libzephyr.a(uart_console.c.obj)
 .debug_aranges
                0x00000000000002a8       0x68 zephyr/libzephyr.a(intc_swerv_pic.c.obj)
 .debug_aranges
                0x0000000000000310       0x40 zephyr/libzephyr.a(sys_clock_init.c.obj)
 .debug_aranges
                0x0000000000000350       0x48 zephyr/libzephyr.a(riscv_machine_timer.c.obj)
 .debug_aranges
                0x0000000000000398       0x28 zephyr/arch/arch/riscv/core/libarch__riscv__core.a(cpu_idle.c.obj)
 .debug_aranges
                0x00000000000003c0       0x28 zephyr/arch/arch/riscv/core/libarch__riscv__core.a(fatal.c.obj)
 .debug_aranges
                0x00000000000003e8       0x20 zephyr/arch/arch/riscv/core/libarch__riscv__core.a(irq_manage.c.obj)
 .debug_aranges
                0x0000000000000408       0x20 zephyr/arch/arch/riscv/core/libarch__riscv__core.a(prep_c.c.obj)
 .debug_aranges
                0x0000000000000428       0x20 zephyr/arch/arch/riscv/core/libarch__riscv__core.a(thread.c.obj)
 .debug_aranges
                0x0000000000000448       0x98 zephyr/lib/libc/minimal/liblib__libc__minimal.a(string.c.obj)
 .debug_aranges
                0x00000000000004e0       0x58 zephyr/lib/libc/minimal/liblib__libc__minimal.a(stdout_console.c.obj)
 .debug_aranges
                0x0000000000000538       0x58 zephyr/drivers/gpio/libdrivers__gpio.a(gpio_mmio32.c.obj)
 .debug_aranges
                0x0000000000000590       0x58 zephyr/drivers/gpio/libdrivers__gpio.a(gpio_swervolf.c.obj)
 .debug_aranges
                0x00000000000005e8       0x48 zephyr/drivers/serial/libdrivers__serial.a(uart_ns16550.c.obj)
 .debug_aranges
                0x0000000000000630       0x40 zephyr/kernel/libkernel.a(device.c.obj)
 .debug_aranges
                0x0000000000000670       0x20 zephyr/kernel/libkernel.a(errno.c.obj)
 .debug_aranges
                0x0000000000000690       0x50 zephyr/kernel/libkernel.a(fatal.c.obj)
 .debug_aranges
                0x00000000000006e0       0x38 zephyr/kernel/libkernel.a(init.c.obj)
 .debug_aranges
                0x0000000000000718      0x1d8 zephyr/kernel/libkernel.a(sched.c.obj)
 .debug_aranges
                0x00000000000008f0       0xa0 zephyr/kernel/libkernel.a(thread.c.obj)
 .debug_aranges
                0x0000000000000990       0x20 zephyr/kernel/libkernel.a(thread_abort.c.obj)
 .debug_aranges
                0x00000000000009b0       0x90 zephyr/kernel/libkernel.a(timeout.c.obj)
 .debug_aranges
                0x0000000000000a40       0x28 zephyr/kernel/libkernel.a(idle.c.obj)
 .debug_aranges
                0x0000000000000a68       0x48 zephyr/kernel/libkernel.a(kheap.c.obj)
 .debug_aranges
                0x0000000000000ab0       0x18 zephyr/arch/common/libisr_tables.a(isr_tables.c.obj)

.debug_pubnames
 *(SORT_BY_ALIGNMENT(.debug_pubnames))

.debug_info     0x0000000000000000    0x13bea
 *(SORT_BY_ALIGNMENT(.debug_info) SORT_BY_ALIGNMENT(.gnu.linkonce.wi.*))
 .debug_info    0x0000000000000000       0x8c zephyr/CMakeFiles/offsets.dir/./arch/riscv/core/offsets/offsets.c.obj
 .debug_info    0x000000000000008c       0xb9 app/libapp.a(main.c.obj)
 .debug_info    0x0000000000000145      0xa16 zephyr/libzephyr.a(printk.c.obj)
 .debug_info    0x0000000000000b5b      0x5fb zephyr/libzephyr.a(thread_entry.c.obj)
 .debug_info    0x0000000000001156     0x1ce0 zephyr/libzephyr.a(heap.c.obj)
 .debug_info    0x0000000000002e36       0x38 zephyr/libzephyr.a(configs.c.obj)
 .debug_info    0x0000000000002e6e       0x22 zephyr/libzephyr.a(soc_irq.S.obj)
 .debug_info    0x0000000000002e90       0x26 zephyr/libzephyr.a(vector.S.obj)
 .debug_info    0x0000000000002eb6       0xd0 zephyr/libzephyr.a(irq.c.obj)
 .debug_info    0x0000000000002f86      0x743 zephyr/libzephyr.a(soc.c.obj)
 .debug_info    0x00000000000036c9      0x519 zephyr/libzephyr.a(uart_console.c.obj)
 .debug_info    0x0000000000003be2      0x82d zephyr/libzephyr.a(intc_swerv_pic.c.obj)
 .debug_info    0x000000000000440f      0x2fb zephyr/libzephyr.a(sys_clock_init.c.obj)
 .debug_info    0x000000000000470a      0x735 zephyr/libzephyr.a(riscv_machine_timer.c.obj)
 .debug_info    0x0000000000004e3f      0x116 zephyr/arch/arch/riscv/core/libarch__riscv__core.a(cpu_idle.c.obj)
 .debug_info    0x0000000000004f55      0x558 zephyr/arch/arch/riscv/core/libarch__riscv__core.a(fatal.c.obj)
 .debug_info    0x00000000000054ad      0x248 zephyr/arch/arch/riscv/core/libarch__riscv__core.a(irq_manage.c.obj)
 .debug_info    0x00000000000056f5       0x26 zephyr/arch/arch/riscv/core/libarch__riscv__core.a(isr.S.obj)
 .debug_info    0x000000000000571b       0xd0 zephyr/arch/arch/riscv/core/libarch__riscv__core.a(prep_c.c.obj)
 .debug_info    0x00000000000057eb       0x26 zephyr/arch/arch/riscv/core/libarch__riscv__core.a(reset.S.obj)
 .debug_info    0x0000000000005811       0x22 zephyr/arch/arch/riscv/core/libarch__riscv__core.a(swap.S.obj)
 .debug_info    0x0000000000005833      0x6bb zephyr/arch/arch/riscv/core/libarch__riscv__core.a(thread.c.obj)
 .debug_info    0x0000000000005eee      0x6c8 zephyr/lib/libc/minimal/liblib__libc__minimal.a(string.c.obj)
 .debug_info    0x00000000000065b6      0x5de zephyr/lib/libc/minimal/liblib__libc__minimal.a(stdout_console.c.obj)
 .debug_info    0x0000000000006b94      0x9db zephyr/drivers/gpio/libdrivers__gpio.a(gpio_mmio32.c.obj)
 .debug_info    0x000000000000756f      0x916 zephyr/drivers/gpio/libdrivers__gpio.a(gpio_swervolf.c.obj)
 .debug_info    0x0000000000007e85      0xe10 zephyr/drivers/serial/libdrivers__serial.a(uart_ns16550.c.obj)
 .debug_info    0x0000000000008c95      0x4ff zephyr/kernel/libkernel.a(device.c.obj)
 .debug_info    0x0000000000009194      0x648 zephyr/kernel/libkernel.a(errno.c.obj)
 .debug_info    0x00000000000097dc      0xaac zephyr/kernel/libkernel.a(fatal.c.obj)
 .debug_info    0x000000000000a288      0xcaf zephyr/kernel/libkernel.a(init.c.obj)
 .debug_info    0x000000000000af37     0x4bf4 zephyr/kernel/libkernel.a(sched.c.obj)
 .debug_info    0x000000000000fb2b     0x1591 zephyr/kernel/libkernel.a(thread.c.obj)
 .debug_info    0x00000000000110bc      0x73a zephyr/kernel/libkernel.a(thread_abort.c.obj)
 .debug_info    0x00000000000117f6     0x179b zephyr/kernel/libkernel.a(timeout.c.obj)
 .debug_info    0x0000000000012f91      0x21e zephyr/kernel/libkernel.a(idle.c.obj)
 .debug_info    0x00000000000131af      0x918 zephyr/kernel/libkernel.a(kheap.c.obj)
 .debug_info    0x0000000000013ac7      0x123 zephyr/arch/common/libisr_tables.a(isr_tables.c.obj)

.debug_abbrev   0x0000000000000000     0x4e3c
 *(SORT_BY_ALIGNMENT(.debug_abbrev))
 .debug_abbrev  0x0000000000000000       0x44 zephyr/CMakeFiles/offsets.dir/./arch/riscv/core/offsets/offsets.c.obj
 .debug_abbrev  0x0000000000000044       0x73 app/libapp.a(main.c.obj)
 .debug_abbrev  0x00000000000000b7      0x3f6 zephyr/libzephyr.a(printk.c.obj)
 .debug_abbrev  0x00000000000004ad      0x211 zephyr/libzephyr.a(thread_entry.c.obj)
 .debug_abbrev  0x00000000000006be      0x3e3 zephyr/libzephyr.a(heap.c.obj)
 .debug_abbrev  0x0000000000000aa1       0x2e zephyr/libzephyr.a(configs.c.obj)
 .debug_abbrev  0x0000000000000acf       0x12 zephyr/libzephyr.a(soc_irq.S.obj)
 .debug_abbrev  0x0000000000000ae1       0x14 zephyr/libzephyr.a(vector.S.obj)
 .debug_abbrev  0x0000000000000af5       0x9e zephyr/libzephyr.a(irq.c.obj)
 .debug_abbrev  0x0000000000000b93      0x22d zephyr/libzephyr.a(soc.c.obj)
 .debug_abbrev  0x0000000000000dc0      0x293 zephyr/libzephyr.a(uart_console.c.obj)
 .debug_abbrev  0x0000000000001053      0x303 zephyr/libzephyr.a(intc_swerv_pic.c.obj)
 .debug_abbrev  0x0000000000001356      0x176 zephyr/libzephyr.a(sys_clock_init.c.obj)
 .debug_abbrev  0x00000000000014cc      0x333 zephyr/libzephyr.a(riscv_machine_timer.c.obj)
 .debug_abbrev  0x00000000000017ff       0xb6 zephyr/arch/arch/riscv/core/libarch__riscv__core.a(cpu_idle.c.obj)
 .debug_abbrev  0x00000000000018b5      0x1bf zephyr/arch/arch/riscv/core/libarch__riscv__core.a(fatal.c.obj)
 .debug_abbrev  0x0000000000001a74      0x148 zephyr/arch/arch/riscv/core/libarch__riscv__core.a(irq_manage.c.obj)
 .debug_abbrev  0x0000000000001bbc       0x14 zephyr/arch/arch/riscv/core/libarch__riscv__core.a(isr.S.obj)
 .debug_abbrev  0x0000000000001bd0       0x64 zephyr/arch/arch/riscv/core/libarch__riscv__core.a(prep_c.c.obj)
 .debug_abbrev  0x0000000000001c34       0x14 zephyr/arch/arch/riscv/core/libarch__riscv__core.a(reset.S.obj)
 .debug_abbrev  0x0000000000001c48       0x12 zephyr/arch/arch/riscv/core/libarch__riscv__core.a(swap.S.obj)
 .debug_abbrev  0x0000000000001c5a      0x1ba zephyr/arch/arch/riscv/core/libarch__riscv__core.a(thread.c.obj)
 .debug_abbrev  0x0000000000001e14      0x1b8 zephyr/lib/libc/minimal/liblib__libc__minimal.a(string.c.obj)
 .debug_abbrev  0x0000000000001fcc      0x22d zephyr/lib/libc/minimal/liblib__libc__minimal.a(stdout_console.c.obj)
 .debug_abbrev  0x00000000000021f9      0x29e zephyr/drivers/gpio/libdrivers__gpio.a(gpio_mmio32.c.obj)
 .debug_abbrev  0x0000000000002497      0x21c zephyr/drivers/gpio/libdrivers__gpio.a(gpio_swervolf.c.obj)
 .debug_abbrev  0x00000000000026b3      0x337 zephyr/drivers/serial/libdrivers__serial.a(uart_ns16550.c.obj)
 .debug_abbrev  0x00000000000029ea      0x287 zephyr/kernel/libkernel.a(device.c.obj)
 .debug_abbrev  0x0000000000002c71      0x1b0 zephyr/kernel/libkernel.a(errno.c.obj)
 .debug_abbrev  0x0000000000002e21      0x362 zephyr/kernel/libkernel.a(fatal.c.obj)
 .debug_abbrev  0x0000000000003183      0x4aa zephyr/kernel/libkernel.a(init.c.obj)
 .debug_abbrev  0x000000000000362d      0x5e6 zephyr/kernel/libkernel.a(sched.c.obj)
 .debug_abbrev  0x0000000000003c13      0x5b6 zephyr/kernel/libkernel.a(thread.c.obj)
 .debug_abbrev  0x00000000000041c9      0x286 zephyr/kernel/libkernel.a(thread_abort.c.obj)
 .debug_abbrev  0x000000000000444f      0x494 zephyr/kernel/libkernel.a(timeout.c.obj)
 .debug_abbrev  0x00000000000048e3      0x164 zephyr/kernel/libkernel.a(idle.c.obj)
 .debug_abbrev  0x0000000000004a47      0x321 zephyr/kernel/libkernel.a(kheap.c.obj)
 .debug_abbrev  0x0000000000004d68       0xd4 zephyr/arch/common/libisr_tables.a(isr_tables.c.obj)

.debug_line     0x0000000000000000    0x1139b
 *(SORT_BY_ALIGNMENT(.debug_line) SORT_BY_ALIGNMENT(.debug_line.*) SORT_BY_ALIGNMENT(.debug_line_end))
 .debug_line    0x0000000000000000      0x220 zephyr/CMakeFiles/offsets.dir/./arch/riscv/core/offsets/offsets.c.obj
 .debug_line    0x0000000000000220       0xd3 app/libapp.a(main.c.obj)
 .debug_line    0x00000000000002f3      0xcb4 zephyr/libzephyr.a(printk.c.obj)
 .debug_line    0x0000000000000fa7      0x3e4 zephyr/libzephyr.a(thread_entry.c.obj)
 .debug_line    0x000000000000138b     0x1541 zephyr/libzephyr.a(heap.c.obj)
 .debug_line    0x00000000000028cc      0x318 zephyr/libzephyr.a(configs.c.obj)
 .debug_line    0x0000000000002be4       0xdf zephyr/libzephyr.a(soc_irq.S.obj)
 .debug_line    0x0000000000002cc3       0xbc zephyr/libzephyr.a(vector.S.obj)
 .debug_line    0x0000000000002d7f      0x16b zephyr/libzephyr.a(irq.c.obj)
 .debug_line    0x0000000000002eea      0x3de zephyr/libzephyr.a(soc.c.obj)
 .debug_line    0x00000000000032c8      0x369 zephyr/libzephyr.a(uart_console.c.obj)
 .debug_line    0x0000000000003631      0x901 zephyr/libzephyr.a(intc_swerv_pic.c.obj)
 .debug_line    0x0000000000003f32      0x1c8 zephyr/libzephyr.a(sys_clock_init.c.obj)
 .debug_line    0x00000000000040fa      0x80c zephyr/libzephyr.a(riscv_machine_timer.c.obj)
 .debug_line    0x0000000000004906      0x17f zephyr/arch/arch/riscv/core/libarch__riscv__core.a(cpu_idle.c.obj)
 .debug_line    0x0000000000004a85      0x2b0 zephyr/arch/arch/riscv/core/libarch__riscv__core.a(fatal.c.obj)
 .debug_line    0x0000000000004d35      0x269 zephyr/arch/arch/riscv/core/libarch__riscv__core.a(irq_manage.c.obj)
 .debug_line    0x0000000000004f9e      0x34e zephyr/arch/arch/riscv/core/libarch__riscv__core.a(isr.S.obj)
 .debug_line    0x00000000000052ec      0x166 zephyr/arch/arch/riscv/core/libarch__riscv__core.a(prep_c.c.obj)
 .debug_line    0x0000000000005452       0xa3 zephyr/arch/arch/riscv/core/libarch__riscv__core.a(reset.S.obj)
 .debug_line    0x00000000000054f5       0xb3 zephyr/arch/arch/riscv/core/libarch__riscv__core.a(swap.S.obj)
 .debug_line    0x00000000000055a8      0x35f zephyr/arch/arch/riscv/core/libarch__riscv__core.a(thread.c.obj)
 .debug_line    0x0000000000005907      0xc8b zephyr/lib/libc/minimal/liblib__libc__minimal.a(string.c.obj)
 .debug_line    0x0000000000006592      0x4f1 zephyr/lib/libc/minimal/liblib__libc__minimal.a(stdout_console.c.obj)
 .debug_line    0x0000000000006a83      0x8cf zephyr/drivers/gpio/libdrivers__gpio.a(gpio_mmio32.c.obj)
 .debug_line    0x0000000000007352      0x5a9 zephyr/drivers/gpio/libdrivers__gpio.a(gpio_swervolf.c.obj)
 .debug_line    0x00000000000078fb      0xbd5 zephyr/drivers/serial/libdrivers__serial.a(uart_ns16550.c.obj)
 .debug_line    0x00000000000084d0      0x5c3 zephyr/kernel/libkernel.a(device.c.obj)
 .debug_line    0x0000000000008a93      0x32e zephyr/kernel/libkernel.a(errno.c.obj)
 .debug_line    0x0000000000008dc1      0x6c1 zephyr/kernel/libkernel.a(fatal.c.obj)
 .debug_line    0x0000000000009482      0x8e7 zephyr/kernel/libkernel.a(init.c.obj)
 .debug_line    0x0000000000009d69     0x419f zephyr/kernel/libkernel.a(sched.c.obj)
 .debug_line    0x000000000000df08      0xef6 zephyr/kernel/libkernel.a(thread.c.obj)
 .debug_line    0x000000000000edfe      0x4ef zephyr/kernel/libkernel.a(thread_abort.c.obj)
 .debug_line    0x000000000000f2ed     0x14a1 zephyr/kernel/libkernel.a(timeout.c.obj)
 .debug_line    0x000000000001078e      0x370 zephyr/kernel/libkernel.a(idle.c.obj)
 .debug_line    0x0000000000010afe      0x792 zephyr/kernel/libkernel.a(kheap.c.obj)
 .debug_line    0x0000000000011290      0x10b zephyr/arch/common/libisr_tables.a(isr_tables.c.obj)

.debug_frame    0x0000000000000000     0x19f4
 *(SORT_BY_ALIGNMENT(.debug_frame))
 .debug_frame   0x0000000000000000       0x20 zephyr/CMakeFiles/offsets.dir/./arch/riscv/core/offsets/offsets.c.obj
 .debug_frame   0x0000000000000020       0x20 app/libapp.a(main.c.obj)
 .debug_frame   0x0000000000000040      0x1a0 zephyr/libzephyr.a(printk.c.obj)
 .debug_frame   0x00000000000001e0       0x28 zephyr/libzephyr.a(thread_entry.c.obj)
 .debug_frame   0x0000000000000208      0x2a8 zephyr/libzephyr.a(heap.c.obj)
 .debug_frame   0x00000000000004b0       0x20 zephyr/libzephyr.a(configs.c.obj)
 .debug_frame   0x00000000000004d0       0x20 zephyr/libzephyr.a(irq.c.obj)
 .debug_frame   0x00000000000004f0       0x20 zephyr/libzephyr.a(soc.c.obj)
 .debug_frame   0x0000000000000510       0x54 zephyr/libzephyr.a(uart_console.c.obj)
 .debug_frame   0x0000000000000564       0xc0 zephyr/libzephyr.a(intc_swerv_pic.c.obj)
 .debug_frame   0x0000000000000624       0x70 zephyr/libzephyr.a(sys_clock_init.c.obj)
 .debug_frame   0x0000000000000694       0xbc zephyr/libzephyr.a(riscv_machine_timer.c.obj)
 .debug_frame   0x0000000000000750       0x30 zephyr/arch/arch/riscv/core/libarch__riscv__core.a(cpu_idle.c.obj)
 .debug_frame   0x0000000000000780       0x40 zephyr/arch/arch/riscv/core/libarch__riscv__core.a(fatal.c.obj)
 .debug_frame   0x00000000000007c0       0x28 zephyr/arch/arch/riscv/core/libarch__riscv__core.a(irq_manage.c.obj)
 .debug_frame   0x00000000000007e8       0x28 zephyr/arch/arch/riscv/core/libarch__riscv__core.a(prep_c.c.obj)
 .debug_frame   0x0000000000000810       0x20 zephyr/arch/arch/riscv/core/libarch__riscv__core.a(thread.c.obj)
 .debug_frame   0x0000000000000830      0x15c zephyr/lib/libc/minimal/liblib__libc__minimal.a(string.c.obj)
 .debug_frame   0x000000000000098c       0xdc zephyr/lib/libc/minimal/liblib__libc__minimal.a(stdout_console.c.obj)
 .debug_frame   0x0000000000000a68       0x90 zephyr/drivers/gpio/libdrivers__gpio.a(gpio_mmio32.c.obj)
 .debug_frame   0x0000000000000af8       0x90 zephyr/drivers/gpio/libdrivers__gpio.a(gpio_swervolf.c.obj)
 .debug_frame   0x0000000000000b88       0x70 zephyr/drivers/serial/libdrivers__serial.a(uart_ns16550.c.obj)
 .debug_frame   0x0000000000000bf8       0xb8 zephyr/kernel/libkernel.a(device.c.obj)
 .debug_frame   0x0000000000000cb0       0x20 zephyr/kernel/libkernel.a(errno.c.obj)
 .debug_frame   0x0000000000000cd0       0xa8 zephyr/kernel/libkernel.a(fatal.c.obj)
 .debug_frame   0x0000000000000d78       0x6c zephyr/kernel/libkernel.a(init.c.obj)
 .debug_frame   0x0000000000000de4      0x6cc zephyr/kernel/libkernel.a(sched.c.obj)
 .debug_frame   0x00000000000014b0      0x1a4 zephyr/kernel/libkernel.a(thread.c.obj)
 .debug_frame   0x0000000000001654       0x44 zephyr/kernel/libkernel.a(thread_abort.c.obj)
 .debug_frame   0x0000000000001698      0x208 zephyr/kernel/libkernel.a(timeout.c.obj)
 .debug_frame   0x00000000000018a0       0x38 zephyr/kernel/libkernel.a(idle.c.obj)
 .debug_frame   0x00000000000018d8       0xfc zephyr/kernel/libkernel.a(kheap.c.obj)
 .debug_frame   0x00000000000019d4       0x20 /root/zephyr-sdk-0.12.4/riscv64-zephyr-elf/bin/../lib/gcc/riscv64-zephyr-elf/10.2.0/libgcc.a(_clzsi2.o)

.debug_str      0x0000000000000000     0x3807
 *(SORT_BY_ALIGNMENT(.debug_str))
 .debug_str     0x0000000000000000      0x1ef zephyr/CMakeFiles/offsets.dir/./arch/riscv/core/offsets/offsets.c.obj
                                        0x228 (size before relaxing)
 .debug_str     0x00000000000001ef       0x50 app/libapp.a(main.c.obj)
                                        0x222 (size before relaxing)
 .debug_str     0x000000000000023f      0x2ea zephyr/libzephyr.a(printk.c.obj)
                                        0x523 (size before relaxing)
 .debug_str     0x0000000000000529      0x222 zephyr/libzephyr.a(thread_entry.c.obj)
                                        0x48d (size before relaxing)
 .debug_str     0x000000000000074b      0x322 zephyr/libzephyr.a(heap.c.obj)
                                        0x5c6 (size before relaxing)
 .debug_str     0x0000000000000a6d       0x7a zephyr/libzephyr.a(configs.c.obj)
                                        0x1b1 (size before relaxing)
 .debug_str     0x0000000000000ae7       0x77 zephyr/libzephyr.a(soc_irq.S.obj)
                                         0xc2 (size before relaxing)
 .debug_str     0x0000000000000b5e       0x68 zephyr/libzephyr.a(vector.S.obj)
                                         0xc1 (size before relaxing)
 .debug_str     0x0000000000000bc6       0x8e zephyr/libzephyr.a(irq.c.obj)
                                        0x251 (size before relaxing)
 .debug_str     0x0000000000000c54      0x2fe zephyr/libzephyr.a(soc.c.obj)
                                        0x6bb (size before relaxing)
 .debug_str     0x0000000000000f52      0x139 zephyr/libzephyr.a(uart_console.c.obj)
                                        0x4cb (size before relaxing)
 .debug_str     0x000000000000108b      0x1e9 zephyr/libzephyr.a(intc_swerv_pic.c.obj)
                                        0x50f (size before relaxing)
 .debug_str     0x0000000000001274      0x104 zephyr/libzephyr.a(sys_clock_init.c.obj)
                                        0x44e (size before relaxing)
 .debug_str     0x0000000000001378      0x166 zephyr/libzephyr.a(riscv_machine_timer.c.obj)
                                        0x554 (size before relaxing)
 .debug_str     0x00000000000014de       0x6f zephyr/arch/arch/riscv/core/libarch__riscv__core.a(cpu_idle.c.obj)
                                        0x24a (size before relaxing)
 .debug_str     0x000000000000154d      0x1cf zephyr/arch/arch/riscv/core/libarch__riscv__core.a(fatal.c.obj)
                                        0x3d1 (size before relaxing)
 .debug_str     0x000000000000171c       0x55 zephyr/arch/arch/riscv/core/libarch__riscv__core.a(irq_manage.c.obj)
                                        0x3ab (size before relaxing)
 .debug_str     0x0000000000001771       0x47 zephyr/arch/arch/riscv/core/libarch__riscv__core.a(isr.S.obj)
                                         0xa0 (size before relaxing)
 .debug_str     0x00000000000017b8       0x65 zephyr/arch/arch/riscv/core/libarch__riscv__core.a(prep_c.c.obj)
                                        0x23e (size before relaxing)
 .debug_str     0x000000000000181d       0x49 zephyr/arch/arch/riscv/core/libarch__riscv__core.a(reset.S.obj)
                                         0xa2 (size before relaxing)
 .debug_str     0x0000000000001866       0x48 zephyr/arch/arch/riscv/core/libarch__riscv__core.a(swap.S.obj)
                                         0xa1 (size before relaxing)
 .debug_str     0x00000000000018ae       0x97 zephyr/arch/arch/riscv/core/libarch__riscv__core.a(thread.c.obj)
                                        0x49c (size before relaxing)
 .debug_str     0x0000000000001945      0x11d zephyr/lib/libc/minimal/liblib__libc__minimal.a(string.c.obj)
                                        0x304 (size before relaxing)
 .debug_str     0x0000000000001a62       0xd1 zephyr/lib/libc/minimal/liblib__libc__minimal.a(stdout_console.c.obj)
                                        0x2ec (size before relaxing)
 .debug_str     0x0000000000001b33      0x115 zephyr/drivers/gpio/libdrivers__gpio.a(gpio_mmio32.c.obj)
                                        0x6ac (size before relaxing)
 .debug_str     0x0000000000001c48      0x21a zephyr/drivers/gpio/libdrivers__gpio.a(gpio_swervolf.c.obj)
                                        0x6dc (size before relaxing)
 .debug_str     0x0000000000001e62      0x37c zephyr/drivers/serial/libdrivers__serial.a(uart_ns16550.c.obj)
                                        0x805 (size before relaxing)
 .debug_str     0x00000000000021de      0x1b6 zephyr/kernel/libkernel.a(device.c.obj)
                                        0x403 (size before relaxing)
 .debug_str     0x0000000000002394       0xa4 zephyr/kernel/libkernel.a(errno.c.obj)
                                        0x5a9 (size before relaxing)
 .debug_str     0x0000000000002438       0xce zephyr/kernel/libkernel.a(fatal.c.obj)
                                        0x61e (size before relaxing)
 .debug_str     0x0000000000002506      0x22d zephyr/kernel/libkernel.a(init.c.obj)
                                        0x790 (size before relaxing)
 .debug_str     0x0000000000002733      0x9cc zephyr/kernel/libkernel.a(sched.c.obj)
                                       0x10cc (size before relaxing)
 .debug_str     0x00000000000030ff      0x37f zephyr/kernel/libkernel.a(thread.c.obj)
                                        0xb80 (size before relaxing)
 .debug_str     0x000000000000347e       0x47 zephyr/kernel/libkernel.a(thread_abort.c.obj)
                                        0x536 (size before relaxing)
 .debug_str     0x00000000000034c5      0x143 zephyr/kernel/libkernel.a(timeout.c.obj)
                                        0x8a0 (size before relaxing)
 .debug_str     0x0000000000003608       0x97 zephyr/kernel/libkernel.a(idle.c.obj)
                                        0x2f5 (size before relaxing)
 .debug_str     0x000000000000369f       0xf3 zephyr/kernel/libkernel.a(kheap.c.obj)
                                        0x5be (size before relaxing)
 .debug_str     0x0000000000003792       0x75 zephyr/arch/common/libisr_tables.a(isr_tables.c.obj)
                                        0x258 (size before relaxing)

.debug_loc      0x0000000000000000     0x94e1
 *(SORT_BY_ALIGNMENT(.debug_loc))
 .debug_loc     0x0000000000000000      0x920 zephyr/libzephyr.a(printk.c.obj)
 .debug_loc     0x0000000000000920       0xb8 zephyr/libzephyr.a(thread_entry.c.obj)
 .debug_loc     0x00000000000009d8     0x17bb zephyr/libzephyr.a(heap.c.obj)
 .debug_loc     0x0000000000002193      0x150 zephyr/libzephyr.a(soc.c.obj)
 .debug_loc     0x00000000000022e3      0x124 zephyr/libzephyr.a(uart_console.c.obj)
 .debug_loc     0x0000000000002407      0x587 zephyr/libzephyr.a(intc_swerv_pic.c.obj)
 .debug_loc     0x000000000000298e       0x42 zephyr/libzephyr.a(sys_clock_init.c.obj)
 .debug_loc     0x00000000000029d0      0x135 zephyr/libzephyr.a(riscv_machine_timer.c.obj)
 .debug_loc     0x0000000000002b05       0x56 zephyr/arch/arch/riscv/core/libarch__riscv__core.a(cpu_idle.c.obj)
 .debug_loc     0x0000000000002b5b       0x9a zephyr/arch/arch/riscv/core/libarch__riscv__core.a(fatal.c.obj)
 .debug_loc     0x0000000000002bf5       0x21 zephyr/arch/arch/riscv/core/libarch__riscv__core.a(irq_manage.c.obj)
 .debug_loc     0x0000000000002c16       0x6d zephyr/arch/arch/riscv/core/libarch__riscv__core.a(thread.c.obj)
 .debug_loc     0x0000000000002c83      0xc75 zephyr/lib/libc/minimal/liblib__libc__minimal.a(string.c.obj)
 .debug_loc     0x00000000000038f8      0x426 zephyr/lib/libc/minimal/liblib__libc__minimal.a(stdout_console.c.obj)
 .debug_loc     0x0000000000003d1e      0x58b zephyr/drivers/gpio/libdrivers__gpio.a(gpio_mmio32.c.obj)
 .debug_loc     0x00000000000042a9      0x2d2 zephyr/drivers/gpio/libdrivers__gpio.a(gpio_swervolf.c.obj)
 .debug_loc     0x000000000000457b      0x618 zephyr/drivers/serial/libdrivers__serial.a(uart_ns16550.c.obj)
 .debug_loc     0x0000000000004b93      0x152 zephyr/kernel/libkernel.a(device.c.obj)
 .debug_loc     0x0000000000004ce5      0x15b zephyr/kernel/libkernel.a(fatal.c.obj)
 .debug_loc     0x0000000000004e40      0x13a zephyr/kernel/libkernel.a(init.c.obj)
 .debug_loc     0x0000000000004f7a     0x2d32 zephyr/kernel/libkernel.a(sched.c.obj)
 .debug_loc     0x0000000000007cac      0x80c zephyr/kernel/libkernel.a(thread.c.obj)
 .debug_loc     0x00000000000084b8       0x80 zephyr/kernel/libkernel.a(thread_abort.c.obj)
 .debug_loc     0x0000000000008538      0xaa2 zephyr/kernel/libkernel.a(timeout.c.obj)
 .debug_loc     0x0000000000008fda       0x97 zephyr/kernel/libkernel.a(idle.c.obj)
 .debug_loc     0x0000000000009071      0x470 zephyr/kernel/libkernel.a(kheap.c.obj)

.debug_macinfo
 *(SORT_BY_ALIGNMENT(.debug_macinfo))

.debug_weaknames
 *(SORT_BY_ALIGNMENT(.debug_weaknames))

.debug_funcnames
 *(SORT_BY_ALIGNMENT(.debug_funcnames))

.debug_typenames
 *(SORT_BY_ALIGNMENT(.debug_typenames))

.debug_varnames
 *(SORT_BY_ALIGNMENT(.debug_varnames))

.debug_pubtypes
 *(SORT_BY_ALIGNMENT(.debug_pubtypes))

.debug_ranges   0x0000000000000000     0x2980
 *(SORT_BY_ALIGNMENT(.debug_ranges))
 .debug_ranges  0x0000000000000000       0x20 zephyr/libzephyr.a(soc_irq.S.obj)
 .debug_ranges  0x0000000000000020       0x20 zephyr/arch/arch/riscv/core/libarch__riscv__core.a(swap.S.obj)
 .debug_ranges  0x0000000000000040       0x10 zephyr/CMakeFiles/offsets.dir/./arch/riscv/core/offsets/offsets.c.obj
 .debug_ranges  0x0000000000000050       0x10 app/libapp.a(main.c.obj)
 .debug_ranges  0x0000000000000060       0xf0 zephyr/libzephyr.a(printk.c.obj)
 .debug_ranges  0x0000000000000150       0x10 zephyr/libzephyr.a(thread_entry.c.obj)
 .debug_ranges  0x0000000000000160      0x528 zephyr/libzephyr.a(heap.c.obj)
 .debug_ranges  0x0000000000000688       0x10 zephyr/libzephyr.a(configs.c.obj)
 .debug_ranges  0x0000000000000698       0x10 zephyr/libzephyr.a(irq.c.obj)
 .debug_ranges  0x00000000000006a8       0x48 zephyr/libzephyr.a(soc.c.obj)
 .debug_ranges  0x00000000000006f0       0x48 zephyr/libzephyr.a(uart_console.c.obj)
 .debug_ranges  0x0000000000000738      0x1b0 zephyr/libzephyr.a(intc_swerv_pic.c.obj)
 .debug_ranges  0x00000000000008e8       0x30 zephyr/libzephyr.a(sys_clock_init.c.obj)
 .debug_ranges  0x0000000000000918       0x90 zephyr/libzephyr.a(riscv_machine_timer.c.obj)
 .debug_ranges  0x00000000000009a8       0x18 zephyr/arch/arch/riscv/core/libarch__riscv__core.a(cpu_idle.c.obj)
 .debug_ranges  0x00000000000009c0       0x18 zephyr/arch/arch/riscv/core/libarch__riscv__core.a(fatal.c.obj)
 .debug_ranges  0x00000000000009d8       0x10 zephyr/arch/arch/riscv/core/libarch__riscv__core.a(irq_manage.c.obj)
 .debug_ranges  0x00000000000009e8       0x10 zephyr/arch/arch/riscv/core/libarch__riscv__core.a(prep_c.c.obj)
 .debug_ranges  0x00000000000009f8       0x10 zephyr/arch/arch/riscv/core/libarch__riscv__core.a(thread.c.obj)
 .debug_ranges  0x0000000000000a08       0xa0 zephyr/lib/libc/minimal/liblib__libc__minimal.a(string.c.obj)
 .debug_ranges  0x0000000000000aa8       0x48 zephyr/lib/libc/minimal/liblib__libc__minimal.a(stdout_console.c.obj)
 .debug_ranges  0x0000000000000af0      0x100 zephyr/drivers/gpio/libdrivers__gpio.a(gpio_mmio32.c.obj)
 .debug_ranges  0x0000000000000bf0       0x48 zephyr/drivers/gpio/libdrivers__gpio.a(gpio_swervolf.c.obj)
 .debug_ranges  0x0000000000000c38      0x240 zephyr/drivers/serial/libdrivers__serial.a(uart_ns16550.c.obj)
 .debug_ranges  0x0000000000000e78       0xa8 zephyr/kernel/libkernel.a(device.c.obj)
 .debug_ranges  0x0000000000000f20       0x10 zephyr/kernel/libkernel.a(errno.c.obj)
 .debug_ranges  0x0000000000000f30       0xb0 zephyr/kernel/libkernel.a(fatal.c.obj)
 .debug_ranges  0x0000000000000fe0       0xe0 zephyr/kernel/libkernel.a(init.c.obj)
 .debug_ranges  0x00000000000010c0     0x1008 zephyr/kernel/libkernel.a(sched.c.obj)
 .debug_ranges  0x00000000000020c8      0x230 zephyr/kernel/libkernel.a(thread.c.obj)
 .debug_ranges  0x00000000000022f8       0x90 zephyr/kernel/libkernel.a(thread_abort.c.obj)
 .debug_ranges  0x0000000000002388      0x4f8 zephyr/kernel/libkernel.a(timeout.c.obj)
 .debug_ranges  0x0000000000002880       0x48 zephyr/kernel/libkernel.a(idle.c.obj)
 .debug_ranges  0x00000000000028c8       0xb8 zephyr/kernel/libkernel.a(kheap.c.obj)

.debug_macro
 *(SORT_BY_ALIGNMENT(.debug_macro))

/DISCARD/
 *(SORT_BY_ALIGNMENT(.note.GNU-stack))

.riscv.attributes
                0x0000000000000000       0x2a
 *(SORT_BY_ALIGNMENT(.riscv.attributes))
 .riscv.attributes
                0x0000000000000000       0x26 zephyr/CMakeFiles/zephyr_prebuilt.dir/misc/empty_file.c.obj
 .riscv.attributes
                0x0000000000000026       0x26 zephyr/CMakeFiles/offsets.dir/./arch/riscv/core/offsets/offsets.c.obj
 .riscv.attributes
                0x000000000000004c       0x26 app/libapp.a(main.c.obj)
 .riscv.attributes
                0x0000000000000072       0x26 zephyr/libzephyr.a(crc32_sw.c.obj)
 .riscv.attributes
                0x0000000000000098       0x26 zephyr/libzephyr.a(crc16_sw.c.obj)
 .riscv.attributes
                0x00000000000000be       0x26 zephyr/libzephyr.a(crc8_sw.c.obj)
 .riscv.attributes
                0x00000000000000e4       0x26 zephyr/libzephyr.a(crc7_sw.c.obj)
 .riscv.attributes
                0x000000000000010a       0x26 zephyr/libzephyr.a(dec.c.obj)
 .riscv.attributes
                0x0000000000000130       0x26 zephyr/libzephyr.a(fdtable.c.obj)
 .riscv.attributes
                0x0000000000000156       0x26 zephyr/libzephyr.a(hex.c.obj)
 .riscv.attributes
                0x000000000000017c       0x2a zephyr/libzephyr.a(mempool.c.obj)
 .riscv.attributes
                0x00000000000001a6       0x26 zephyr/libzephyr.a(notify.c.obj)
 .riscv.attributes
                0x00000000000001cc       0x26 zephyr/libzephyr.a(printk.c.obj)
 .riscv.attributes
                0x00000000000001f2       0x2a zephyr/libzephyr.a(onoff.c.obj)
 .riscv.attributes
                0x000000000000021c       0x26 zephyr/libzephyr.a(rb.c.obj)
 .riscv.attributes
                0x0000000000000242       0x26 zephyr/libzephyr.a(sem.c.obj)
 .riscv.attributes
                0x0000000000000268       0x26 zephyr/libzephyr.a(thread_entry.c.obj)
 .riscv.attributes
                0x000000000000028e       0x26 zephyr/libzephyr.a(timeutil.c.obj)
 .riscv.attributes
                0x00000000000002b4       0x26 zephyr/libzephyr.a(work_q.c.obj)
 .riscv.attributes
                0x00000000000002da       0x26 zephyr/libzephyr.a(heap.c.obj)
 .riscv.attributes
                0x0000000000000300       0x26 zephyr/libzephyr.a(heap-validate.c.obj)
 .riscv.attributes
                0x0000000000000326       0x26 zephyr/libzephyr.a(prf.c.obj)
 .riscv.attributes
                0x000000000000034c       0x26 zephyr/libzephyr.a(configs.c.obj)
 .riscv.attributes
                0x0000000000000372       0x28 zephyr/libzephyr.a(soc_irq.S.obj)
 .riscv.attributes
                0x000000000000039a       0x28 zephyr/libzephyr.a(vector.S.obj)
 .riscv.attributes
                0x00000000000003c2       0x2a zephyr/libzephyr.a(irq.c.obj)
 .riscv.attributes
                0x00000000000003ec       0x26 zephyr/libzephyr.a(soc.c.obj)
 .riscv.attributes
                0x0000000000000412       0x26 zephyr/libzephyr.a(uart_console.c.obj)
 .riscv.attributes
                0x0000000000000438       0x2a zephyr/libzephyr.a(intc_swerv_pic.c.obj)
 .riscv.attributes
                0x0000000000000462       0x26 zephyr/libzephyr.a(sys_clock_init.c.obj)
 .riscv.attributes
                0x0000000000000488       0x2a zephyr/libzephyr.a(riscv_machine_timer.c.obj)
 .riscv.attributes
                0x00000000000004b2       0x26 zephyr/arch/common/libarch__common.a(sw_isr_common.c.obj)
 .riscv.attributes
                0x00000000000004d8       0x2a zephyr/arch/arch/riscv/core/libarch__riscv__core.a(cpu_idle.c.obj)
 .riscv.attributes
                0x0000000000000502       0x2a zephyr/arch/arch/riscv/core/libarch__riscv__core.a(fatal.c.obj)
 .riscv.attributes
                0x000000000000052c       0x2a zephyr/arch/arch/riscv/core/libarch__riscv__core.a(irq_manage.c.obj)
 .riscv.attributes
                0x0000000000000556       0x28 zephyr/arch/arch/riscv/core/libarch__riscv__core.a(isr.S.obj)
 .riscv.attributes
                0x000000000000057e       0x26 zephyr/arch/arch/riscv/core/libarch__riscv__core.a(prep_c.c.obj)
 .riscv.attributes
                0x00000000000005a4       0x28 zephyr/arch/arch/riscv/core/libarch__riscv__core.a(reset.S.obj)
 .riscv.attributes
                0x00000000000005cc       0x28 zephyr/arch/arch/riscv/core/libarch__riscv__core.a(swap.S.obj)
 .riscv.attributes
                0x00000000000005f4       0x26 zephyr/arch/arch/riscv/core/libarch__riscv__core.a(thread.c.obj)
 .riscv.attributes
                0x000000000000061a       0x26 zephyr/lib/libc/minimal/liblib__libc__minimal.a(atoi.c.obj)
 .riscv.attributes
                0x0000000000000640       0x26 zephyr/lib/libc/minimal/liblib__libc__minimal.a(strtol.c.obj)
 .riscv.attributes
                0x0000000000000666       0x26 zephyr/lib/libc/minimal/liblib__libc__minimal.a(strtoul.c.obj)
 .riscv.attributes
                0x000000000000068c       0x26 zephyr/lib/libc/minimal/liblib__libc__minimal.a(malloc.c.obj)
 .riscv.attributes
                0x00000000000006b2       0x26 zephyr/lib/libc/minimal/liblib__libc__minimal.a(bsearch.c.obj)
 .riscv.attributes
                0x00000000000006d8       0x26 zephyr/lib/libc/minimal/liblib__libc__minimal.a(exit.c.obj)
 .riscv.attributes
                0x00000000000006fe       0x26 zephyr/lib/libc/minimal/liblib__libc__minimal.a(strncasecmp.c.obj)
 .riscv.attributes
                0x0000000000000724       0x26 zephyr/lib/libc/minimal/liblib__libc__minimal.a(strstr.c.obj)
 .riscv.attributes
                0x000000000000074a       0x26 zephyr/lib/libc/minimal/liblib__libc__minimal.a(string.c.obj)
 .riscv.attributes
                0x0000000000000770       0x26 zephyr/lib/libc/minimal/liblib__libc__minimal.a(strspn.c.obj)
 .riscv.attributes
                0x0000000000000796       0x26 zephyr/lib/libc/minimal/liblib__libc__minimal.a(stdout_console.c.obj)
 .riscv.attributes
                0x00000000000007bc       0x26 zephyr/lib/libc/minimal/liblib__libc__minimal.a(sprintf.c.obj)
 .riscv.attributes
                0x00000000000007e2       0x26 zephyr/lib/libc/minimal/liblib__libc__minimal.a(fprintf.c.obj)
 .riscv.attributes
                0x0000000000000808       0x26 zephyr/lib/libc/minimal/liblib__libc__minimal.a(gmtime.c.obj)
 .riscv.attributes
                0x000000000000082e       0x26 zephyr/lib/posix/liblib__posix.a(pthread_common.c.obj)
 .riscv.attributes
                0x0000000000000854       0x26 zephyr/lib/posix/liblib__posix.a(nanosleep.c.obj)
 .riscv.attributes
                0x000000000000087a       0x2a zephyr/drivers/gpio/libdrivers__gpio.a(gpio_mmio32.c.obj)
 .riscv.attributes
                0x00000000000008a4       0x26 zephyr/drivers/gpio/libdrivers__gpio.a(gpio_swervolf.c.obj)
 .riscv.attributes
                0x00000000000008ca       0x2a zephyr/drivers/serial/libdrivers__serial.a(uart_ns16550.c.obj)
 .riscv.attributes
                0x00000000000008f4       0x26 zephyr/kernel/libkernel.a(device.c.obj)
 .riscv.attributes
                0x000000000000091a       0x26 zephyr/kernel/libkernel.a(errno.c.obj)
 .riscv.attributes
                0x0000000000000940       0x2a zephyr/kernel/libkernel.a(fatal.c.obj)
 .riscv.attributes
                0x000000000000096a       0x2a zephyr/kernel/libkernel.a(init.c.obj)
 .riscv.attributes
                0x0000000000000994       0x2a zephyr/kernel/libkernel.a(mutex.c.obj)
 .riscv.attributes
                0x00000000000009be       0x2a zephyr/kernel/libkernel.a(queue.c.obj)
 .riscv.attributes
                0x00000000000009e8       0x2a zephyr/kernel/libkernel.a(sched.c.obj)
 .riscv.attributes
                0x0000000000000a12       0x2a zephyr/kernel/libkernel.a(sem.c.obj)
 .riscv.attributes
                0x0000000000000a3c       0x26 zephyr/kernel/libkernel.a(thread.c.obj)
 .riscv.attributes
                0x0000000000000a62       0x2a zephyr/kernel/libkernel.a(thread_abort.c.obj)
 .riscv.attributes
                0x0000000000000a8c       0x2a zephyr/kernel/libkernel.a(timeout.c.obj)
 .riscv.attributes
                0x0000000000000ab6       0x2a zephyr/kernel/libkernel.a(atomic_c.c.obj)
 .riscv.attributes
                0x0000000000000ae0       0x26 zephyr/kernel/libkernel.a(mempool.c.obj)
 .riscv.attributes
                0x0000000000000b06       0x2a zephyr/kernel/libkernel.a(idle.c.obj)
 .riscv.attributes
                0x0000000000000b30       0x2a zephyr/kernel/libkernel.a(kheap.c.obj)
 .riscv.attributes
                0x0000000000000b5a       0x26 /root/zephyr-sdk-0.12.4/riscv64-zephyr-elf/bin/../lib/gcc/riscv64-zephyr-elf/10.2.0/libgcc.a(_clzsi2.o)
 .riscv.attributes
                0x0000000000000b80       0x26 /root/zephyr-sdk-0.12.4/riscv64-zephyr-elf/bin/../lib/gcc/riscv64-zephyr-elf/10.2.0/libgcc.a(_ctzsi2.o)
 .riscv.attributes
                0x0000000000000ba6       0x26 /root/zephyr-sdk-0.12.4/riscv64-zephyr-elf/bin/../lib/gcc/riscv64-zephyr-elf/10.2.0/libgcc.a(_divdi3.o)
 .riscv.attributes
                0x0000000000000bcc       0x26 /root/zephyr-sdk-0.12.4/riscv64-zephyr-elf/bin/../lib/gcc/riscv64-zephyr-elf/10.2.0/libgcc.a(_moddi3.o)
 .riscv.attributes
                0x0000000000000bf2       0x26 /root/zephyr-sdk-0.12.4/riscv64-zephyr-elf/bin/../lib/gcc/riscv64-zephyr-elf/10.2.0/libgcc.a(_udivdi3.o)
 .riscv.attributes
                0x0000000000000c18       0x26 /root/zephyr-sdk-0.12.4/riscv64-zephyr-elf/bin/../lib/gcc/riscv64-zephyr-elf/10.2.0/libgcc.a(_umoddi3.o)
 .riscv.attributes
                0x0000000000000c3e       0x26 /root/zephyr-sdk-0.12.4/riscv64-zephyr-elf/bin/../lib/gcc/riscv64-zephyr-elf/10.2.0/libgcc.a(_clz.o)
 .riscv.attributes
                0x0000000000000c64       0x26 zephyr/arch/common/libisr_tables.a(isr_tables.c.obj)
 *(SORT_BY_ALIGNMENT(.gnu.attributes))
LOAD app/libapp.a
LOAD zephyr/libzephyr.a
LOAD zephyr/arch/common/libarch__common.a
LOAD zephyr/arch/arch/riscv/core/libarch__riscv__core.a
LOAD zephyr/lib/libc/minimal/liblib__libc__minimal.a
LOAD zephyr/lib/posix/liblib__posix.a
LOAD zephyr/drivers/gpio/libdrivers__gpio.a
LOAD zephyr/drivers/serial/libdrivers__serial.a
LOAD zephyr/kernel/libkernel.a
LOAD /root/zephyr-sdk-0.12.4/riscv64-zephyr-elf/bin/../lib/gcc/riscv64-zephyr-elf/10.2.0/libgcc.a
LOAD zephyr/arch/common/libisr_tables.a
OUTPUT(zephyr/zephyr_prebuilt.elf elf32-littleriscv)
