Archive member included to satisfy reference by file (symbol)

app/libapp.a(main.c.obj)      (--whole-archive)
zephyr/libzephyr.a(crc32_sw.c.obj)
                              (--whole-archive)
zephyr/libzephyr.a(crc16_sw.c.obj)
                              (--whole-archive)
zephyr/libzephyr.a(crc8_sw.c.obj)
                              (--whole-archive)
zephyr/libzephyr.a(crc7_sw.c.obj)
                              (--whole-archive)
zephyr/libzephyr.a(dec.c.obj)
                              (--whole-archive)
zephyr/libzephyr.a(fdtable.c.obj)
                              (--whole-archive)
zephyr/libzephyr.a(hex.c.obj)
                              (--whole-archive)
zephyr/libzephyr.a(mempool.c.obj)
                              (--whole-archive)
zephyr/libzephyr.a(notify.c.obj)
                              (--whole-archive)
zephyr/libzephyr.a(printk.c.obj)
                              (--whole-archive)
zephyr/libzephyr.a(onoff.c.obj)
                              (--whole-archive)
zephyr/libzephyr.a(rb.c.obj)  (--whole-archive)
zephyr/libzephyr.a(sem.c.obj)
                              (--whole-archive)
zephyr/libzephyr.a(thread_entry.c.obj)
                              (--whole-archive)
zephyr/libzephyr.a(timeutil.c.obj)
                              (--whole-archive)
zephyr/libzephyr.a(work_q.c.obj)
                              (--whole-archive)
zephyr/libzephyr.a(heap.c.obj)
                              (--whole-archive)
zephyr/libzephyr.a(heap-validate.c.obj)
                              (--whole-archive)
zephyr/libzephyr.a(prf.c.obj)
                              (--whole-archive)
zephyr/libzephyr.a(assert.c.obj)
                              (--whole-archive)
zephyr/libzephyr.a(configs.c.obj)
                              (--whole-archive)
zephyr/libzephyr.a(soc_irq.S.obj)
                              (--whole-archive)
zephyr/libzephyr.a(vector.S.obj)
                              (--whole-archive)
zephyr/libzephyr.a(irq.c.obj)
                              (--whole-archive)
zephyr/libzephyr.a(soc.c.obj)
                              (--whole-archive)
zephyr/libzephyr.a(uart_console.c.obj)
                              (--whole-archive)
zephyr/libzephyr.a(intc_swerv_pic.c.obj)
                              (--whole-archive)
zephyr/libzephyr.a(sys_clock_init.c.obj)
                              (--whole-archive)
zephyr/libzephyr.a(riscv_machine_timer.c.obj)
                              (--whole-archive)
zephyr/arch/common/libarch__common.a(sw_isr_common.c.obj)
                              (--whole-archive)
zephyr/arch/arch/riscv/core/libarch__riscv__core.a(cpu_idle.c.obj)
                              (--whole-archive)
zephyr/arch/arch/riscv/core/libarch__riscv__core.a(fatal.c.obj)
                              (--whole-archive)
zephyr/arch/arch/riscv/core/libarch__riscv__core.a(irq_manage.c.obj)
                              (--whole-archive)
zephyr/arch/arch/riscv/core/libarch__riscv__core.a(isr.S.obj)
                              (--whole-archive)
zephyr/arch/arch/riscv/core/libarch__riscv__core.a(prep_c.c.obj)
                              (--whole-archive)
zephyr/arch/arch/riscv/core/libarch__riscv__core.a(reset.S.obj)
                              (--whole-archive)
zephyr/arch/arch/riscv/core/libarch__riscv__core.a(swap.S.obj)
                              (--whole-archive)
zephyr/arch/arch/riscv/core/libarch__riscv__core.a(thread.c.obj)
                              (--whole-archive)
zephyr/lib/libc/minimal/liblib__libc__minimal.a(atoi.c.obj)
                              (--whole-archive)
zephyr/lib/libc/minimal/liblib__libc__minimal.a(strtol.c.obj)
                              (--whole-archive)
zephyr/lib/libc/minimal/liblib__libc__minimal.a(strtoul.c.obj)
                              (--whole-archive)
zephyr/lib/libc/minimal/liblib__libc__minimal.a(malloc.c.obj)
                              (--whole-archive)
zephyr/lib/libc/minimal/liblib__libc__minimal.a(bsearch.c.obj)
                              (--whole-archive)
zephyr/lib/libc/minimal/liblib__libc__minimal.a(exit.c.obj)
                              (--whole-archive)
zephyr/lib/libc/minimal/liblib__libc__minimal.a(strncasecmp.c.obj)
                              (--whole-archive)
zephyr/lib/libc/minimal/liblib__libc__minimal.a(strstr.c.obj)
                              (--whole-archive)
zephyr/lib/libc/minimal/liblib__libc__minimal.a(string.c.obj)
                              (--whole-archive)
zephyr/lib/libc/minimal/liblib__libc__minimal.a(strspn.c.obj)
                              (--whole-archive)
zephyr/lib/libc/minimal/liblib__libc__minimal.a(stdout_console.c.obj)
                              (--whole-archive)
zephyr/lib/libc/minimal/liblib__libc__minimal.a(sprintf.c.obj)
                              (--whole-archive)
zephyr/lib/libc/minimal/liblib__libc__minimal.a(fprintf.c.obj)
                              (--whole-archive)
zephyr/lib/libc/minimal/liblib__libc__minimal.a(gmtime.c.obj)
[...]
Memory Configuration

Name             Origin             Length             Attributes
RAM              0x0000000000000000 0x0000000000800000 xrw
IDT_LIST         0x00000000fffff7ff 0x0000000000000800 xw
*default*        0x0000000000000000 0xffffffffffffffff

Linker script and memory map

LOAD zephyr/CMakeFiles/zephyr_final.dir/misc/empty_file.c.obj
LOAD zephyr/CMakeFiles/zephyr_final.dir/isr_tables.c.obj
LOAD zephyr/CMakeFiles/offsets.dir/./arch/riscv/core/offsets/offsets.c.obj

.rel.plt        0x0000000000000000        0x0
 *(SORT_BY_ALIGNMENT(.rel.plt))
                [!provide]                        PROVIDE (__rel_iplt_start = .)
 *(SORT_BY_ALIGNMENT(.rel.iplt))
                [!provide]                        PROVIDE (__rel_iplt_end = .)

.rela.plt       0x0000000000000000        0x0
 *(SORT_BY_ALIGNMENT(.rela.plt))
                [!provide]                        PROVIDE (__rela_iplt_start = .)
 *(SORT_BY_ALIGNMENT(.rela.iplt))
                [!provide]                        PROVIDE (__rela_iplt_end = .)

.rel.dyn
 *(SORT_BY_ALIGNMENT(.rel.*))

.rela.dyn       0x0000000000000000        0x0
 *(SORT_BY_ALIGNMENT(.rela.*))
 .rela.sdata._char_out
                0x0000000000000000        0x0 zephyr/CMakeFiles/zephyr_final.dir/isr_tables.c.obj
 .rela.text.sys_heap_init
                0x0000000000000000        0x0 zephyr/CMakeFiles/zephyr_final.dir/isr_tables.c.obj
 .rela.text.timer_isr
                0x0000000000000000        0x0 zephyr/CMakeFiles/zephyr_final.dir/isr_tables.c.obj
 .rela.exception.entry.__irq_wrapper
                0x0000000000000000        0x0 zephyr/CMakeFiles/zephyr_final.dir/isr_tables.c.obj
 .rela.text.uart_ns16550_configure
                0x0000000000000000        0x0 zephyr/CMakeFiles/zephyr_final.dir/isr_tables.c.obj
 .rela.text.uart_ns16550_poll_in
                0x0000000000000000        0x0 zephyr/CMakeFiles/zephyr_final.dir/isr_tables.c.obj
 .rela.text.uart_ns16550_poll_out
                0x0000000000000000        0x0 zephyr/CMakeFiles/zephyr_final.dir/isr_tables.c.obj
 .rela.text.uart_ns16550_err_check
                0x0000000000000000        0x0 zephyr/CMakeFiles/zephyr_final.dir/isr_tables.c.obj
 .rela.text.z_sys_init_run_level
                0x0000000000000000        0x0 zephyr/CMakeFiles/zephyr_final.dir/isr_tables.c.obj
 .rela.text.z_device_ready
                0x0000000000000000        0x0 zephyr/CMakeFiles/zephyr_final.dir/isr_tables.c.obj
 .rela.text.z_impl_device_get_binding
                0x0000000000000000        0x0 zephyr/CMakeFiles/zephyr_final.dir/isr_tables.c.obj
 .rela.rodata.levels.0
                0x0000000000000000        0x0 zephyr/CMakeFiles/zephyr_final.dir/isr_tables.c.obj
 .rela.text.k_sys_fatal_error_handler
                0x0000000000000000        0x0 zephyr/CMakeFiles/zephyr_final.dir/isr_tables.c.obj
 .rela.text.z_fatal_error
                0x0000000000000000        0x0 zephyr/CMakeFiles/zephyr_final.dir/isr_tables.c.obj
 .rela.text.z_bss_zero
                0x0000000000000000        0x0 zephyr/CMakeFiles/zephyr_final.dir/isr_tables.c.obj
 .rela.text.z_impl_k_mutex_lock
                0x0000000000000000        0x0 zephyr/CMakeFiles/zephyr_final.dir/isr_tables.c.obj
 .rela.text.z_impl_k_mutex_unlock
                0x0000000000000000        0x0 zephyr/CMakeFiles/zephyr_final.dir/isr_tables.c.obj
 .rela.text.pended_on
                0x0000000000000000        0x0 zephyr/CMakeFiles/zephyr_final.dir/isr_tables.c.obj
 .rela.text.k_sched_time_slice_set
                0x0000000000000000        0x0 zephyr/CMakeFiles/zephyr_final.dir/isr_tables.c.obj
 .rela.text.z_reschedule
                0x0000000000000000        0x0 zephyr/CMakeFiles/zephyr_final.dir/isr_tables.c.obj
 .rela.text.k_sched_lock
                0x0000000000000000        0x0 zephyr/CMakeFiles/zephyr_final.dir/isr_tables.c.obj
 .rela.text.z_priq_dumb_remove
                0x0000000000000000        0x0 zephyr/CMakeFiles/zephyr_final.dir/isr_tables.c.obj
 .rela.text.z_unpend_first_thread
                0x0000000000000000        0x0 zephyr/CMakeFiles/zephyr_final.dir/isr_tables.c.obj
 .rela.text.z_priq_rb_add
                0x0000000000000000        0x0 zephyr/CMakeFiles/zephyr_final.dir/isr_tables.c.obj
 .rela.text.z_priq_rb_remove
                0x0000000000000000        0x0 zephyr/CMakeFiles/zephyr_final.dir/isr_tables.c.obj
 .rela.text.k_sched_unlock
                0x0000000000000000        0x0 zephyr/CMakeFiles/zephyr_final.dir/isr_tables.c.obj
 .rela.text.z_ready_thread
                0x0000000000000000        0x0 zephyr/CMakeFiles/zephyr_final.dir/isr_tables.c.obj
 .rela.text.z_sched_start
                0x0000000000000000        0x0 zephyr/CMakeFiles/zephyr_final.dir/isr_tables.c.obj
 .rela.text.z_thread_timeout
                0x0000000000000000        0x0 zephyr/CMakeFiles/zephyr_final.dir/isr_tables.c.obj
 .rela.text.z_time_slice
                0x0000000000000000        0x0 zephyr/CMakeFiles/zephyr_final.dir/isr_tables.c.obj
 .rela.text.z_impl_k_thread_suspend
                0x0000000000000000        0x0 zephyr/CMakeFiles/zephyr_final.dir/isr_tables.c.obj
 .rela.text.z_thread_single_abort
                0x0000000000000000        0x0 zephyr/CMakeFiles/zephyr_final.dir/isr_tables.c.obj
 .rela.text.add_to_waitq_locked
                0x0000000000000000        0x0 zephyr/CMakeFiles/zephyr_final.dir/isr_tables.c.obj
 .rela.text.pend
                0x0000000000000000        0x0 zephyr/CMakeFiles/zephyr_final.dir/isr_tables.c.obj
 .rela.text.z_pend_curr
                0x0000000000000000        0x0 zephyr/CMakeFiles/zephyr_final.dir/isr_tables.c.obj
 .rela.text.z_set_prio
                0x0000000000000000        0x0 zephyr/CMakeFiles/zephyr_final.dir/isr_tables.c.obj
 .rela.text.z_impl_k_yield
                0x0000000000000000        0x0 zephyr/CMakeFiles/zephyr_final.dir/isr_tables.c.obj
 .rela.text.z_tick_sleep
                0x0000000000000000        0x0 zephyr/CMakeFiles/zephyr_final.dir/isr_tables.c.obj
 .rela.text.z_impl_k_sleep
                0x0000000000000000        0x0 zephyr/CMakeFiles/zephyr_final.dir/isr_tables.c.obj
 .rela.text.z_setup_new_thread
                0x0000000000000000        0x0 zephyr/CMakeFiles/zephyr_final.dir/isr_tables.c.obj
 .rela.text.z_impl_k_thread_create
                0x0000000000000000        0x0 zephyr/CMakeFiles/zephyr_final.dir/isr_tables.c.obj
 .rela.text.z_init_static_threads
                0x0000000000000000        0x0 zephyr/CMakeFiles/zephyr_final.dir/isr_tables.c.obj
 .rela.text.z_add_timeout
                0x0000000000000000        0x0 zephyr/CMakeFiles/zephyr_final.dir/isr_tables.c.obj
 .rela.text.z_abort_timeout
                0x0000000000000000        0x0 zephyr/CMakeFiles/zephyr_final.dir/isr_tables.c.obj
 .rela.text.z_get_next_timeout_expiry
                0x0000000000000000        0x0 zephyr/CMakeFiles/zephyr_final.dir/isr_tables.c.obj
 .rela.text.z_set_timeout_expiry
                0x0000000000000000        0x0 zephyr/CMakeFiles/zephyr_final.dir/isr_tables.c.obj
 .rela.text.z_clock_announce
                0x0000000000000000        0x0 zephyr/CMakeFiles/zephyr_final.dir/isr_tables.c.obj
 .rela.text.z_tick_get
                0x0000000000000000        0x0 zephyr/CMakeFiles/zephyr_final.dir/isr_tables.c.obj
 .rela.text.idle
                0x0000000000000000        0x0 zephyr/CMakeFiles/zephyr_final.dir/isr_tables.c.obj
 .rela.text.statics_init
                0x0000000000000000        0x0 zephyr/CMakeFiles/zephyr_final.dir/isr_tables.c.obj

.plt
 *(SORT_BY_ALIGNMENT(.plt))

.iplt
 *(SORT_BY_ALIGNMENT(.iplt))
                0x0000000000000000                _image_rom_start = .

vector          0x0000000000000000       0x24
                0x0000000000000000                . = ALIGN (0x4)
 *(SORT_BY_ALIGNMENT(.vectors.*))
 .vectors.__start
                0x0000000000000000       0x24 zephyr/libzephyr.a(vector.S.obj)
                0x0000000000000000                __start

reset
 *(SORT_BY_ALIGNMENT(.reset.*))

exceptions      0x0000000000000024      0x258
 *(SORT_BY_ALIGNMENT(.exception.entry.*))
 .exception.entry.__irq_wrapper
                0x0000000000000024      0x208 zephyr/arch/arch/riscv/core/libarch__riscv__core.a(isr.S.obj)
                0x0000000000000024                __irq_wrapper
 *(SORT_BY_ALIGNMENT(.exception.other.*))
 .exception.other.__soc_handle_irq
                0x000000000000022c       0x10 zephyr/libzephyr.a(soc_irq.S.obj)
                0x000000000000022c                __soc_handle_irq
 .exception.other.__soc_is_irq
                0x000000000000023c       0x1c zephyr/libzephyr.a(soc_irq.S.obj)
                0x000000000000023c                __soc_is_irq
 .exception.other.arch_swap
                0x0000000000000258       0x24 zephyr/arch/arch/riscv/core/libarch__riscv__core.a(swap.S.obj)
                0x0000000000000258                arch_swap

text            0x000000000000027c     0x66f0
                0x000000000000027c                . = ALIGN (0x4)
 *(SORT_BY_ALIGNMENT(.openocd_debug))
 *(SORT_BY_ALIGNMENT(.openocd_debug.*))
                0x000000000000027c                _image_text_start = .
 *(SORT_BY_ALIGNMENT(.text))
 .text          0x000000000000027c       0x94 /root/zephyr-sdk-0.12.4/riscv64-zephyr-elf/bin/../lib/gcc/riscv64-zephyr-elf/10.2.0/libgcc.a(_clzsi2.o)
                0x000000000000027c                __clzsi2
 .text          0x0000000000000310      0x4a0 /root/zephyr-sdk-0.12.4/riscv64-zephyr-elf/bin/../lib/gcc/riscv64-zephyr-elf/10.2.0/libgcc.a(_udivdi3.o)
                0x0000000000000310                __udivdi3
 .text          0x00000000000007b0      0x460 /root/zephyr-sdk-0.12.4/riscv64-zephyr-elf/bin/../lib/gcc/riscv64-zephyr-elf/10.2.0/libgcc.a(_umoddi3.o)
                0x00000000000007b0                __umoddi3
 *(SORT_BY_ALIGNMENT(.text.*))
 .text._OffsetAbsSyms
                0x0000000000000c10        0x4 zephyr/CMakeFiles/offsets.dir/./arch/riscv/core/offsets/offsets.c.obj
                0x0000000000000c10                _OffsetAbsSyms
 .text.print_phil_state
                0x0000000000000c14       0xdc app/libapp.a(main.c.obj)
 .text.k_msleep.isra.0
                0x0000000000000cf0       0x3c app/libapp.a(main.c.obj)
 .text.philosopher
                0x0000000000000d2c      0x16c app/libapp.a(main.c.obj)
                0x0000000000000d2c                philosopher
 .text.main     0x0000000000000e98      0x118 app/libapp.a(main.c.obj)
                0x0000000000000e98                main
 .text.arch_printk_char_out
                0x0000000000000fb0        0x8 zephyr/libzephyr.a(printk.c.obj)
                0x0000000000000fb0                arch_printk_char_out
 .text.print_digits
                0x0000000000000fb8      0x178 zephyr/libzephyr.a(printk.c.obj)
 .text.char_out
                0x0000000000001130       0x18 zephyr/libzephyr.a(printk.c.obj)
 .text.__printk_hook_install
                0x0000000000001148        0xc zephyr/libzephyr.a(printk.c.obj)
                0x0000000000001148                __printk_hook_install
 .text.z_vprintk
                0x0000000000001154      0x38c zephyr/libzephyr.a(printk.c.obj)
                0x0000000000001154                z_vprintk
 .text.vprintk  0x00000000000014e0       0x30 zephyr/libzephyr.a(printk.c.obj)
                0x00000000000014e0                vprintk
 .text.printk   0x0000000000001510       0x3c zephyr/libzephyr.a(printk.c.obj)
                0x0000000000001510                printk
 .text.set_child
                0x000000000000154c       0x20 zephyr/libzephyr.a(rb.c.obj)
 .text.find_and_stack
                0x000000000000156c       0x90 zephyr/libzephyr.a(rb.c.obj)
 .text.rotate   0x00000000000015fc      0x100 zephyr/libzephyr.a(rb.c.obj)
 .text.fix_missing_black
                0x00000000000016fc      0x28c zephyr/libzephyr.a(rb.c.obj)
 .text.stack_left_limb
                0x0000000000001988       0x74 zephyr/libzephyr.a(rb.c.obj)
 .text.z_rb_get_minmax
                0x00000000000019fc       0x2c zephyr/libzephyr.a(rb.c.obj)
                0x00000000000019fc                z_rb_get_minmax
 .text.rb_insert
                0x0000000000001a28      0x208 zephyr/libzephyr.a(rb.c.obj)
                0x0000000000001a28                rb_insert
 .text.rb_remove
                0x0000000000001c30      0x2a0 zephyr/libzephyr.a(rb.c.obj)
                0x0000000000001c30                rb_remove
 .text.z_rb_foreach_next
                0x0000000000001ed0       0x90 zephyr/libzephyr.a(rb.c.obj)
                0x0000000000001ed0                z_rb_foreach_next
 .text.z_thread_entry
                0x0000000000001f60       0x24 zephyr/libzephyr.a(thread_entry.c.obj)
                0x0000000000001f60                z_thread_entry
 .text.chunk_field
                0x0000000000001f84       0x34 zephyr/libzephyr.a(heap.c.obj)
 .text.chunk_set
                0x0000000000001fb8       0x34 zephyr/libzephyr.a(heap.c.obj)
 .text.chunk_size
                0x0000000000001fec       0x20 zephyr/libzephyr.a(heap.c.obj)
 .text.set_chunk_used
                0x000000000000200c       0x4c zephyr/libzephyr.a(heap.c.obj)
 .text.set_chunk_size
                0x0000000000002058        0xc zephyr/libzephyr.a(heap.c.obj)
 .text.bytes_to_chunksz.isra.0
                0x0000000000002064       0x24 zephyr/libzephyr.a(heap.c.obj)
 .text.bucket_idx.isra.0
                0x0000000000002088       0x3c zephyr/libzephyr.a(heap.c.obj)
 .text.free_list_add
                0x00000000000020c4      0x128 zephyr/libzephyr.a(heap.c.obj)
 .text.sys_heap_init
                0x00000000000021ec      0x21c zephyr/libzephyr.a(heap.c.obj)
                0x00000000000021ec                sys_heap_init
 .text.assert_post_action
                0x0000000000002408       0x34 zephyr/libzephyr.a(assert.c.obj)
                0x0000000000002408                assert_post_action
 .text._ConfigAbsSyms
                0x000000000000243c        0x4 zephyr/libzephyr.a(configs.c.obj)
                0x000000000000243c                _ConfigAbsSyms
 .text.soc_interrupt_init
                0x0000000000002440       0x14 zephyr/libzephyr.a(irq.c.obj)
                0x0000000000002440                soc_interrupt_init
 .text.fix_baud_rate
                0x0000000000002454       0x58 zephyr/libzephyr.a(soc.c.obj)
 .text.uart_console_init
                0x00000000000024ac       0x38 zephyr/libzephyr.a(uart_console.c.obj)
 .text.console_out
                0x00000000000024e4       0x64 zephyr/libzephyr.a(uart_console.c.obj)
 .text.swerv_pic_init
                0x0000000000002548       0x8c zephyr/libzephyr.a(intc_swerv_pic.c.obj)
 .text.swerv_pic_irq_handler
                0x00000000000025d4       0x88 zephyr/libzephyr.a(intc_swerv_pic.c.obj)
 .text.swerv_pic_irq_enable
                0x000000000000265c       0x38 zephyr/libzephyr.a(intc_swerv_pic.c.obj)
                0x000000000000265c                swerv_pic_irq_enable
 .text.arch_irq_enable
                0x0000000000002694       0x1c zephyr/libzephyr.a(intc_swerv_pic.c.obj)
                0x0000000000002694                arch_irq_enable
 .text.mtime    0x00000000000026b0       0x18 zephyr/libzephyr.a(riscv_machine_timer.c.obj)
 .text.timer_isr
                0x00000000000026c8      0x21c zephyr/libzephyr.a(riscv_machine_timer.c.obj)
 .text.z_clock_driver_init
                0x00000000000028e4       0x7c zephyr/libzephyr.a(riscv_machine_timer.c.obj)
                0x00000000000028e4                z_clock_driver_init
 .text.z_clock_set_timeout
                0x0000000000002960        0x4 zephyr/libzephyr.a(riscv_machine_timer.c.obj)
                0x0000000000002960                z_clock_set_timeout
 .text.z_clock_elapsed
                0x0000000000002964        0x8 zephyr/libzephyr.a(riscv_machine_timer.c.obj)
                0x0000000000002964                z_clock_elapsed
 .text.arch_cpu_idle
                0x000000000000296c        0xc zephyr/arch/arch/riscv/core/libarch__riscv__core.a(cpu_idle.c.obj)
                0x000000000000296c                arch_cpu_idle
 .text.z_riscv_fatal_error
                0x0000000000002978        0xc zephyr/arch/arch/riscv/core/libarch__riscv__core.a(fatal.c.obj)
                0x0000000000002978                z_riscv_fatal_error
 .text._Fault   0x0000000000002984       0x18 zephyr/arch/arch/riscv/core/libarch__riscv__core.a(fatal.c.obj)
                0x0000000000002984                _Fault
 .text.z_irq_spurious
                0x000000000000299c       0x18 zephyr/arch/arch/riscv/core/libarch__riscv__core.a(irq_manage.c.obj)
                0x000000000000299c                z_irq_spurious
 .text._PrepC   0x00000000000029b4       0x14 zephyr/arch/arch/riscv/core/libarch__riscv__core.a(prep_c.c.obj)
                0x00000000000029b4                _PrepC
 .text.__initialize
                0x00000000000029c8       0x28 zephyr/arch/arch/riscv/core/libarch__riscv__core.a(reset.S.obj)
                0x00000000000029c8                __initialize
 .text.z_thread_entry_wrapper
                0x00000000000029f0        0x4 zephyr/arch/arch/riscv/core/libarch__riscv__core.a(swap.S.obj)
                0x00000000000029f0                z_thread_entry_wrapper
 .text.arch_new_thread
                0x00000000000029f4       0x34 zephyr/arch/arch/riscv/core/libarch__riscv__core.a(thread.c.obj)
                0x00000000000029f4                arch_new_thread
 .text.strcmp   0x0000000000002a28       0x24 zephyr/lib/libc/minimal/liblib__libc__minimal.a(string.c.obj)
                0x0000000000002a28                strcmp
 .text.memset   0x0000000000002a4c       0x88 zephyr/lib/libc/minimal/liblib__libc__minimal.a(string.c.obj)
                0x0000000000002a4c                memset
 .text.gpio_mmio32_config
                0x0000000000002ad4       0x98 zephyr/drivers/gpio/libdrivers__gpio.a(gpio_mmio32.c.obj)
 .text.gpio_mmio32_port_get_raw
                0x0000000000002b6c       0x24 zephyr/drivers/gpio/libdrivers__gpio.a(gpio_mmio32.c.obj)
 .text.gpio_mmio32_port_set_masked_raw
                0x0000000000002b90       0x40 zephyr/drivers/gpio/libdrivers__gpio.a(gpio_mmio32.c.obj)
 .text.gpio_mmio32_port_set_bits_raw
                0x0000000000002bd0       0x38 zephyr/drivers/gpio/libdrivers__gpio.a(gpio_mmio32.c.obj)
 .text.gpio_mmio32_port_clear_bits_raw
                0x0000000000002c08       0x3c zephyr/drivers/gpio/libdrivers__gpio.a(gpio_mmio32.c.obj)
 .text.gpio_mmio32_port_toggle_bits
                0x0000000000002c44       0x38 zephyr/drivers/gpio/libdrivers__gpio.a(gpio_mmio32.c.obj)
 .text.gpio_mmio32_pin_interrupt_configure
                0x0000000000002c7c       0x14 zephyr/drivers/gpio/libdrivers__gpio.a(gpio_mmio32.c.obj)
 .text.gpio_mmio32_init
                0x0000000000002c90       0x14 zephyr/drivers/gpio/libdrivers__gpio.a(gpio_mmio32.c.obj)
                0x0000000000002c90                gpio_mmio32_init
 .text.gpio_swervolf_init
                0x0000000000002ca4        0x8 zephyr/drivers/gpio/libdrivers__gpio.a(gpio_swervolf.c.obj)
 .text.gpio_swervolf_configure
                0x0000000000002cac        0x8 zephyr/drivers/gpio/libdrivers__gpio.a(gpio_swervolf.c.obj)
 .text.gpio_swervolf_port_get_raw
                0x0000000000002cb4       0x18 zephyr/drivers/gpio/libdrivers__gpio.a(gpio_swervolf.c.obj)
 .text.gpio_swervolf_port_set_masked_raw
                0x0000000000002ccc       0x24 zephyr/drivers/gpio/libdrivers__gpio.a(gpio_swervolf.c.obj)
 .text.gpio_swervolf_port_set_bits_raw
                0x0000000000002cf0       0x1c zephyr/drivers/gpio/libdrivers__gpio.a(gpio_swervolf.c.obj)
 .text.gpio_swervolf_port_clear_bits_raw
                0x0000000000002d0c       0x20 zephyr/drivers/gpio/libdrivers__gpio.a(gpio_swervolf.c.obj)
 .text.gpio_swervolf_port_toggle_bits
                0x0000000000002d2c       0x1c zephyr/drivers/gpio/libdrivers__gpio.a(gpio_swervolf.c.obj)
 .text.gpio_swervolf_pin_interrupt_configure
                0x0000000000002d48       0x14 zephyr/drivers/gpio/libdrivers__gpio.a(gpio_swervolf.c.obj)
 .text.uart_ns16550_config_get
                0x0000000000002d5c       0x34 zephyr/drivers/serial/libdrivers__serial.a(uart_ns16550.c.obj)
 .text.uart_ns16550_configure
                0x0000000000002d90      0x210 zephyr/drivers/serial/libdrivers__serial.a(uart_ns16550.c.obj)
 .text.uart_ns16550_init
                0x0000000000002fa0        0x8 zephyr/drivers/serial/libdrivers__serial.a(uart_ns16550.c.obj)
 .text.uart_ns16550_poll_in
                0x0000000000002fa8      0x124 zephyr/drivers/serial/libdrivers__serial.a(uart_ns16550.c.obj)
 .text.uart_ns16550_poll_out
                0x00000000000030cc      0x118 zephyr/drivers/serial/libdrivers__serial.a(uart_ns16550.c.obj)
 .text.uart_ns16550_err_check
                0x00000000000031e4      0x104 zephyr/drivers/serial/libdrivers__serial.a(uart_ns16550.c.obj)
 .text.z_sys_init_run_level
                0x00000000000032e8       0xc4 zephyr/kernel/libkernel.a(device.c.obj)
                0x00000000000032e8                z_sys_init_run_level
 .text.z_device_ready
                0x00000000000033ac       0x3c zephyr/kernel/libkernel.a(device.c.obj)
                0x00000000000033ac                z_device_ready
 .text.z_impl_device_get_binding
                0x00000000000033e8       0xa4 zephyr/kernel/libkernel.a(device.c.obj)
                0x00000000000033e8                z_impl_device_get_binding
 .text.arch_system_halt
                0x000000000000348c        0xc zephyr/kernel/libkernel.a(fatal.c.obj)
                0x000000000000348c                arch_system_halt
 .text.k_sys_fatal_error_handler
                0x0000000000003498        0xc zephyr/kernel/libkernel.a(fatal.c.obj)
                0x0000000000003498                k_sys_fatal_error_handler
 .text.z_fatal_error
                0x00000000000034a4       0x9c zephyr/kernel/libkernel.a(fatal.c.obj)
                0x00000000000034a4                z_fatal_error
 .text.z_bss_zero
                0x0000000000003540       0x20 zephyr/kernel/libkernel.a(init.c.obj)
                0x0000000000003540                z_bss_zero
 .text.bg_thread_main
                0x0000000000003560       0x68 zephyr/kernel/libkernel.a(init.c.obj)
 .text.z_cstart
                0x00000000000035c8      0x120 zephyr/kernel/libkernel.a(init.c.obj)
                0x00000000000035c8                z_cstart
 .text.adjust_owner_prio.isra.0
                0x00000000000036e8       0x14 zephyr/kernel/libkernel.a(mutex.c.obj)
 .text.z_impl_k_mutex_init
                0x00000000000036fc       0x18 zephyr/kernel/libkernel.a(mutex.c.obj)
                0x00000000000036fc                z_impl_k_mutex_init
 .text.z_impl_k_mutex_lock
                0x0000000000003714      0x31c zephyr/kernel/libkernel.a(mutex.c.obj)
                0x0000000000003714                z_impl_k_mutex_lock
 .text.z_impl_k_mutex_unlock
                0x0000000000003a30      0x270 zephyr/kernel/libkernel.a(mutex.c.obj)
                0x0000000000003a30                z_impl_k_mutex_unlock
 .text.z_priq_rb_lessthan
                0x0000000000003ca0       0x30 zephyr/kernel/libkernel.a(sched.c.obj)
                0x0000000000003ca0                z_priq_rb_lessthan
 .text.pended_on
                0x0000000000003cd0       0x60 zephyr/kernel/libkernel.a(sched.c.obj)
 .text.z_reset_time_slice
                0x0000000000003d30       0x58 zephyr/kernel/libkernel.a(sched.c.obj)
                0x0000000000003d30                z_reset_time_slice
 .text.k_sched_time_slice_set
                0x0000000000003d88      0x130 zephyr/kernel/libkernel.a(sched.c.obj)
                0x0000000000003d88                k_sched_time_slice_set
 .text.z_reschedule
                0x0000000000003eb8      0x104 zephyr/kernel/libkernel.a(sched.c.obj)
                0x0000000000003eb8                z_reschedule
 .text.z_reschedule_irqlock
                0x0000000000003fbc       0x20 zephyr/kernel/libkernel.a(sched.c.obj)
                0x0000000000003fbc                z_reschedule_irqlock
 .text.z_reschedule_unlocked
                0x0000000000003fdc       0x10 zephyr/kernel/libkernel.a(sched.c.obj)
 .text.k_sched_lock
                0x0000000000003fec      0x180 zephyr/kernel/libkernel.a(sched.c.obj)
                0x0000000000003fec                k_sched_lock
 .text.z_priq_dumb_remove
                0x000000000000416c       0x78 zephyr/kernel/libkernel.a(sched.c.obj)
                0x000000000000416c                z_priq_dumb_remove
 .text.unpend_thread_no_timeout
                0x00000000000041e4       0x3c zephyr/kernel/libkernel.a(sched.c.obj)
 .text.z_priq_dumb_best
                0x0000000000004220       0x14 zephyr/kernel/libkernel.a(sched.c.obj)
                0x0000000000004220                z_priq_dumb_best
 .text.z_unpend_first_thread
                0x0000000000004234      0x1b0 zephyr/kernel/libkernel.a(sched.c.obj)
                0x0000000000004234                z_unpend_first_thread
 .text.z_priq_rb_add
                0x00000000000043e4      0x100 zephyr/kernel/libkernel.a(sched.c.obj)
                0x00000000000043e4                z_priq_rb_add
 .text.z_priq_rb_remove
                0x00000000000044e4       0x84 zephyr/kernel/libkernel.a(sched.c.obj)
                0x00000000000044e4                z_priq_rb_remove
 .text.z_priq_rb_best
                0x0000000000004568        0x8 zephyr/kernel/libkernel.a(sched.c.obj)
                0x0000000000004568                z_priq_rb_best
 .text.update_cache
                0x0000000000004570       0xa0 zephyr/kernel/libkernel.a(sched.c.obj)
 .text.k_sched_unlock
                0x0000000000004610      0x188 zephyr/kernel/libkernel.a(sched.c.obj)
                0x0000000000004610                k_sched_unlock
 .text.ready_thread
                0x0000000000004798       0x68 zephyr/kernel/libkernel.a(sched.c.obj)
 .text.z_ready_thread
                0x0000000000004800       0xec zephyr/kernel/libkernel.a(sched.c.obj)
                0x0000000000004800                z_ready_thread
 .text.z_sched_start
                0x00000000000048ec      0x124 zephyr/kernel/libkernel.a(sched.c.obj)
                0x00000000000048ec                z_sched_start
 .text.z_thread_timeout
                0x0000000000004a10      0x10c zephyr/kernel/libkernel.a(sched.c.obj)
                0x0000000000004a10                z_thread_timeout
 .text.move_thread_to_end_of_prio_q
                0x0000000000004b1c       0x70 zephyr/kernel/libkernel.a(sched.c.obj)
 .text.z_time_slice
                0x0000000000004b8c      0x154 zephyr/kernel/libkernel.a(sched.c.obj)
                0x0000000000004b8c                z_time_slice
 .text.z_impl_k_thread_suspend
                0x0000000000004ce0      0x160 zephyr/kernel/libkernel.a(sched.c.obj)
                0x0000000000004ce0                z_impl_k_thread_suspend
 .text.z_thread_single_abort
                0x0000000000004e40      0x214 zephyr/kernel/libkernel.a(sched.c.obj)
                0x0000000000004e40                z_thread_single_abort
 .text.unready_thread
                0x0000000000005054       0x5c zephyr/kernel/libkernel.a(sched.c.obj)
 .text.add_to_waitq_locked
                0x00000000000050b0       0xdc zephyr/kernel/libkernel.a(sched.c.obj)
 .text.pend     0x000000000000518c      0x15c zephyr/kernel/libkernel.a(sched.c.obj)
 .text.z_pend_curr
                0x00000000000052e8       0x98 zephyr/kernel/libkernel.a(sched.c.obj)
                0x00000000000052e8                z_pend_curr
 .text.z_set_prio
                0x0000000000005380      0x14c zephyr/kernel/libkernel.a(sched.c.obj)
                0x0000000000005380                z_set_prio
 .text.z_sched_init
                0x00000000000054cc       0x2c zephyr/kernel/libkernel.a(sched.c.obj)
                0x00000000000054cc                z_sched_init
 .text.z_impl_k_thread_priority_get
                0x00000000000054f8        0x8 zephyr/kernel/libkernel.a(sched.c.obj)
                0x00000000000054f8                z_impl_k_thread_priority_get
 .text.z_impl_k_yield
                0x0000000000005500      0x178 zephyr/kernel/libkernel.a(sched.c.obj)
                0x0000000000005500                z_impl_k_yield
 .text.z_tick_sleep
                0x0000000000005678      0x1f0 zephyr/kernel/libkernel.a(sched.c.obj)
 .text.z_impl_k_sleep
                0x0000000000005868       0xbc zephyr/kernel/libkernel.a(sched.c.obj)
                0x0000000000005868                z_impl_k_sleep
 .text.z_impl_k_current_get
                0x0000000000005924        0xc zephyr/kernel/libkernel.a(sched.c.obj)
                0x0000000000005924                z_impl_k_current_get
 .text.z_impl_k_thread_start
                0x0000000000005930        0x4 zephyr/kernel/libkernel.a(thread.c.obj)
                0x0000000000005930                z_impl_k_thread_start
 .text.z_setup_new_thread
                0x0000000000005934      0x140 zephyr/kernel/libkernel.a(thread.c.obj)
                0x0000000000005934                z_setup_new_thread
 .text.z_impl_k_thread_create
                0x0000000000005a74      0x124 zephyr/kernel/libkernel.a(thread.c.obj)
                0x0000000000005a74                z_impl_k_thread_create
 .text.z_init_static_threads
                0x0000000000005b98      0x1ac zephyr/kernel/libkernel.a(thread.c.obj)
                0x0000000000005b98                z_init_static_threads
 .text.z_spin_lock_valid
                0x0000000000005d44       0x28 zephyr/kernel/libkernel.a(thread.c.obj)
                0x0000000000005d44                z_spin_lock_valid
 .text.z_spin_unlock_valid
                0x0000000000005d6c       0x30 zephyr/kernel/libkernel.a(thread.c.obj)
                0x0000000000005d6c                z_spin_unlock_valid
 .text.z_spin_lock_set_owner
                0x0000000000005d9c       0x1c zephyr/kernel/libkernel.a(thread.c.obj)
                0x0000000000005d9c                z_spin_lock_set_owner
 .text.z_impl_k_thread_abort
                0x0000000000005db8       0x70 zephyr/kernel/libkernel.a(thread_abort.c.obj)
                0x0000000000005db8                z_impl_k_thread_abort
 .text.elapsed  0x0000000000005e28       0x18 zephyr/kernel/libkernel.a(timeout.c.obj)
 .text.next_timeout
                0x0000000000005e40       0x88 zephyr/kernel/libkernel.a(timeout.c.obj)
 .text.remove_timeout
                0x0000000000005ec8       0x58 zephyr/kernel/libkernel.a(timeout.c.obj)
 .text.z_add_timeout
                0x0000000000005f20      0x2ac zephyr/kernel/libkernel.a(timeout.c.obj)
                0x0000000000005f20                z_add_timeout
 .text.z_abort_timeout
                0x00000000000061cc      0x100 zephyr/kernel/libkernel.a(timeout.c.obj)
                0x00000000000061cc                z_abort_timeout
 .text.z_get_next_timeout_expiry
                0x00000000000062cc       0xec zephyr/kernel/libkernel.a(timeout.c.obj)
                0x00000000000062cc                z_get_next_timeout_expiry
 .text.z_set_timeout_expiry
                0x00000000000063b8      0x10c zephyr/kernel/libkernel.a(timeout.c.obj)
                0x00000000000063b8                z_set_timeout_expiry
 .text.z_clock_announce
                0x00000000000064c4      0x298 zephyr/kernel/libkernel.a(timeout.c.obj)
                0x00000000000064c4                z_clock_announce
 .text.z_tick_get
                0x000000000000675c      0x110 zephyr/kernel/libkernel.a(timeout.c.obj)
                0x000000000000675c                z_tick_get
 .text.z_tick_get_32
                0x000000000000686c        0xc zephyr/kernel/libkernel.a(timeout.c.obj)
                0x000000000000686c                z_tick_get_32
 .text.z_impl_k_uptime_ticks
                0x0000000000006878        0x4 zephyr/kernel/libkernel.a(timeout.c.obj)
                0x0000000000006878                z_impl_k_uptime_ticks
 .text.idle     0x000000000000687c       0x30 zephyr/kernel/libkernel.a(idle.c.obj)
                0x000000000000687c                idle
 .text.k_heap_init
                0x00000000000068ac       0x10 zephyr/kernel/libkernel.a(kheap.c.obj)
                0x00000000000068ac                k_heap_init
 .text.statics_init
                0x00000000000068bc       0xb0 zephyr/kernel/libkernel.a(kheap.c.obj)
 *(SORT_BY_ALIGNMENT(.gnu.linkonce.t.*))
 *(SORT_BY_ALIGNMENT(.eh_frame))
                0x000000000000696c                _image_text_end = .

initlevel       0x000000000000696c       0x40
                0x000000000000696c                __init_start = .
                0x000000000000696c                __init_PRE_KERNEL_1_start = .
 *(SORT_BY_NAME(SORT_BY_ALIGNMENT(.init_PRE_KERNEL_1[0-9]*)))
 .init_PRE_KERNEL_130
                0x000000000000696c        0x8 zephyr/kernel/libkernel.a(kheap.c.obj)
 .init_PRE_KERNEL_140
                0x0000000000006974        0x8 zephyr/libzephyr.a(intc_swerv_pic.c.obj)
 .init_PRE_KERNEL_150
                0x000000000000697c        0x8 zephyr/libzephyr.a(soc.c.obj)
 .init_PRE_KERNEL_150
                0x0000000000006984        0x8 zephyr/drivers/serial/libdrivers__serial.a(uart_ns16550.c.obj)
 .init_PRE_KERNEL_160
                0x000000000000698c        0x8 zephyr/libzephyr.a(uart_console.c.obj)
 *(SORT_BY_NAME(SORT_BY_ALIGNMENT(.init_PRE_KERNEL_1[1-9][0-9]*)))
                0x0000000000006994                __init_PRE_KERNEL_2_start = .
 *(SORT_BY_NAME(SORT_BY_ALIGNMENT(.init_PRE_KERNEL_2[0-9]*)))
 .init_PRE_KERNEL_20
                0x0000000000006994        0x8 zephyr/libzephyr.a(sys_clock_init.c.obj)
 *(SORT_BY_NAME(SORT_BY_ALIGNMENT(.init_PRE_KERNEL_2[1-9][0-9]*)))
                0x000000000000699c                __init_POST_KERNEL_start = .
 *(SORT_BY_NAME(SORT_BY_ALIGNMENT(.init_POST_KERNEL[0-9]*)))
 .init_POST_KERNEL0
                0x000000000000699c        0x8 zephyr/libzephyr.a(soc.c.obj)
 .init_POST_KERNEL50
                0x00000000000069a4        0x8 zephyr/drivers/gpio/libdrivers__gpio.a(gpio_swervolf.c.obj)
 *(SORT_BY_NAME(SORT_BY_ALIGNMENT(.init_POST_KERNEL[1-9][0-9]*)))
                0x00000000000069ac                __init_APPLICATION_start = .
 *(SORT_BY_NAME(SORT_BY_ALIGNMENT(.init_APPLICATION[0-9]*)))
 *(SORT_BY_NAME(SORT_BY_ALIGNMENT(.init_APPLICATION[1-9][0-9]*)))
                0x00000000000069ac                __init_SMP_start = .
 *(SORT_BY_NAME(SORT_BY_ALIGNMENT(.init_SMP[0-9]*)))
 *(SORT_BY_NAME(SORT_BY_ALIGNMENT(.init_SMP[1-9][0-9]*)))
                0x00000000000069ac                __init_end = .

sw_isr_table    0x00000000000069ac      0x200
                0x00000000000069ac                . = ALIGN (0x0)
 *(SORT_BY_ALIGNMENT(.gnu.linkonce.sw_isr_table*))
 .gnu.linkonce.sw_isr_table*
                0x00000000000069ac      0x200 zephyr/CMakeFiles/zephyr_final.dir/isr_tables.c.obj
                0x00000000000069ac                _sw_isr_table

initlevel_error
                0x000000000000696c        0x0
 *(SORT_BY_NAME(SORT_BY_ALIGNMENT(.init_[_A-Z0-9]*)))
                0x0000000000000001                ASSERT ((SIZEOF (initlevel_error) == 0x0), Undefined initialization levels used.)

app_shmem_regions
                0x0000000000006bac        0x0
                0x0000000000006bac                __app_shmem_regions_start = .
 *(SORT_BY_NAME(SORT_BY_ALIGNMENT(.app_regions.*)))
                0x0000000000006bac                __app_shmem_regions_end = .

bt_l2cap_fixed_chan_area
                0x0000000000006bac        0x0
                0x0000000000006bac                _bt_l2cap_fixed_chan_list_start = .
 *(SORT_BY_NAME(SORT_BY_ALIGNMENT(._bt_l2cap_fixed_chan.static.*)))
                0x0000000000006bac                _bt_l2cap_fixed_chan_list_end = .

bt_gatt_service_static_area
                0x0000000000006bac        0x0
                0x0000000000006bac                _bt_gatt_service_static_list_start = .
 *(SORT_BY_NAME(SORT_BY_ALIGNMENT(._bt_gatt_service_static.static.*)))
                0x0000000000006bac                _bt_gatt_service_static_list_end = .

log_const_sections
                0x0000000000006bac        0x0
                0x0000000000006bac                __log_const_start = .
 *(SORT_BY_NAME(SORT_BY_ALIGNMENT(.log_const_*)))
                0x0000000000006bac                __log_const_end = .

log_backends_sections
                0x0000000000006bac        0x0
                0x0000000000006bac                __log_backends_start = .
 *(SORT_BY_ALIGNMENT(._log_backend.*))
                0x0000000000006bac                __log_backends_end = .

shell_area      0x0000000000006bac        0x0
                0x0000000000006bac                _shell_list_start = .
 *(SORT_BY_NAME(SORT_BY_ALIGNMENT(._shell.static.*)))
                0x0000000000006bac                _shell_list_end = .

shell_root_cmds_sections
                0x0000000000006bac        0x0
                0x0000000000006bac                __shell_root_cmds_start = .
 *(SORT_BY_NAME(SORT_BY_ALIGNMENT(.shell_root_cmd_*)))
                0x0000000000006bac                __shell_root_cmds_end = .

font_entry_sections
                0x0000000000006bac        0x0
                0x0000000000006bac                __font_entry_start = .
 *(SORT_BY_NAME(SORT_BY_ALIGNMENT(._cfb_font.*)))
                0x0000000000006bac                __font_entry_end = .

tracing_backend_area
                0x0000000000006bac        0x0
                0x0000000000006bac                _tracing_backend_list_start = .
 *(SORT_BY_NAME(SORT_BY_ALIGNMENT(._tracing_backend.static.*)))
                0x0000000000006bac                _tracing_backend_list_end = .

rodata          0x0000000000006bac      0xafe
                0x0000000000006bac                . = ALIGN (0x4)
 *(SORT_BY_ALIGNMENT(.srodata))
 *(SORT_BY_ALIGNMENT(.srodata.*))
 .srodata.uart_ns16550_dev_cfg_0
                0x0000000000006bac        0x8 zephyr/drivers/serial/libdrivers__serial.a(uart_ns16550.c.obj)
 .srodata._k_neg_eagain
                0x0000000000006bb4        0x4 zephyr/kernel/libkernel.a(errno.c.obj)
                0x0000000000006bb4                _k_neg_eagain
 *(SORT_BY_ALIGNMENT(.rodata))
 .rodata        0x0000000000006bb8      0x100 /root/zephyr-sdk-0.12.4/riscv64-zephyr-elf/bin/../lib/gcc/riscv64-zephyr-elf/10.2.0/libgcc.a(_clz.o)
                0x0000000000006bb8                __clz_tab
 *(SORT_BY_ALIGNMENT(.rodata.*))
 .rodata.print_phil_state.str1.4
                0x0000000000006cb8       0x32 app/libapp.a(main.c.obj)
                                         0x3a (size before relaxing)
 *fill*         0x0000000000006cea        0x2 
 .rodata.philosopher.str1.4
                0x0000000000006cec       0x77 app/libapp.a(main.c.obj)
 *fill*         0x0000000000006d63        0x1 
 .rodata.main.str1.4
                0x0000000000006d64      0x158 app/libapp.a(main.c.obj)
 .rodata.forks  0x0000000000006ebc       0x18 app/libapp.a(main.c.obj)
 .rodata.print_digits.str1.4
                0x0000000000006ed4       0x11 zephyr/libzephyr.a(printk.c.obj)
 *fill*         0x0000000000006ee5        0x3 
 .rodata.z_vprintk
                0x0000000000006ee8       0x60 zephyr/libzephyr.a(printk.c.obj)
 .rodata.sys_heap_free.str1.4
                0x0000000000006f48       0xf4 zephyr/libzephyr.a(heap.c.obj)
 .rodata.sys_heap_init.str1.4
                0x000000000000703c       0x91 zephyr/libzephyr.a(heap.c.obj)
 *fill*         0x00000000000070cd        0x3 
 .rodata.assert_post_action.str1.4
                0x00000000000070d0       0x23 zephyr/libzephyr.a(assert.c.obj)
                                         0x2d (size before relaxing)
 *fill*         0x00000000000070f3        0x1 
 .rodata.str1.4
                0x00000000000070f4        0x5 zephyr/libzephyr.a(soc.c.obj)
 *fill*         0x00000000000070f9        0x3 
 .rodata.led0_dev_cfg
                0x00000000000070fc        0xc zephyr/libzephyr.a(soc.c.obj)
 .rodata.uart_console_init.str1.4
                0x0000000000007108        0x6 zephyr/libzephyr.a(uart_console.c.obj)
 *fill*         0x000000000000710e        0x2 
 .rodata.str1.4
                0x0000000000007110        0xa zephyr/libzephyr.a(sys_clock_init.c.obj)
 *fill*         0x000000000000711a        0x2 
 .rodata.timer_isr.str1.4
                0x000000000000711c       0x85 zephyr/libzephyr.a(riscv_machine_timer.c.obj)
                                         0xa5 (size before relaxing)
 *fill*         0x00000000000071a1        0x3 
 .rodata.gpio_mmio32_api
                0x00000000000071a4       0x24 zephyr/drivers/gpio/libdrivers__gpio.a(gpio_mmio32.c.obj)
                0x00000000000071a4                gpio_mmio32_api
 .rodata.str1.4
                0x00000000000071c8        0xa zephyr/drivers/gpio/libdrivers__gpio.a(gpio_swervolf.c.obj)
 *fill*         0x00000000000071d2        0x2 
 .rodata.gpio_swervolf_cfg_0
                0x00000000000071d4        0xc zephyr/drivers/gpio/libdrivers__gpio.a(gpio_swervolf.c.obj)
 .rodata.gpio_swervolf_driver_api
                0x00000000000071e0       0x24 zephyr/drivers/gpio/libdrivers__gpio.a(gpio_swervolf.c.obj)
 .rodata.uart_ns16550_configure.str1.4
                0x0000000000007204       0xa5 zephyr/drivers/serial/libdrivers__serial.a(uart_ns16550.c.obj)
 .rodata.str1.4
                0x0000000000007204        0x6 zephyr/drivers/serial/libdrivers__serial.a(uart_ns16550.c.obj)
 .rodata.uart_ns16550_driver_api
                0x0000000000007204       0x14 zephyr/drivers/serial/libdrivers__serial.a(uart_ns16550.c.obj)
 .rodata.levels.0
                0x0000000000007218       0x14 zephyr/kernel/libkernel.a(device.c.obj)
 .rodata.z_fatal_error.str1.4
                0x000000000000722c       0x79 zephyr/kernel/libkernel.a(fatal.c.obj)
                                         0x99 (size before relaxing)
 *fill*         0x00000000000072a5        0x3 
 .rodata.bg_thread_main.str1.4
                0x00000000000072a8       0x37 zephyr/kernel/libkernel.a(init.c.obj)
                                         0x3b (size before relaxing)
 *fill*         0x00000000000072df        0x1 
 .rodata.z_cstart.str1.4
                0x00000000000072e0        0x5 zephyr/kernel/libkernel.a(init.c.obj)
 *fill*         0x00000000000072e5        0x3 
 .rodata.z_impl_k_mutex_lock.str1.4
                0x00000000000072e8       0x5d zephyr/kernel/libkernel.a(mutex.c.obj)
                                        0x105 (size before relaxing)
 *fill*         0x0000000000007345        0x3 
 .rodata.z_impl_k_mutex_unlock.str1.4
                0x0000000000007348       0x78 zephyr/kernel/libkernel.a(mutex.c.obj)
 .rodata.pended_on.str1.4
                0x00000000000073c0       0x3b zephyr/kernel/libkernel.a(sched.c.obj)
                                         0x59 (size before relaxing)
 .rodata.k_sched_time_slice_set.str1.4
                0x00000000000073fb       0x85 zephyr/kernel/libkernel.a(sched.c.obj)
 .rodata.k_sched_lock.str1.4
                0x00000000000073fb       0x74 zephyr/kernel/libkernel.a(sched.c.obj)
 *fill*         0x00000000000073fb        0x1 
 .rodata.z_priq_dumb_add.str1.4
                0x00000000000073fc       0x21 zephyr/kernel/libkernel.a(sched.c.obj)
 *fill*         0x000000000000741d        0x3 
 .rodata.k_sched_unlock.str1.4
                0x0000000000007420       0x30 zephyr/kernel/libkernel.a(sched.c.obj)
 .rodata.z_thread_single_abort.str1.4
                0x0000000000007450       0x4b zephyr/kernel/libkernel.a(sched.c.obj)
 *fill*         0x000000000000749b        0x1 
 .rodata.z_tick_sleep.str1.4
                0x000000000000749c       0x40 zephyr/kernel/libkernel.a(sched.c.obj)
 .rodata.z_setup_new_thread.str1.4
                0x00000000000074dc       0xd5 zephyr/kernel/libkernel.a(thread.c.obj)
                                         0xf5 (size before relaxing)
 *fill*         0x00000000000075b1        0x3 
 .rodata.z_impl_k_thread_create.str1.4
                0x00000000000075b4       0x25 zephyr/kernel/libkernel.a(thread.c.obj)
                                         0x39 (size before relaxing)
 *fill*         0x00000000000075d9        0x3 
 .rodata.z_init_static_threads.str1.4
                0x00000000000075dc       0x4f zephyr/kernel/libkernel.a(thread.c.obj)
 *fill*         0x000000000000762b        0x1 
 .rodata.z_add_timeout.str1.4
                0x000000000000762c       0x44 zephyr/kernel/libkernel.a(timeout.c.obj)
                                         0xed (size before relaxing)
 .rodata.statics_init.str1.4
                0x0000000000007670       0x3a zephyr/kernel/libkernel.a(kheap.c.obj)
                                         0x7b (size before relaxing)
 *(SORT_BY_ALIGNMENT(.gnu.linkonce.r.*))
                0x00000000000076aa                _image_rom_end = .
                0x00000000000076aa                __data_rom_start = .

datas           0x00000000000076ac       0x1c
                0x00000000000076ac                . = ALIGN (0x4)
                0x00000000000076ac                _image_ram_start = .
                0x00000000000076ac                __data_ram_start = .
 *(SORT_BY_ALIGNMENT(.data))
 *(SORT_BY_ALIGNMENT(.data.*))
 .data.uart_ns16550_dev_data_0
                0x00000000000076ac        0xc zephyr/drivers/serial/libdrivers__serial.a(uart_ns16550.c.obj)
 *(SORT_BY_ALIGNMENT(.sdata) SORT_BY_ALIGNMENT(.sdata.*) SORT_BY_ALIGNMENT(.gnu.linkonce.s.*))
 .sdata._char_out
                0x00000000000076b8        0x4 zephyr/libzephyr.a(printk.c.obj)
                0x00000000000076b8                _char_out
 .sdata.timeout_list
                0x00000000000076bc        0x8 zephyr/kernel/libkernel.a(timeout.c.obj)
 .sdata.z_clock_hw_cycles_per_sec
                0x00000000000076c4        0x4 zephyr/kernel/libkernel.a(timeout.c.obj)
                0x00000000000076c4                z_clock_hw_cycles_per_sec
 *(SORT_BY_ALIGNMENT(.sdata2) SORT_BY_ALIGNMENT(.sdata2.*) SORT_BY_ALIGNMENT(.gnu.linkonce.s2.*))

devices         0x00000000000076c8       0x44
                0x00000000000076c8                __device_start = .
                0x00000000000076c8                __device_PRE_KERNEL_1_start = .
 *(SORT_BY_NAME(SORT_BY_ALIGNMENT(.device_PRE_KERNEL_1[0-9]*)))
 .device_PRE_KERNEL_150
                0x00000000000076c8       0x10 zephyr/libzephyr.a(soc.c.obj)
 .device_PRE_KERNEL_150
                0x00000000000076d8       0x10 zephyr/drivers/serial/libdrivers__serial.a(uart_ns16550.c.obj)
 *(SORT_BY_NAME(SORT_BY_ALIGNMENT(.device_PRE_KERNEL_1[1-9][0-9]*)))
                0x00000000000076e8                __device_PRE_KERNEL_2_start = .
 *(SORT_BY_NAME(SORT_BY_ALIGNMENT(.device_PRE_KERNEL_2[0-9]*)))
 .device_PRE_KERNEL_20
                0x00000000000076e8       0x10 zephyr/libzephyr.a(sys_clock_init.c.obj)
 *(SORT_BY_NAME(SORT_BY_ALIGNMENT(.device_PRE_KERNEL_2[1-9][0-9]*)))
                0x00000000000076f8                __device_POST_KERNEL_start = .
 *(SORT_BY_NAME(SORT_BY_ALIGNMENT(.device_POST_KERNEL[0-9]*)))
 .device_POST_KERNEL50
                0x00000000000076f8       0x10 zephyr/drivers/gpio/libdrivers__gpio.a(gpio_swervolf.c.obj)
 *(SORT_BY_NAME(SORT_BY_ALIGNMENT(.device_POST_KERNEL[1-9][0-9]*)))
                0x0000000000007708                __device_APPLICATION_start = .
 *(SORT_BY_NAME(SORT_BY_ALIGNMENT(.device_APPLICATION[0-9]*)))
 *(SORT_BY_NAME(SORT_BY_ALIGNMENT(.device_APPLICATION[1-9][0-9]*)))
                0x0000000000007708                __device_SMP_start = .
 *(SORT_BY_NAME(SORT_BY_ALIGNMENT(.device_SMP[0-9]*)))
 *(SORT_BY_NAME(SORT_BY_ALIGNMENT(.device_SMP[1-9][0-9]*)))
                0x0000000000007708                __device_end = .
 FILL mask 0x00
                0x0000000000007708                __device_init_status_start = .
                0x000000000000770c                . = (. + (((((__device_end - __device_start) / 0x10) + 0x1f) / 0x20) * 0x4))
 *fill*         0x0000000000007708        0x4 00
                0x000000000000770c                __device_init_status_end = .

initshell       0x000000000000770c        0x0
                0x000000000000770c                __shell_module_start = .
 *(SORT_BY_ALIGNMENT(.shell_module_*))
                0x000000000000770c                __shell_module_end = .
                0x000000000000770c                __shell_cmd_start = .
 *(SORT_BY_ALIGNMENT(.shell_cmd_*))
                0x000000000000770c                __shell_cmd_end = .

log_dynamic_sections
                0x000000000000770c        0x0
                0x000000000000770c                __log_dynamic_start = .
 *(SORT_BY_NAME(SORT_BY_ALIGNMENT(.log_dynamic_*)))
                0x000000000000770c                __log_dynamic_end = .

_static_thread_data_area
                0x000000000000770c        0x0
                0x000000000000770c                __static_thread_data_list_start = .
 *(SORT_BY_NAME(SORT_BY_ALIGNMENT(.__static_thread_data.static.*)))
                0x000000000000770c                __static_thread_data_list_end = .

k_timer_area    0x000000000000770c        0x0
                0x000000000000770c                _k_timer_list_start = .
 *(SORT_BY_NAME(SORT_BY_ALIGNMENT(._k_timer.static.*)))
                0x000000000000770c                _k_timer_list_end = .

k_mem_slab_area
                0x000000000000770c        0x0
                0x000000000000770c                _k_mem_slab_list_start = .
 *(SORT_BY_NAME(SORT_BY_ALIGNMENT(._k_mem_slab.static.*)))
                0x000000000000770c                _k_mem_slab_list_end = .

k_mem_pool_area
                0x000000000000770c        0x0
                0x000000000000770c                _k_mem_pool_list_start = .
 *(SORT_BY_NAME(SORT_BY_ALIGNMENT(._k_mem_pool.static.*)))
                0x000000000000770c                _k_mem_pool_list_end = .

k_heap_area     0x000000000000770c        0x0
                0x000000000000770c                _k_heap_list_start = .
 *(SORT_BY_NAME(SORT_BY_ALIGNMENT(._k_heap.static.*)))
                0x000000000000770c                _k_heap_list_end = .

k_mutex_area    0x000000000000770c        0x0
                0x000000000000770c                _k_mutex_list_start = .
 *(SORT_BY_NAME(SORT_BY_ALIGNMENT(._k_mutex.static.*)))
                0x000000000000770c                _k_mutex_list_end = .

k_stack_area    0x000000000000770c        0x0
                0x000000000000770c                _k_stack_list_start = .
 *(SORT_BY_NAME(SORT_BY_ALIGNMENT(._k_stack.static.*)))
                0x000000000000770c                _k_stack_list_end = .

k_msgq_area     0x000000000000770c        0x0
                0x000000000000770c                _k_msgq_list_start = .
 *(SORT_BY_NAME(SORT_BY_ALIGNMENT(._k_msgq.static.*)))
                0x000000000000770c                _k_msgq_list_end = .

k_mbox_area     0x000000000000770c        0x0
                0x000000000000770c                _k_mbox_list_start = .
 *(SORT_BY_NAME(SORT_BY_ALIGNMENT(._k_mbox.static.*)))
                0x000000000000770c                _k_mbox_list_end = .

k_pipe_area     0x000000000000770c        0x0
                0x000000000000770c                _k_pipe_list_start = .
 *(SORT_BY_NAME(SORT_BY_ALIGNMENT(._k_pipe.static.*)))
                0x000000000000770c                _k_pipe_list_end = .

k_sem_area      0x000000000000770c        0x0
                0x000000000000770c                _k_sem_list_start = .
 *(SORT_BY_NAME(SORT_BY_ALIGNMENT(._k_sem.static.*)))
                0x000000000000770c                _k_sem_list_end = .

k_queue_area    0x000000000000770c        0x0
                0x000000000000770c                _k_queue_list_start = .
 *(SORT_BY_NAME(SORT_BY_ALIGNMENT(._k_queue.static.*)))
                0x000000000000770c                _k_queue_list_end = .

_net_buf_pool_area
                0x000000000000770c        0x0
                0x000000000000770c                _net_buf_pool_list = .
 *(SORT_BY_NAME(SORT_BY_ALIGNMENT(._net_buf_pool.static.*)))
                0x000000000000770c                __data_ram_end = .

bss             0x0000000000007710      0x4f4
                0x0000000000007710                . = ALIGN (0x4)
                0x0000000000007710                __bss_start = .
 *(SORT_BY_ALIGNMENT(.sbss))
 *(SORT_BY_ALIGNMENT(.sbss.*))
 .sbss.last_count
                0x0000000000007710        0x8 zephyr/libzephyr.a(riscv_machine_timer.c.obj)
 .sbss.curr_tick
                0x0000000000007718        0x8 zephyr/kernel/libkernel.a(timeout.c.obj)
 .sbss.led0_dev_data
                0x0000000000007720        0x8 zephyr/libzephyr.a(soc.c.obj)
 .sbss.uart_console_dev
                0x0000000000007728        0x4 zephyr/libzephyr.a(uart_console.c.obj)
 .sbss.save_irq
                0x000000000000772c        0x4 zephyr/libzephyr.a(intc_swerv_pic.c.obj)
 .sbss.lock     0x0000000000007730        0x4 zephyr/libzephyr.a(riscv_machine_timer.c.obj)
 .sbss.gpio_swervolf_data_0
                0x0000000000007734        0x4 zephyr/drivers/gpio/libdrivers__gpio.a(gpio_swervolf.c.obj)
 .sbss.lock     0x0000000000007738        0x4 zephyr/kernel/libkernel.a(mutex.c.obj)
 .sbss.sched_spinlock
                0x000000000000773c        0x4 zephyr/kernel/libkernel.a(sched.c.obj)
 .sbss.slice_max_prio
                0x0000000000007740        0x4 zephyr/kernel/libkernel.a(sched.c.obj)
 .sbss.slice_time
                0x0000000000007744        0x4 zephyr/kernel/libkernel.a(sched.c.obj)
 .sbss.announce_remaining
                0x0000000000007748        0x4 zephyr/kernel/libkernel.a(timeout.c.obj)
 .sbss.timeout_lock
                0x000000000000774c        0x4 zephyr/kernel/libkernel.a(timeout.c.obj)
 .sbss.z_sys_post_kernel
                0x0000000000007750        0x1 zephyr/kernel/libkernel.a(init.c.obj)
                0x0000000000007750                z_sys_post_kernel
 *(SORT_BY_ALIGNMENT(.bss))
 *(SORT_BY_ALIGNMENT(.bss.*))
 *fill*         0x0000000000007751        0x7 
 .bss.threads   0x0000000000007758      0x300 app/libapp.a(main.c.obj)
 .bss.z_idle_threads
                0x0000000000007a58       0x80 zephyr/kernel/libkernel.a(init.c.obj)
                0x0000000000007a58                z_idle_threads
 .bss.z_main_thread
                0x0000000000007ad8       0x80 zephyr/kernel/libkernel.a(init.c.obj)
                0x0000000000007ad8                z_main_thread
 .bss.fork_objs
                0x0000000000007b58       0x78 app/libapp.a(main.c.obj)
                0x0000000000007b58                fork_objs
 .bss._kernel   0x0000000000007bd0       0x34 zephyr/kernel/libkernel.a(sched.c.obj)
                0x0000000000007bd0                _kernel
 *(SORT_BY_ALIGNMENT(COMMON))
                0x0000000000007c04                __bss_end = ALIGN (0x4)

noinit          0x0000000000007c10     0x2000
 *(SORT_BY_ALIGNMENT(.noinit))
 *(SORT_BY_ALIGNMENT(.noinit.*))
 .noinit."WEST_TOPDIR/zephyr/samples/philosophers/src/phil_obj_abstract.h".0
                0x0000000000007c10     0x1200 app/libapp.a(main.c.obj)
 .noinit."WEST_TOPDIR/zephyr/kernel/init.c".1
                0x0000000000008e10      0x400 zephyr/kernel/libkernel.a(init.c.obj)
                0x0000000000008e10                z_main_stack
 .noinit."WEST_TOPDIR/zephyr/kernel/init.c".2
                0x0000000000009210      0x200 zephyr/kernel/libkernel.a(init.c.obj)
 .noinit."WEST_TOPDIR/zephyr/kernel/init.c".3
                0x0000000000009410      0x800 zephyr/kernel/libkernel.a(init.c.obj)
                0x0000000000009410                z_interrupt_stacks
                0x0000000000009c10                _image_ram_end = .
                0x0000000000009c10                _end = .

/DISCARD/
 *(SORT_BY_ALIGNMENT(.irq_info*))
 *(SORT_BY_ALIGNMENT(.intList*))
 *(SORT_BY_ALIGNMENT(.note.GNU-stack))

.stab
 *(SORT_BY_ALIGNMENT(.stab))

.stabstr
 *(SORT_BY_ALIGNMENT(.stabstr))

.stab.excl
 *(SORT_BY_ALIGNMENT(.stab.excl))

.stab.exclstr
 *(SORT_BY_ALIGNMENT(.stab.exclstr))

.stab.index
 *(SORT_BY_ALIGNMENT(.stab.index))

.stab.indexstr
 *(SORT_BY_ALIGNMENT(.stab.indexstr))

.gnu.build.attributes
 *(SORT_BY_ALIGNMENT(.gnu.build.attributes) SORT_BY_ALIGNMENT(.gnu.build.attributes.*))

.comment        0x0000000000000000       0x2e
 *(SORT_BY_ALIGNMENT(.comment))
 .comment       0x0000000000000000       0x2e zephyr/CMakeFiles/zephyr_final.dir/isr_tables.c.obj
                                         0x2f (size before relaxing)
 .comment       0x000000000000002e       0x2f zephyr/CMakeFiles/offsets.dir/./arch/riscv/core/offsets/offsets.c.obj
 .comment       0x000000000000002e       0x2f app/libapp.a(main.c.obj)
 .comment       0x000000000000002e       0x2f zephyr/libzephyr.a(printk.c.obj)
 .comment       0x000000000000002e       0x2f zephyr/libzephyr.a(rb.c.obj)
 .comment       0x000000000000002e       0x2f zephyr/libzephyr.a(thread_entry.c.obj)
 .comment       0x000000000000002e       0x2f zephyr/libzephyr.a(heap.c.obj)
 .comment       0x000000000000002e       0x2f zephyr/libzephyr.a(assert.c.obj)
 .comment       0x000000000000002e       0x2f zephyr/libzephyr.a(configs.c.obj)
 .comment       0x000000000000002e       0x2f zephyr/libzephyr.a(irq.c.obj)
 .comment       0x000000000000002e       0x2f zephyr/libzephyr.a(soc.c.obj)
 .comment       0x000000000000002e       0x2f zephyr/libzephyr.a(uart_console.c.obj)
 .comment       0x000000000000002e       0x2f zephyr/libzephyr.a(intc_swerv_pic.c.obj)
 .comment       0x000000000000002e       0x2f zephyr/libzephyr.a(sys_clock_init.c.obj)
 .comment       0x000000000000002e       0x2f zephyr/libzephyr.a(riscv_machine_timer.c.obj)
 .comment       0x000000000000002e       0x2f zephyr/arch/arch/riscv/core/libarch__riscv__core.a(cpu_idle.c.obj)
 .comment       0x000000000000002e       0x2f zephyr/arch/arch/riscv/core/libarch__riscv__core.a(fatal.c.obj)
 .comment       0x000000000000002e       0x2f zephyr/arch/arch/riscv/core/libarch__riscv__core.a(irq_manage.c.obj)
 .comment       0x000000000000002e       0x2f zephyr/arch/arch/riscv/core/libarch__riscv__core.a(prep_c.c.obj)
 .comment       0x000000000000002e       0x2f zephyr/arch/arch/riscv/core/libarch__riscv__core.a(thread.c.obj)
 .comment       0x000000000000002e       0x2f zephyr/lib/libc/minimal/liblib__libc__minimal.a(string.c.obj)
 .comment       0x000000000000002e       0x2f zephyr/drivers/gpio/libdrivers__gpio.a(gpio_mmio32.c.obj)
 .comment       0x000000000000002e       0x2f zephyr/drivers/gpio/libdrivers__gpio.a(gpio_swervolf.c.obj)
 .comment       0x000000000000002e       0x2f zephyr/drivers/serial/libdrivers__serial.a(uart_ns16550.c.obj)
 .comment       0x000000000000002e       0x2f zephyr/kernel/libkernel.a(device.c.obj)
 .comment       0x000000000000002e       0x2f zephyr/kernel/libkernel.a(errno.c.obj)
 .comment       0x000000000000002e       0x2f zephyr/kernel/libkernel.a(fatal.c.obj)
 .comment       0x000000000000002e       0x2f zephyr/kernel/libkernel.a(init.c.obj)
 .comment       0x000000000000002e       0x2f zephyr/kernel/libkernel.a(mutex.c.obj)
 .comment       0x000000000000002e       0x2f zephyr/kernel/libkernel.a(sched.c.obj)
 .comment       0x000000000000002e       0x2f zephyr/kernel/libkernel.a(thread.c.obj)
 .comment       0x000000000000002e       0x2f zephyr/kernel/libkernel.a(thread_abort.c.obj)
 .comment       0x000000000000002e       0x2f zephyr/kernel/libkernel.a(timeout.c.obj)
 .comment       0x000000000000002e       0x2f zephyr/kernel/libkernel.a(idle.c.obj)
 .comment       0x000000000000002e       0x2f zephyr/kernel/libkernel.a(kheap.c.obj)

.debug
 *(SORT_BY_ALIGNMENT(.debug))

.line
 *(SORT_BY_ALIGNMENT(.line))

.debug_srcinfo
 *(SORT_BY_ALIGNMENT(.debug_srcinfo))

.debug_sfnames
 *(SORT_BY_ALIGNMENT(.debug_sfnames))

.debug_aranges  0x0000000000000000      0xb80
 *(SORT_BY_ALIGNMENT(.debug_aranges))
 .debug_aranges
                0x0000000000000000       0x28 zephyr/libzephyr.a(soc_irq.S.obj)
 .debug_aranges
                0x0000000000000028       0x20 zephyr/libzephyr.a(vector.S.obj)
 .debug_aranges
                0x0000000000000048       0x20 zephyr/arch/arch/riscv/core/libarch__riscv__core.a(isr.S.obj)
 .debug_aranges
                0x0000000000000068       0x20 zephyr/arch/arch/riscv/core/libarch__riscv__core.a(reset.S.obj)
 .debug_aranges
                0x0000000000000088       0x28 zephyr/arch/arch/riscv/core/libarch__riscv__core.a(swap.S.obj)
 .debug_aranges
                0x00000000000000b0       0x18 zephyr/CMakeFiles/zephyr_final.dir/isr_tables.c.obj
 .debug_aranges
                0x00000000000000c8       0x20 zephyr/CMakeFiles/offsets.dir/./arch/riscv/core/offsets/offsets.c.obj
 .debug_aranges
                0x00000000000000e8       0x38 app/libapp.a(main.c.obj)
 .debug_aranges
                0x0000000000000120       0x78 zephyr/libzephyr.a(printk.c.obj)
 .debug_aranges
                0x0000000000000198       0x80 zephyr/libzephyr.a(rb.c.obj)
 .debug_aranges
                0x0000000000000218       0x20 zephyr/libzephyr.a(thread_entry.c.obj)
 .debug_aranges
                0x0000000000000238       0xa0 zephyr/libzephyr.a(heap.c.obj)
 .debug_aranges
                0x00000000000002d8       0x20 zephyr/libzephyr.a(assert.c.obj)
 .debug_aranges
                0x00000000000002f8       0x20 zephyr/libzephyr.a(configs.c.obj)
 .debug_aranges
                0x0000000000000318       0x20 zephyr/libzephyr.a(irq.c.obj)
 .debug_aranges
                0x0000000000000338       0x20 zephyr/libzephyr.a(soc.c.obj)
 .debug_aranges
                0x0000000000000358       0x28 zephyr/libzephyr.a(uart_console.c.obj)
 .debug_aranges
                0x0000000000000380       0x68 zephyr/libzephyr.a(intc_swerv_pic.c.obj)
 .debug_aranges
                0x00000000000003e8       0x40 zephyr/libzephyr.a(sys_clock_init.c.obj)
 .debug_aranges
                0x0000000000000428       0x48 zephyr/libzephyr.a(riscv_machine_timer.c.obj)
 .debug_aranges
                0x0000000000000470       0x28 zephyr/arch/arch/riscv/core/libarch__riscv__core.a(cpu_idle.c.obj)
 .debug_aranges
                0x0000000000000498       0x28 zephyr/arch/arch/riscv/core/libarch__riscv__core.a(fatal.c.obj)
 .debug_aranges
                0x00000000000004c0       0x20 zephyr/arch/arch/riscv/core/libarch__riscv__core.a(irq_manage.c.obj)
 .debug_aranges
                0x00000000000004e0       0x20 zephyr/arch/arch/riscv/core/libarch__riscv__core.a(prep_c.c.obj)
 .debug_aranges
                0x0000000000000500       0x20 zephyr/arch/arch/riscv/core/libarch__riscv__core.a(thread.c.obj)
 .debug_aranges
                0x0000000000000520       0x98 zephyr/lib/libc/minimal/liblib__libc__minimal.a(string.c.obj)
 .debug_aranges
                0x00000000000005b8       0x58 zephyr/drivers/gpio/libdrivers__gpio.a(gpio_mmio32.c.obj)
 .debug_aranges
                0x0000000000000610       0x58 zephyr/drivers/gpio/libdrivers__gpio.a(gpio_swervolf.c.obj)
 .debug_aranges
                0x0000000000000668       0x48 zephyr/drivers/serial/libdrivers__serial.a(uart_ns16550.c.obj)
 .debug_aranges
                0x00000000000006b0       0x40 zephyr/kernel/libkernel.a(device.c.obj)
 .debug_aranges
                0x00000000000006f0       0x20 zephyr/kernel/libkernel.a(errno.c.obj)
 .debug_aranges
                0x0000000000000710       0x50 zephyr/kernel/libkernel.a(fatal.c.obj)
 .debug_aranges
                0x0000000000000760       0x38 zephyr/kernel/libkernel.a(init.c.obj)
 .debug_aranges
                0x0000000000000798       0x38 zephyr/kernel/libkernel.a(mutex.c.obj)
 .debug_aranges
                0x00000000000007d0      0x1d8 zephyr/kernel/libkernel.a(sched.c.obj)
 .debug_aranges
                0x00000000000009a8       0xb8 zephyr/kernel/libkernel.a(thread.c.obj)
 .debug_aranges
                0x0000000000000a60       0x20 zephyr/kernel/libkernel.a(thread_abort.c.obj)
 .debug_aranges
                0x0000000000000a80       0x90 zephyr/kernel/libkernel.a(timeout.c.obj)
 .debug_aranges
                0x0000000000000b10       0x28 zephyr/kernel/libkernel.a(idle.c.obj)
 .debug_aranges
                0x0000000000000b38       0x48 zephyr/kernel/libkernel.a(kheap.c.obj)

.debug_pubnames
 *(SORT_BY_ALIGNMENT(.debug_pubnames))

.debug_info     0x0000000000000000    0x1bc89
 *(SORT_BY_ALIGNMENT(.debug_info) SORT_BY_ALIGNMENT(.gnu.linkonce.wi.*))
 .debug_info    0x0000000000000000       0xdd zephyr/CMakeFiles/zephyr_final.dir/isr_tables.c.obj
 .debug_info    0x00000000000000dd       0x8c zephyr/CMakeFiles/offsets.dir/./arch/riscv/core/offsets/offsets.c.obj
 .debug_info    0x0000000000000169     0x130b app/libapp.a(main.c.obj)
 .debug_info    0x0000000000001474      0xa16 zephyr/libzephyr.a(printk.c.obj)
 .debug_info    0x0000000000001e8a     0x1bc2 zephyr/libzephyr.a(rb.c.obj)
 .debug_info    0x0000000000003a4c      0x619 zephyr/libzephyr.a(thread_entry.c.obj)
 .debug_info    0x0000000000004065     0x1fd9 zephyr/libzephyr.a(heap.c.obj)
 .debug_info    0x000000000000603e      0x13f zephyr/libzephyr.a(assert.c.obj)
 .debug_info    0x000000000000617d       0x38 zephyr/libzephyr.a(configs.c.obj)
 .debug_info    0x00000000000061b5       0x22 zephyr/libzephyr.a(soc_irq.S.obj)
 .debug_info    0x00000000000061d7       0x26 zephyr/libzephyr.a(vector.S.obj)
 .debug_info    0x00000000000061fd       0xd0 zephyr/libzephyr.a(irq.c.obj)
 .debug_info    0x00000000000062cd      0x743 zephyr/libzephyr.a(soc.c.obj)
 .debug_info    0x0000000000006a10      0x4f6 zephyr/libzephyr.a(uart_console.c.obj)
 .debug_info    0x0000000000006f06      0x82d zephyr/libzephyr.a(intc_swerv_pic.c.obj)
 .debug_info    0x0000000000007733      0x35b zephyr/libzephyr.a(sys_clock_init.c.obj)
 .debug_info    0x0000000000007a8e      0x8ba zephyr/libzephyr.a(riscv_machine_timer.c.obj)
 .debug_info    0x0000000000008348      0x116 zephyr/arch/arch/riscv/core/libarch__riscv__core.a(cpu_idle.c.obj)
 .debug_info    0x000000000000845e      0x558 zephyr/arch/arch/riscv/core/libarch__riscv__core.a(fatal.c.obj)
 .debug_info    0x00000000000089b6      0x248 zephyr/arch/arch/riscv/core/libarch__riscv__core.a(irq_manage.c.obj)
 .debug_info    0x0000000000008bfe       0x26 zephyr/arch/arch/riscv/core/libarch__riscv__core.a(isr.S.obj)
 .debug_info    0x0000000000008c24       0xd0 zephyr/arch/arch/riscv/core/libarch__riscv__core.a(prep_c.c.obj)
 .debug_info    0x0000000000008cf4       0x26 zephyr/arch/arch/riscv/core/libarch__riscv__core.a(reset.S.obj)
 .debug_info    0x0000000000008d1a       0x22 zephyr/arch/arch/riscv/core/libarch__riscv__core.a(swap.S.obj)
 .debug_info    0x0000000000008d3c      0x6d9 zephyr/arch/arch/riscv/core/libarch__riscv__core.a(thread.c.obj)
 .debug_info    0x0000000000009415      0x6c8 zephyr/lib/libc/minimal/liblib__libc__minimal.a(string.c.obj)
 .debug_info    0x0000000000009add      0x9db zephyr/drivers/gpio/libdrivers__gpio.a(gpio_mmio32.c.obj)
 .debug_info    0x000000000000a4b8      0x916 zephyr/drivers/gpio/libdrivers__gpio.a(gpio_swervolf.c.obj)
 .debug_info    0x000000000000adce     0x12ae zephyr/drivers/serial/libdrivers__serial.a(uart_ns16550.c.obj)
 .debug_info    0x000000000000c07c      0x4ff zephyr/kernel/libkernel.a(device.c.obj)
 .debug_info    0x000000000000c57b      0x6e9 zephyr/kernel/libkernel.a(errno.c.obj)
 .debug_info    0x000000000000cc64      0xb68 zephyr/kernel/libkernel.a(fatal.c.obj)
 .debug_info    0x000000000000d7cc      0xd51 zephyr/kernel/libkernel.a(init.c.obj)
 .debug_info    0x000000000000e51d     0x1789 zephyr/kernel/libkernel.a(mutex.c.obj)
 .debug_info    0x000000000000fca6     0x68eb zephyr/kernel/libkernel.a(sched.c.obj)
 .debug_info    0x0000000000016591     0x187e zephyr/kernel/libkernel.a(thread.c.obj)
 .debug_info    0x0000000000017e0f      0x7db zephyr/kernel/libkernel.a(thread_abort.c.obj)
 .debug_info    0x00000000000185ea     0x2344 zephyr/kernel/libkernel.a(timeout.c.obj)
 .debug_info    0x000000000001a92e      0x21e zephyr/kernel/libkernel.a(idle.c.obj)
 .debug_info    0x000000000001ab4c     0x113d zephyr/kernel/libkernel.a(kheap.c.obj)

.debug_abbrev   0x0000000000000000     0x59a7
 *(SORT_BY_ALIGNMENT(.debug_abbrev))
 .debug_abbrev  0x0000000000000000       0xa1 zephyr/CMakeFiles/zephyr_final.dir/isr_tables.c.obj
 .debug_abbrev  0x00000000000000a1       0x44 zephyr/CMakeFiles/offsets.dir/./arch/riscv/core/offsets/offsets.c.obj
 .debug_abbrev  0x00000000000000e5      0x43e app/libapp.a(main.c.obj)
 .debug_abbrev  0x0000000000000523      0x3f6 zephyr/libzephyr.a(printk.c.obj)
 .debug_abbrev  0x0000000000000919      0x449 zephyr/libzephyr.a(rb.c.obj)
 .debug_abbrev  0x0000000000000d62      0x202 zephyr/libzephyr.a(thread_entry.c.obj)
 .debug_abbrev  0x0000000000000f64      0x3e7 zephyr/libzephyr.a(heap.c.obj)
 .debug_abbrev  0x000000000000134b       0xbf zephyr/libzephyr.a(assert.c.obj)
 .debug_abbrev  0x000000000000140a       0x2e zephyr/libzephyr.a(configs.c.obj)
 .debug_abbrev  0x0000000000001438       0x12 zephyr/libzephyr.a(soc_irq.S.obj)
 .debug_abbrev  0x000000000000144a       0x14 zephyr/libzephyr.a(vector.S.obj)
 .debug_abbrev  0x000000000000145e       0x9e zephyr/libzephyr.a(irq.c.obj)
 .debug_abbrev  0x00000000000014fc      0x22d zephyr/libzephyr.a(soc.c.obj)
 .debug_abbrev  0x0000000000001729      0x286 zephyr/libzephyr.a(uart_console.c.obj)
 .debug_abbrev  0x00000000000019af      0x303 zephyr/libzephyr.a(intc_swerv_pic.c.obj)
 .debug_abbrev  0x0000000000001cb2      0x1c1 zephyr/libzephyr.a(sys_clock_init.c.obj)
 .debug_abbrev  0x0000000000001e73      0x319 zephyr/libzephyr.a(riscv_machine_timer.c.obj)
 .debug_abbrev  0x000000000000218c       0xb6 zephyr/arch/arch/riscv/core/libarch__riscv__core.a(cpu_idle.c.obj)
 .debug_abbrev  0x0000000000002242      0x1bf zephyr/arch/arch/riscv/core/libarch__riscv__core.a(fatal.c.obj)
 .debug_abbrev  0x0000000000002401      0x148 zephyr/arch/arch/riscv/core/libarch__riscv__core.a(irq_manage.c.obj)
 .debug_abbrev  0x0000000000002549       0x14 zephyr/arch/arch/riscv/core/libarch__riscv__core.a(isr.S.obj)
 .debug_abbrev  0x000000000000255d       0x64 zephyr/arch/arch/riscv/core/libarch__riscv__core.a(prep_c.c.obj)
 .debug_abbrev  0x00000000000025c1       0x14 zephyr/arch/arch/riscv/core/libarch__riscv__core.a(reset.S.obj)
 .debug_abbrev  0x00000000000025d5       0x12 zephyr/arch/arch/riscv/core/libarch__riscv__core.a(swap.S.obj)
 .debug_abbrev  0x00000000000025e7      0x1ab zephyr/arch/arch/riscv/core/libarch__riscv__core.a(thread.c.obj)
 .debug_abbrev  0x0000000000002792      0x1b8 zephyr/lib/libc/minimal/liblib__libc__minimal.a(string.c.obj)
 .debug_abbrev  0x000000000000294a      0x29e zephyr/drivers/gpio/libdrivers__gpio.a(gpio_mmio32.c.obj)
 .debug_abbrev  0x0000000000002be8      0x21c zephyr/drivers/gpio/libdrivers__gpio.a(gpio_swervolf.c.obj)
 .debug_abbrev  0x0000000000002e04      0x344 zephyr/drivers/serial/libdrivers__serial.a(uart_ns16550.c.obj)
 .debug_abbrev  0x0000000000003148      0x287 zephyr/kernel/libkernel.a(device.c.obj)
 .debug_abbrev  0x00000000000033cf      0x1ac zephyr/kernel/libkernel.a(errno.c.obj)
 .debug_abbrev  0x000000000000357b      0x39a zephyr/kernel/libkernel.a(fatal.c.obj)
 .debug_abbrev  0x0000000000003915      0x4a6 zephyr/kernel/libkernel.a(init.c.obj)
 .debug_abbrev  0x0000000000003dbb      0x40e zephyr/kernel/libkernel.a(mutex.c.obj)
 .debug_abbrev  0x00000000000041c9      0x61a zephyr/kernel/libkernel.a(sched.c.obj)
 .debug_abbrev  0x00000000000047e3      0x5c7 zephyr/kernel/libkernel.a(thread.c.obj)
 .debug_abbrev  0x0000000000004daa      0x282 zephyr/kernel/libkernel.a(thread_abort.c.obj)
 .debug_abbrev  0x000000000000502c      0x4ac zephyr/kernel/libkernel.a(timeout.c.obj)
 .debug_abbrev  0x00000000000054d8      0x164 zephyr/kernel/libkernel.a(idle.c.obj)
 .debug_abbrev  0x000000000000563c      0x36b zephyr/kernel/libkernel.a(kheap.c.obj)

.debug_line     0x0000000000000000    0x1619b
 *(SORT_BY_ALIGNMENT(.debug_line) SORT_BY_ALIGNMENT(.debug_line.*) SORT_BY_ALIGNMENT(.debug_line_end))
 .debug_line    0x0000000000000000       0xcb zephyr/CMakeFiles/zephyr_final.dir/isr_tables.c.obj
 .debug_line    0x00000000000000cb      0x220 zephyr/CMakeFiles/offsets.dir/./arch/riscv/core/offsets/offsets.c.obj
 .debug_line    0x00000000000002eb      0xcbc app/libapp.a(main.c.obj)
 .debug_line    0x0000000000000fa7      0xcb4 zephyr/libzephyr.a(printk.c.obj)
 .debug_line    0x0000000000001c5b     0x20f2 zephyr/libzephyr.a(rb.c.obj)
 .debug_line    0x0000000000003d4d      0x3e5 zephyr/libzephyr.a(thread_entry.c.obj)
 .debug_line    0x0000000000004132     0x17a4 zephyr/libzephyr.a(heap.c.obj)
 .debug_line    0x00000000000058d6      0x173 zephyr/libzephyr.a(assert.c.obj)
 .debug_line    0x0000000000005a49      0x325 zephyr/libzephyr.a(configs.c.obj)
 .debug_line    0x0000000000005d6e       0xdf zephyr/libzephyr.a(soc_irq.S.obj)
 .debug_line    0x0000000000005e4d       0xbc zephyr/libzephyr.a(vector.S.obj)
 .debug_line    0x0000000000005f09      0x16b zephyr/libzephyr.a(irq.c.obj)
 .debug_line    0x0000000000006074      0x3de zephyr/libzephyr.a(soc.c.obj)
 .debug_line    0x0000000000006452      0x366 zephyr/libzephyr.a(uart_console.c.obj)
 .debug_line    0x00000000000067b8      0x901 zephyr/libzephyr.a(intc_swerv_pic.c.obj)
 .debug_line    0x00000000000070b9      0x263 zephyr/libzephyr.a(sys_clock_init.c.obj)
 .debug_line    0x000000000000731c      0x898 zephyr/libzephyr.a(riscv_machine_timer.c.obj)
 .debug_line    0x0000000000007bb4      0x17f zephyr/arch/arch/riscv/core/libarch__riscv__core.a(cpu_idle.c.obj)
 .debug_line    0x0000000000007d33      0x2b0 zephyr/arch/arch/riscv/core/libarch__riscv__core.a(fatal.c.obj)
 .debug_line    0x0000000000007fe3      0x269 zephyr/arch/arch/riscv/core/libarch__riscv__core.a(irq_manage.c.obj)
 .debug_line    0x000000000000824c      0x34e zephyr/arch/arch/riscv/core/libarch__riscv__core.a(isr.S.obj)
 .debug_line    0x000000000000859a      0x166 zephyr/arch/arch/riscv/core/libarch__riscv__core.a(prep_c.c.obj)
 .debug_line    0x0000000000008700       0xa3 zephyr/arch/arch/riscv/core/libarch__riscv__core.a(reset.S.obj)
 .debug_line    0x00000000000087a3       0xb3 zephyr/arch/arch/riscv/core/libarch__riscv__core.a(swap.S.obj)
 .debug_line    0x0000000000008856      0x35f zephyr/arch/arch/riscv/core/libarch__riscv__core.a(thread.c.obj)
 .debug_line    0x0000000000008bb5      0xc8b zephyr/lib/libc/minimal/liblib__libc__minimal.a(string.c.obj)
 .debug_line    0x0000000000009840      0x8cf zephyr/drivers/gpio/libdrivers__gpio.a(gpio_mmio32.c.obj)
 .debug_line    0x000000000000a10f      0x5a9 zephyr/drivers/gpio/libdrivers__gpio.a(gpio_swervolf.c.obj)
 .debug_line    0x000000000000a6b8      0xdd0 zephyr/drivers/serial/libdrivers__serial.a(uart_ns16550.c.obj)
 .debug_line    0x000000000000b488      0x5c3 zephyr/kernel/libkernel.a(device.c.obj)
 .debug_line    0x000000000000ba4b      0x33f zephyr/kernel/libkernel.a(errno.c.obj)
 .debug_line    0x000000000000bd8a      0x703 zephyr/kernel/libkernel.a(fatal.c.obj)
 .debug_line    0x000000000000c48d      0x8f8 zephyr/kernel/libkernel.a(init.c.obj)
 .debug_line    0x000000000000cd85      0xe81 zephyr/kernel/libkernel.a(mutex.c.obj)
 .debug_line    0x000000000000dc06     0x4950 zephyr/kernel/libkernel.a(sched.c.obj)
 .debug_line    0x0000000000012556     0x11e3 zephyr/kernel/libkernel.a(thread.c.obj)
 .debug_line    0x0000000000013739      0x4ff zephyr/kernel/libkernel.a(thread_abort.c.obj)
 .debug_line    0x0000000000013c38     0x1877 zephyr/kernel/libkernel.a(timeout.c.obj)
 .debug_line    0x00000000000154af      0x370 zephyr/kernel/libkernel.a(idle.c.obj)
 .debug_line    0x000000000001581f      0x97c zephyr/kernel/libkernel.a(kheap.c.obj)

.debug_frame    0x0000000000000000     0x20bc
 *(SORT_BY_ALIGNMENT(.debug_frame))
 .debug_frame   0x0000000000000000       0x20 zephyr/CMakeFiles/offsets.dir/./arch/riscv/core/offsets/offsets.c.obj
 .debug_frame   0x0000000000000020       0xc8 app/libapp.a(main.c.obj)
 .debug_frame   0x00000000000000e8      0x1a0 zephyr/libzephyr.a(printk.c.obj)
 .debug_frame   0x0000000000000288      0x23c zephyr/libzephyr.a(rb.c.obj)
 .debug_frame   0x00000000000004c4       0x28 zephyr/libzephyr.a(thread_entry.c.obj)
 .debug_frame   0x00000000000004ec      0x2c8 zephyr/libzephyr.a(heap.c.obj)
 .debug_frame   0x00000000000007b4       0x2c zephyr/libzephyr.a(assert.c.obj)
 .debug_frame   0x00000000000007e0       0x20 zephyr/libzephyr.a(configs.c.obj)
 .debug_frame   0x0000000000000800       0x20 zephyr/libzephyr.a(irq.c.obj)
 .debug_frame   0x0000000000000820       0x20 zephyr/libzephyr.a(soc.c.obj)
 .debug_frame   0x0000000000000840       0x50 zephyr/libzephyr.a(uart_console.c.obj)
 .debug_frame   0x0000000000000890       0xc0 zephyr/libzephyr.a(intc_swerv_pic.c.obj)
 .debug_frame   0x0000000000000950       0x80 zephyr/libzephyr.a(sys_clock_init.c.obj)
 .debug_frame   0x00000000000009d0       0xc0 zephyr/libzephyr.a(riscv_machine_timer.c.obj)
 .debug_frame   0x0000000000000a90       0x30 zephyr/arch/arch/riscv/core/libarch__riscv__core.a(cpu_idle.c.obj)
 .debug_frame   0x0000000000000ac0       0x40 zephyr/arch/arch/riscv/core/libarch__riscv__core.a(fatal.c.obj)
 .debug_frame   0x0000000000000b00       0x28 zephyr/arch/arch/riscv/core/libarch__riscv__core.a(irq_manage.c.obj)
 .debug_frame   0x0000000000000b28       0x28 zephyr/arch/arch/riscv/core/libarch__riscv__core.a(prep_c.c.obj)
 .debug_frame   0x0000000000000b50       0x20 zephyr/arch/arch/riscv/core/libarch__riscv__core.a(thread.c.obj)
 .debug_frame   0x0000000000000b70      0x15c zephyr/lib/libc/minimal/liblib__libc__minimal.a(string.c.obj)
 .debug_frame   0x0000000000000ccc       0x90 zephyr/drivers/gpio/libdrivers__gpio.a(gpio_mmio32.c.obj)
 .debug_frame   0x0000000000000d5c       0x90 zephyr/drivers/gpio/libdrivers__gpio.a(gpio_swervolf.c.obj)
 .debug_frame   0x0000000000000dec      0x104 zephyr/drivers/serial/libdrivers__serial.a(uart_ns16550.c.obj)
 .debug_frame   0x0000000000000ef0       0xb8 zephyr/kernel/libkernel.a(device.c.obj)
 .debug_frame   0x0000000000000fa8       0x20 zephyr/kernel/libkernel.a(errno.c.obj)
 .debug_frame   0x0000000000000fc8       0xa8 zephyr/kernel/libkernel.a(fatal.c.obj)
 .debug_frame   0x0000000000001070       0x6c zephyr/kernel/libkernel.a(init.c.obj)
 .debug_frame   0x00000000000010dc       0xa4 zephyr/kernel/libkernel.a(mutex.c.obj)
 .debug_frame   0x0000000000001180      0x8e8 zephyr/kernel/libkernel.a(sched.c.obj)
 .debug_frame   0x0000000000001a68      0x20c zephyr/kernel/libkernel.a(thread.c.obj)
 .debug_frame   0x0000000000001c74       0x44 zephyr/kernel/libkernel.a(thread_abort.c.obj)
 .debug_frame   0x0000000000001cb8      0x27c zephyr/kernel/libkernel.a(timeout.c.obj)
 .debug_frame   0x0000000000001f34       0x38 zephyr/kernel/libkernel.a(idle.c.obj)
 .debug_frame   0x0000000000001f6c      0x130 zephyr/kernel/libkernel.a(kheap.c.obj)
 .debug_frame   0x000000000000209c       0x20 /root/zephyr-sdk-0.12.4/riscv64-zephyr-elf/bin/../lib/gcc/riscv64-zephyr-elf/10.2.0/libgcc.a(_clzsi2.o)

.debug_str      0x0000000000000000     0x3b91
 *(SORT_BY_ALIGNMENT(.debug_str))
 .debug_str     0x0000000000000000      0x207 zephyr/CMakeFiles/zephyr_final.dir/isr_tables.c.obj
                                        0x23b (size before relaxing)
 .debug_str     0x0000000000000207       0x68 zephyr/CMakeFiles/offsets.dir/./arch/riscv/core/offsets/offsets.c.obj
                                        0x229 (size before relaxing)
 .debug_str     0x000000000000026f      0x5fc app/libapp.a(main.c.obj)
                                        0x95d (size before relaxing)
 .debug_str     0x000000000000086b      0x1b5 zephyr/libzephyr.a(printk.c.obj)
                                        0x524 (size before relaxing)
 .debug_str     0x0000000000000a20      0x1ec zephyr/libzephyr.a(rb.c.obj)
                                        0x410 (size before relaxing)
 .debug_str     0x0000000000000c0c       0x6c zephyr/libzephyr.a(thread_entry.c.obj)
                                        0x4a3 (size before relaxing)
 .debug_str     0x0000000000000c78      0x335 zephyr/libzephyr.a(heap.c.obj)
                                        0x5e1 (size before relaxing)
 .debug_str     0x0000000000000fad       0xcf zephyr/libzephyr.a(assert.c.obj)
                                        0x2b0 (size before relaxing)
 .debug_str     0x000000000000107c       0x7b zephyr/libzephyr.a(configs.c.obj)
                                        0x1b3 (size before relaxing)
 .debug_str     0x00000000000010f7       0x77 zephyr/libzephyr.a(soc_irq.S.obj)
                                         0xc3 (size before relaxing)
 .debug_str     0x000000000000116e       0x68 zephyr/libzephyr.a(vector.S.obj)
                                         0xc2 (size before relaxing)
 .debug_str     0x00000000000011d6       0x8e zephyr/libzephyr.a(irq.c.obj)
                                        0x252 (size before relaxing)
 .debug_str     0x0000000000001264      0x2fe zephyr/libzephyr.a(soc.c.obj)
                                        0x6bc (size before relaxing)
 .debug_str     0x0000000000001562      0x123 zephyr/libzephyr.a(uart_console.c.obj)
                                        0x4b6 (size before relaxing)
 .debug_str     0x0000000000001685      0x1ca zephyr/libzephyr.a(intc_swerv_pic.c.obj)
                                        0x510 (size before relaxing)
 .debug_str     0x000000000000184f      0x104 zephyr/libzephyr.a(sys_clock_init.c.obj)
                                        0x469 (size before relaxing)
 .debug_str     0x0000000000001953      0x1a2 zephyr/libzephyr.a(riscv_machine_timer.c.obj)
                                        0x5c0 (size before relaxing)
 .debug_str     0x0000000000001af5       0x6f zephyr/arch/arch/riscv/core/libarch__riscv__core.a(cpu_idle.c.obj)
                                        0x24b (size before relaxing)
 .debug_str     0x0000000000001b64      0x14b zephyr/arch/arch/riscv/core/libarch__riscv__core.a(fatal.c.obj)
                                        0x3d2 (size before relaxing)
 .debug_str     0x0000000000001caf       0x55 zephyr/arch/arch/riscv/core/libarch__riscv__core.a(irq_manage.c.obj)
                                        0x3ac (size before relaxing)
 .debug_str     0x0000000000001d04       0x47 zephyr/arch/arch/riscv/core/libarch__riscv__core.a(isr.S.obj)
                                         0xa1 (size before relaxing)
 .debug_str     0x0000000000001d4b       0x65 zephyr/arch/arch/riscv/core/libarch__riscv__core.a(prep_c.c.obj)
                                        0x23f (size before relaxing)
 .debug_str     0x0000000000001db0       0x49 zephyr/arch/arch/riscv/core/libarch__riscv__core.a(reset.S.obj)
                                         0xa3 (size before relaxing)
 .debug_str     0x0000000000001df9       0x48 zephyr/arch/arch/riscv/core/libarch__riscv__core.a(swap.S.obj)
                                         0xa2 (size before relaxing)
 .debug_str     0x0000000000001e41       0x6f zephyr/arch/arch/riscv/core/libarch__riscv__core.a(thread.c.obj)
                                        0x4b2 (size before relaxing)
 .debug_str     0x0000000000001eb0      0x11d zephyr/lib/libc/minimal/liblib__libc__minimal.a(string.c.obj)
                                        0x305 (size before relaxing)
 .debug_str     0x0000000000001fcd      0x115 zephyr/drivers/gpio/libdrivers__gpio.a(gpio_mmio32.c.obj)
                                        0x6ad (size before relaxing)
 .debug_str     0x00000000000020e2      0x21a zephyr/drivers/gpio/libdrivers__gpio.a(gpio_swervolf.c.obj)
                                        0x6dd (size before relaxing)
 .debug_str     0x00000000000022fc      0x37c zephyr/drivers/serial/libdrivers__serial.a(uart_ns16550.c.obj)
                                        0x867 (size before relaxing)
 .debug_str     0x0000000000002678      0x1b6 zephyr/kernel/libkernel.a(device.c.obj)
                                        0x404 (size before relaxing)
 .debug_str     0x000000000000282e       0xb7 zephyr/kernel/libkernel.a(errno.c.obj)
                                        0x60c (size before relaxing)
 .debug_str     0x00000000000028e5       0xce zephyr/kernel/libkernel.a(fatal.c.obj)
                                        0x6ba (size before relaxing)
 .debug_str     0x00000000000029b3      0x21d zephyr/kernel/libkernel.a(init.c.obj)
                                        0x7f3 (size before relaxing)
 .debug_str     0x0000000000002bd0      0x1e6 zephyr/kernel/libkernel.a(mutex.c.obj)
                                        0x8eb (size before relaxing)
 .debug_str     0x0000000000002db6      0x7ad zephyr/kernel/libkernel.a(sched.c.obj)
                                       0x115c (size before relaxing)
 .debug_str     0x0000000000003563      0x330 zephyr/kernel/libkernel.a(thread.c.obj)
                                        0xc5c (size before relaxing)
 .debug_str     0x0000000000003893       0x47 zephyr/kernel/libkernel.a(thread_abort.c.obj)
                                        0x599 (size before relaxing)
 .debug_str     0x00000000000038da      0x12d zephyr/kernel/libkernel.a(timeout.c.obj)
                                        0x959 (size before relaxing)
 .debug_str     0x0000000000003a07       0x97 zephyr/kernel/libkernel.a(idle.c.obj)
                                        0x2f6 (size before relaxing)
 .debug_str     0x0000000000003a9e       0xf3 zephyr/kernel/libkernel.a(kheap.c.obj)
                                        0x847 (size before relaxing)

.debug_loc      0x0000000000000000     0xb6e7
 *(SORT_BY_ALIGNMENT(.debug_loc))
 .debug_loc     0x0000000000000000      0x479 app/libapp.a(main.c.obj)
 .debug_loc     0x0000000000000479      0x920 zephyr/libzephyr.a(printk.c.obj)
 .debug_loc     0x0000000000000d99     0x1a72 zephyr/libzephyr.a(rb.c.obj)
 .debug_loc     0x000000000000280b       0xb8 zephyr/libzephyr.a(thread_entry.c.obj)
 .debug_loc     0x00000000000028c3     0x186e zephyr/libzephyr.a(heap.c.obj)
 .debug_loc     0x0000000000004131       0x42 zephyr/libzephyr.a(assert.c.obj)
 .debug_loc     0x0000000000004173      0x150 zephyr/libzephyr.a(soc.c.obj)
 .debug_loc     0x00000000000042c3      0x124 zephyr/libzephyr.a(uart_console.c.obj)
 .debug_loc     0x00000000000043e7      0x587 zephyr/libzephyr.a(intc_swerv_pic.c.obj)
 .debug_loc     0x000000000000496e       0x63 zephyr/libzephyr.a(sys_clock_init.c.obj)
 .debug_loc     0x00000000000049d1      0x165 zephyr/libzephyr.a(riscv_machine_timer.c.obj)
 .debug_loc     0x0000000000004b36       0x56 zephyr/arch/arch/riscv/core/libarch__riscv__core.a(cpu_idle.c.obj)
 .debug_loc     0x0000000000004b8c       0x9a zephyr/arch/arch/riscv/core/libarch__riscv__core.a(fatal.c.obj)
 .debug_loc     0x0000000000004c26       0x21 zephyr/arch/arch/riscv/core/libarch__riscv__core.a(irq_manage.c.obj)
 .debug_loc     0x0000000000004c47       0x6d zephyr/arch/arch/riscv/core/libarch__riscv__core.a(thread.c.obj)
 .debug_loc     0x0000000000004cb4      0xc75 zephyr/lib/libc/minimal/liblib__libc__minimal.a(string.c.obj)
 .debug_loc     0x0000000000005929      0x58b zephyr/drivers/gpio/libdrivers__gpio.a(gpio_mmio32.c.obj)
 .debug_loc     0x0000000000005eb4      0x2d2 zephyr/drivers/gpio/libdrivers__gpio.a(gpio_swervolf.c.obj)
 .debug_loc     0x0000000000006186      0x74a zephyr/drivers/serial/libdrivers__serial.a(uart_ns16550.c.obj)
 .debug_loc     0x00000000000068d0      0x152 zephyr/kernel/libkernel.a(device.c.obj)
 .debug_loc     0x0000000000006a22      0x15b zephyr/kernel/libkernel.a(fatal.c.obj)
 .debug_loc     0x0000000000006b7d      0x13a zephyr/kernel/libkernel.a(init.c.obj)
 .debug_loc     0x0000000000006cb7      0x44f zephyr/kernel/libkernel.a(mutex.c.obj)
 .debug_loc     0x0000000000007106     0x295d zephyr/kernel/libkernel.a(sched.c.obj)
 .debug_loc     0x0000000000009a63      0x9fb zephyr/kernel/libkernel.a(thread.c.obj)
 .debug_loc     0x000000000000a45e       0x80 zephyr/kernel/libkernel.a(thread_abort.c.obj)
 .debug_loc     0x000000000000a4de      0xc6b zephyr/kernel/libkernel.a(timeout.c.obj)
 .debug_loc     0x000000000000b149       0x97 zephyr/kernel/libkernel.a(idle.c.obj)
 .debug_loc     0x000000000000b1e0      0x507 zephyr/kernel/libkernel.a(kheap.c.obj)

.debug_macinfo
 *(SORT_BY_ALIGNMENT(.debug_macinfo))

.debug_weaknames
 *(SORT_BY_ALIGNMENT(.debug_weaknames))

.debug_funcnames
 *(SORT_BY_ALIGNMENT(.debug_funcnames))

.debug_typenames
 *(SORT_BY_ALIGNMENT(.debug_typenames))

.debug_varnames
 *(SORT_BY_ALIGNMENT(.debug_varnames))

.debug_pubtypes
 *(SORT_BY_ALIGNMENT(.debug_pubtypes))

.debug_ranges   0x0000000000000000     0x30f0
 *(SORT_BY_ALIGNMENT(.debug_ranges))
 .debug_ranges  0x0000000000000000       0x20 zephyr/libzephyr.a(soc_irq.S.obj)
 .debug_ranges  0x0000000000000020       0x20 zephyr/arch/arch/riscv/core/libarch__riscv__core.a(swap.S.obj)
 .debug_ranges  0x0000000000000040       0x10 zephyr/CMakeFiles/offsets.dir/./arch/riscv/core/offsets/offsets.c.obj
 .debug_ranges  0x0000000000000050      0x290 app/libapp.a(main.c.obj)
 .debug_ranges  0x00000000000002e0       0xf0 zephyr/libzephyr.a(printk.c.obj)
 .debug_ranges  0x00000000000003d0      0x5c8 zephyr/libzephyr.a(rb.c.obj)
 .debug_ranges  0x0000000000000998       0x10 zephyr/libzephyr.a(thread_entry.c.obj)
 .debug_ranges  0x00000000000009a8      0x510 zephyr/libzephyr.a(heap.c.obj)
 .debug_ranges  0x0000000000000eb8       0x10 zephyr/libzephyr.a(assert.c.obj)
 .debug_ranges  0x0000000000000ec8       0x10 zephyr/libzephyr.a(configs.c.obj)
 .debug_ranges  0x0000000000000ed8       0x10 zephyr/libzephyr.a(irq.c.obj)
 .debug_ranges  0x0000000000000ee8       0x48 zephyr/libzephyr.a(soc.c.obj)
 .debug_ranges  0x0000000000000f30       0x30 zephyr/libzephyr.a(uart_console.c.obj)
 .debug_ranges  0x0000000000000f60      0x1b0 zephyr/libzephyr.a(intc_swerv_pic.c.obj)
 .debug_ranges  0x0000000000001110       0x30 zephyr/libzephyr.a(sys_clock_init.c.obj)
 .debug_ranges  0x0000000000001140       0xb0 zephyr/libzephyr.a(riscv_machine_timer.c.obj)
 .debug_ranges  0x00000000000011f0       0x18 zephyr/arch/arch/riscv/core/libarch__riscv__core.a(cpu_idle.c.obj)
 .debug_ranges  0x0000000000001208       0x18 zephyr/arch/arch/riscv/core/libarch__riscv__core.a(fatal.c.obj)
 .debug_ranges  0x0000000000001220       0x10 zephyr/arch/arch/riscv/core/libarch__riscv__core.a(irq_manage.c.obj)
 .debug_ranges  0x0000000000001230       0x10 zephyr/arch/arch/riscv/core/libarch__riscv__core.a(prep_c.c.obj)
 .debug_ranges  0x0000000000001240       0x10 zephyr/arch/arch/riscv/core/libarch__riscv__core.a(thread.c.obj)
 .debug_ranges  0x0000000000001250       0xa0 zephyr/lib/libc/minimal/liblib__libc__minimal.a(string.c.obj)
 .debug_ranges  0x00000000000012f0      0x100 zephyr/drivers/gpio/libdrivers__gpio.a(gpio_mmio32.c.obj)
 .debug_ranges  0x00000000000013f0       0x48 zephyr/drivers/gpio/libdrivers__gpio.a(gpio_swervolf.c.obj)
 .debug_ranges  0x0000000000001438      0x240 zephyr/drivers/serial/libdrivers__serial.a(uart_ns16550.c.obj)
 .debug_ranges  0x0000000000001678       0xa8 zephyr/kernel/libkernel.a(device.c.obj)
 .debug_ranges  0x0000000000001720       0x10 zephyr/kernel/libkernel.a(errno.c.obj)
 .debug_ranges  0x0000000000001730       0x90 zephyr/kernel/libkernel.a(fatal.c.obj)
 .debug_ranges  0x00000000000017c0       0xe0 zephyr/kernel/libkernel.a(init.c.obj)
 .debug_ranges  0x00000000000018a0       0xb8 zephyr/kernel/libkernel.a(mutex.c.obj)
 .debug_ranges  0x0000000000001958      0xe70 zephyr/kernel/libkernel.a(sched.c.obj)
 .debug_ranges  0x00000000000027c8      0x228 zephyr/kernel/libkernel.a(thread.c.obj)
 .debug_ranges  0x00000000000029f0       0x90 zephyr/kernel/libkernel.a(thread_abort.c.obj)
 .debug_ranges  0x0000000000002a80      0x560 zephyr/kernel/libkernel.a(timeout.c.obj)
 .debug_ranges  0x0000000000002fe0       0x48 zephyr/kernel/libkernel.a(idle.c.obj)
 .debug_ranges  0x0000000000003028       0xc8 zephyr/kernel/libkernel.a(kheap.c.obj)

.debug_macro
 *(SORT_BY_ALIGNMENT(.debug_macro))

.riscv.attributes
                0x0000000000000000       0x2a
 *(SORT_BY_ALIGNMENT(.riscv.attributes))
 .riscv.attributes
                0x0000000000000000       0x26 zephyr/CMakeFiles/zephyr_final.dir/misc/empty_file.c.obj
 .riscv.attributes
                0x0000000000000026       0x26 zephyr/CMakeFiles/zephyr_final.dir/isr_tables.c.obj
 .riscv.attributes
                0x000000000000004c       0x26 zephyr/CMakeFiles/offsets.dir/./arch/riscv/core/offsets/offsets.c.obj
 .riscv.attributes
                0x0000000000000072       0x26 app/libapp.a(main.c.obj)
 .riscv.attributes
                0x0000000000000098       0x26 zephyr/libzephyr.a(crc32_sw.c.obj)
 .riscv.attributes
                0x00000000000000be       0x26 zephyr/libzephyr.a(crc16_sw.c.obj)
 .riscv.attributes
                0x00000000000000e4       0x26 zephyr/libzephyr.a(crc8_sw.c.obj)
 .riscv.attributes
                0x000000000000010a       0x26 zephyr/libzephyr.a(crc7_sw.c.obj)
 .riscv.attributes
                0x0000000000000130       0x26 zephyr/libzephyr.a(dec.c.obj)
 .riscv.attributes
                0x0000000000000156       0x26 zephyr/libzephyr.a(fdtable.c.obj)
 .riscv.attributes
                0x000000000000017c       0x26 zephyr/libzephyr.a(hex.c.obj)
 .riscv.attributes
                0x00000000000001a2       0x2a zephyr/libzephyr.a(mempool.c.obj)
 .riscv.attributes
                0x00000000000001cc       0x26 zephyr/libzephyr.a(notify.c.obj)
 .riscv.attributes
                0x00000000000001f2       0x26 zephyr/libzephyr.a(printk.c.obj)
 .riscv.attributes
                0x0000000000000218       0x2a zephyr/libzephyr.a(onoff.c.obj)
 .riscv.attributes
                0x0000000000000242       0x26 zephyr/libzephyr.a(rb.c.obj)
 .riscv.attributes
                0x0000000000000268       0x26 zephyr/libzephyr.a(sem.c.obj)
 .riscv.attributes
                0x000000000000028e       0x26 zephyr/libzephyr.a(thread_entry.c.obj)
 .riscv.attributes
                0x00000000000002b4       0x26 zephyr/libzephyr.a(timeutil.c.obj)
 .riscv.attributes
                0x00000000000002da       0x26 zephyr/libzephyr.a(work_q.c.obj)
 .riscv.attributes
                0x0000000000000300       0x26 zephyr/libzephyr.a(heap.c.obj)
 .riscv.attributes
                0x0000000000000326       0x26 zephyr/libzephyr.a(heap-validate.c.obj)
 .riscv.attributes
                0x000000000000034c       0x26 zephyr/libzephyr.a(prf.c.obj)
 .riscv.attributes
                0x0000000000000372       0x26 zephyr/libzephyr.a(assert.c.obj)
 .riscv.attributes
                0x0000000000000398       0x26 zephyr/libzephyr.a(configs.c.obj)
 .riscv.attributes
                0x00000000000003be       0x28 zephyr/libzephyr.a(soc_irq.S.obj)
 .riscv.attributes
                0x00000000000003e6       0x28 zephyr/libzephyr.a(vector.S.obj)
 .riscv.attributes
                0x000000000000040e       0x2a zephyr/libzephyr.a(irq.c.obj)
 .riscv.attributes
                0x0000000000000438       0x26 zephyr/libzephyr.a(soc.c.obj)
 .riscv.attributes
                0x000000000000045e       0x26 zephyr/libzephyr.a(uart_console.c.obj)